<html>
<body>
<pre>
<h1>µVision Build Log</h1>
<h2>Tool Versions:</h2>
IDE-Version: ¦ÌVision V5.24.2.0
Copyright (C) 2017 ARM Ltd and ARM Germany GmbH. All rights reserved.
License Information: w e, wrt, LIC=GMZI6-D6PGB-JJJ6S-LAV0K-WQZ6S-HS0YR
 
Tool Versions:
Toolchain:       MDK-ARM Plus  Version: 5.24.1
Toolchain Path:  D:\Program Files (x86)\Keil5_24\ARM\ARMCC\Bin
C Compiler:      Armcc.exe V5.06 update 5 (build 528)
Assembler:       Armasm.exe V5.06 update 5 (build 528)
Linker/Locator:  ArmLink.exe V5.06 update 5 (build 528)
Library Manager: ArmAr.exe V5.06 update 5 (build 528)
Hex Converter:   FromElf.exe V5.06 update 5 (build 528)
CPU DLL:         SARMCM3.DLL V5.24.1
Dialog DLL:      DCM.DLL V1.16.0.0
Target DLL:      CMSIS_AGDI.dll V1.28.3.0
Dialog DLL:      TCM.DLL V1.32.0.0
 
<h2>Project:</h2>
E:\Learn\MCU Learn\STM32_MCU\STM32_DEMO\STM32F429\Project\Demo_Proj\PROJ\demo.uvprojx
Project File Date:  07/04/2020

<h2>Output:</h2>
*** Using Compiler 'V5.06 update 5 (build 528)', folder: 'D:\Program Files (x86)\Keil5_24\ARM\ARMCC\Bin'
Build target 'demo'
compiling stm32f4xx_hal.c...
compiling stm32f4xx_hal_flash.c...
compiling stm32f4xx_hal_cortex.c...
compiling stm32f4xx_hal_exti.c...
compiling stm32f4xx_hal_flash_ex.c...
compiling stm32f4xx_hal_gpio.c...
compiling stm32f4xx_hal_pwr.c...
compiling stm32f4xx_hal_pwr_ex.c...
compiling stm32f4xx_hal_rcc.c...
compiling stm32f4xx_hal_rcc_ex.c...
compiling stm32f4xx_hal_tim_ex.c...
compiling stm32f4xx_hal_uart.c...
compiling stm32f4xx_hal_dma.c...
compiling stm32f4xx_hal_usart.c...
compiling stm32f4xx_hal_dma_ex.c...
compiling stm32f4xx_hal_tim.c...
compiling main.c...
..\USER\main.c(79): warning:  #177-D: variable "cpu_clk_freq"  was declared but never referenced
  	CPU_INT32U	cpu_clk_freq;
..\USER\main.c(80): warning:  #177-D: variable "cnts"  was declared but never referenced
  	CPU_INT32U	cnts;
..\USER\main.c(6): warning:  #177-D: variable "Led2TaskTCB"  was declared but never referenced
  static OS_TCB		Led2TaskTCB;
..\USER\main.c(7): warning:  #177-D: variable "Led3TaskTCB"  was declared but never referenced
  static OS_TCB		Led3TaskTCB;
..\USER\main.c(13): warning:  #177-D: variable "Led2TaskStk"  was declared but never referenced
  static CPU_STK		Led2TaskStk[APP_TASK_LED2_STK_SIZE];
..\USER\main.c(14): warning:  #177-D: variable "Led3TaskStk"  was declared but never referenced
  static CPU_STK		Led3TaskStk[APP_TASK_LED3_STK_SIZE];
..\USER\main.c(164): warning:  #177-D: function "Led2_Task"  was declared but never referenced
  static void Led2_Task(void *p_arg)
..\USER\main.c(178): warning:  #177-D: function "Led3_Task"  was declared but never referenced
  static void Led3_Task(void *p_arg)
..\USER\main.c: 8 warnings, 0 errors
compiling stm32f4xx_it.c...
compiling system_stm32f4xx.c...
compiling led.c...
compiling delay.c...
compiling sys.c...
compiling bsp.c...
linking...
Program Size: Code=14836 RO-data=996 RW-data=208 ZI-data=16624  
".\Objects\demo.axf" - 0 Error(s), 8 Warning(s).

<h2>Software Packages used:</h2>

Package Vendor: Keil
                http://www.keil.com/pack/Keil.STM32F4xx_DFP.2.11.0.pack
                Keil.STM32F4xx_DFP.2.11.0
                STMicroelectronics STM32F4 Series Device Support, Drivers and Examples

<h2>Collection of Component include folders:</h2>
  .\RTE\_demo
  D:\Program Files (x86)\Keil5_24\ARM\PACK\Keil\STM32F4xx_DFP\2.11.0\Drivers\CMSIS\Device\ST\STM32F4xx\Include

<h2>Collection of Component Files used:</h2>
Build Time Elapsed:  00:01:39
</pre>
</body>
</html>
