<!doctype html public "-//w3c//dtd html 4.0 transitional//en">
<html><head>
<title>Static Call Graph - [.\Objects\demo.axf]</title></head>
<body><HR>
<H1>Static Call Graph for image .\Objects\demo.axf</H1><HR>
<BR><P>#&#060CALLGRAPH&#062# ARM Linker, 5060528: Last Updated: Sat Aug 01 22:26:45 2020
<BR><P>
<H3>Maximum Stack Usage =        240 bytes + Unknown(Functions without stacksize, Cycles, Untraceable Function Pointers)</H3><H3>
Call chain for Maximum Stack Depth:</H3>
__rt_entry_main &rArr; main &rArr; Stm32_Clock_Init &rArr; HAL_RCC_ClockConfig &rArr; HAL_RCC_GetSysClockFreq &rArr; __aeabi_uldivmod
<P>
<H3>
Functions with no stack information
</H3><UL>
 <LI><a href="#[83]">__user_initial_stackheap</a>
 <LI><a href="#[11d]">CPU_IntDis</a>
 <LI><a href="#[11e]">CPU_IntEn</a>
 <LI><a href="#[91]">CPU_SR_Save</a>
 <LI><a href="#[93]">CPU_SR_Restore</a>
 <LI><a href="#[11f]">CPU_WaitForInt</a>
 <LI><a href="#[120]">CPU_WaitForExcept</a>
 <LI><a href="#[ee]">CPU_CntLeadZeros</a>
 <LI><a href="#[121]">CPU_CntTrailZeros</a>
 <LI><a href="#[122]">CPU_RevBits</a>
 <LI><a href="#[df]">OS_CPU_FP_Reg_Push</a>
 <LI><a href="#[e0]">OS_CPU_FP_Reg_Pop</a>
 <LI><a href="#[d0]">OSStartHighRdy</a>
 <LI><a href="#[ca]">OSCtxSw</a>
 <LI><a href="#[b9]">OSIntCtxSw</a>
 <LI><a href="#[b]">PendSV_Handler</a>
</UL>
</UL>
<P>
<H3>
Mutually Recursive functions
</H3> <LI><a href="#[9]">SVC_Handler</a>&nbsp;&nbsp;&nbsp;&rArr;&nbsp;&nbsp;&nbsp;<a href="#[9]">SVC_Handler</a><BR>
 <LI><a href="#[1f]">ADC_IRQHandler</a>&nbsp;&nbsp;&nbsp;&rArr;&nbsp;&nbsp;&nbsp;<a href="#[1f]">ADC_IRQHandler</a><BR>
</UL>
<P>
<H3>
Function Pointers
</H3><UL>
 <LI><a href="#[1f]">ADC_IRQHandler</a> from startup_stm32f429xx.o(.text) referenced from startup_stm32f429xx.o(RESET)
 <LI><a href="#[6e]">AppStart_Task</a> from main.o(i.AppStart_Task) referenced from main.o(i.main)
 <LI><a href="#[7]">BusFault_Handler</a> from stm32f4xx_it.o(i.BusFault_Handler) referenced from startup_stm32f429xx.o(RESET)
 <LI><a href="#[21]">CAN1_RX0_IRQHandler</a> from startup_stm32f429xx.o(.text) referenced from startup_stm32f429xx.o(RESET)
 <LI><a href="#[22]">CAN1_RX1_IRQHandler</a> from startup_stm32f429xx.o(.text) referenced from startup_stm32f429xx.o(RESET)
 <LI><a href="#[23]">CAN1_SCE_IRQHandler</a> from startup_stm32f429xx.o(.text) referenced from startup_stm32f429xx.o(RESET)
 <LI><a href="#[20]">CAN1_TX_IRQHandler</a> from startup_stm32f429xx.o(.text) referenced from startup_stm32f429xx.o(RESET)
 <LI><a href="#[4d]">CAN2_RX0_IRQHandler</a> from startup_stm32f429xx.o(.text) referenced from startup_stm32f429xx.o(RESET)
 <LI><a href="#[4e]">CAN2_RX1_IRQHandler</a> from startup_stm32f429xx.o(.text) referenced from startup_stm32f429xx.o(RESET)
 <LI><a href="#[4f]">CAN2_SCE_IRQHandler</a> from startup_stm32f429xx.o(.text) referenced from startup_stm32f429xx.o(RESET)
 <LI><a href="#[4c]">CAN2_TX_IRQHandler</a> from startup_stm32f429xx.o(.text) referenced from startup_stm32f429xx.o(RESET)
 <LI><a href="#[5b]">DCMI_IRQHandler</a> from startup_stm32f429xx.o(.text) referenced from startup_stm32f429xx.o(RESET)
 <LI><a href="#[18]">DMA1_Stream0_IRQHandler</a> from startup_stm32f429xx.o(.text) referenced from startup_stm32f429xx.o(RESET)
 <LI><a href="#[19]">DMA1_Stream1_IRQHandler</a> from startup_stm32f429xx.o(.text) referenced from startup_stm32f429xx.o(RESET)
 <LI><a href="#[1a]">DMA1_Stream2_IRQHandler</a> from startup_stm32f429xx.o(.text) referenced from startup_stm32f429xx.o(RESET)
 <LI><a href="#[1b]">DMA1_Stream3_IRQHandler</a> from startup_stm32f429xx.o(.text) referenced from startup_stm32f429xx.o(RESET)
 <LI><a href="#[1c]">DMA1_Stream4_IRQHandler</a> from startup_stm32f429xx.o(.text) referenced from startup_stm32f429xx.o(RESET)
 <LI><a href="#[1d]">DMA1_Stream5_IRQHandler</a> from startup_stm32f429xx.o(.text) referenced from startup_stm32f429xx.o(RESET)
 <LI><a href="#[1e]">DMA1_Stream6_IRQHandler</a> from startup_stm32f429xx.o(.text) referenced from startup_stm32f429xx.o(RESET)
 <LI><a href="#[3c]">DMA1_Stream7_IRQHandler</a> from startup_stm32f429xx.o(.text) referenced from startup_stm32f429xx.o(RESET)
 <LI><a href="#[66]">DMA2D_IRQHandler</a> from startup_stm32f429xx.o(.text) referenced from startup_stm32f429xx.o(RESET)
 <LI><a href="#[45]">DMA2_Stream0_IRQHandler</a> from startup_stm32f429xx.o(.text) referenced from startup_stm32f429xx.o(RESET)
 <LI><a href="#[46]">DMA2_Stream1_IRQHandler</a> from startup_stm32f429xx.o(.text) referenced from startup_stm32f429xx.o(RESET)
 <LI><a href="#[47]">DMA2_Stream2_IRQHandler</a> from startup_stm32f429xx.o(.text) referenced from startup_stm32f429xx.o(RESET)
 <LI><a href="#[48]">DMA2_Stream3_IRQHandler</a> from startup_stm32f429xx.o(.text) referenced from startup_stm32f429xx.o(RESET)
 <LI><a href="#[49]">DMA2_Stream4_IRQHandler</a> from startup_stm32f429xx.o(.text) referenced from startup_stm32f429xx.o(RESET)
 <LI><a href="#[51]">DMA2_Stream5_IRQHandler</a> from startup_stm32f429xx.o(.text) referenced from startup_stm32f429xx.o(RESET)
 <LI><a href="#[52]">DMA2_Stream6_IRQHandler</a> from startup_stm32f429xx.o(.text) referenced from startup_stm32f429xx.o(RESET)
 <LI><a href="#[53]">DMA2_Stream7_IRQHandler</a> from startup_stm32f429xx.o(.text) referenced from startup_stm32f429xx.o(RESET)
 <LI><a href="#[a]">DebugMon_Handler</a> from stm32f4xx_it.o(i.DebugMon_Handler) referenced from startup_stm32f429xx.o(RESET)
 <LI><a href="#[4a]">ETH_IRQHandler</a> from startup_stm32f429xx.o(.text) referenced from startup_stm32f429xx.o(RESET)
 <LI><a href="#[4b]">ETH_WKUP_IRQHandler</a> from startup_stm32f429xx.o(.text) referenced from startup_stm32f429xx.o(RESET)
 <LI><a href="#[13]">EXTI0_IRQHandler</a> from startup_stm32f429xx.o(.text) referenced from startup_stm32f429xx.o(RESET)
 <LI><a href="#[35]">EXTI15_10_IRQHandler</a> from startup_stm32f429xx.o(.text) referenced from startup_stm32f429xx.o(RESET)
 <LI><a href="#[14]">EXTI1_IRQHandler</a> from startup_stm32f429xx.o(.text) referenced from startup_stm32f429xx.o(RESET)
 <LI><a href="#[15]">EXTI2_IRQHandler</a> from startup_stm32f429xx.o(.text) referenced from startup_stm32f429xx.o(RESET)
 <LI><a href="#[16]">EXTI3_IRQHandler</a> from startup_stm32f429xx.o(.text) referenced from startup_stm32f429xx.o(RESET)
 <LI><a href="#[17]">EXTI4_IRQHandler</a> from startup_stm32f429xx.o(.text) referenced from startup_stm32f429xx.o(RESET)
 <LI><a href="#[24]">EXTI9_5_IRQHandler</a> from startup_stm32f429xx.o(.text) referenced from startup_stm32f429xx.o(RESET)
 <LI><a href="#[11]">FLASH_IRQHandler</a> from startup_stm32f429xx.o(.text) referenced from startup_stm32f429xx.o(RESET)
 <LI><a href="#[3d]">FMC_IRQHandler</a> from startup_stm32f429xx.o(.text) referenced from startup_stm32f429xx.o(RESET)
 <LI><a href="#[5d]">FPU_IRQHandler</a> from startup_stm32f429xx.o(.text) referenced from startup_stm32f429xx.o(RESET)
 <LI><a href="#[5c]">HASH_RNG_IRQHandler</a> from startup_stm32f429xx.o(.text) referenced from startup_stm32f429xx.o(RESET)
 <LI><a href="#[5]">HardFault_Handler</a> from stm32f4xx_it.o(i.HardFault_Handler) referenced from startup_stm32f429xx.o(RESET)
 <LI><a href="#[2d]">I2C1_ER_IRQHandler</a> from startup_stm32f429xx.o(.text) referenced from startup_stm32f429xx.o(RESET)
 <LI><a href="#[2c]">I2C1_EV_IRQHandler</a> from startup_stm32f429xx.o(.text) referenced from startup_stm32f429xx.o(RESET)
 <LI><a href="#[2f]">I2C2_ER_IRQHandler</a> from startup_stm32f429xx.o(.text) referenced from startup_stm32f429xx.o(RESET)
 <LI><a href="#[2e]">I2C2_EV_IRQHandler</a> from startup_stm32f429xx.o(.text) referenced from startup_stm32f429xx.o(RESET)
 <LI><a href="#[56]">I2C3_ER_IRQHandler</a> from startup_stm32f429xx.o(.text) referenced from startup_stm32f429xx.o(RESET)
 <LI><a href="#[55]">I2C3_EV_IRQHandler</a> from startup_stm32f429xx.o(.text) referenced from startup_stm32f429xx.o(RESET)
 <LI><a href="#[65]">LTDC_ER_IRQHandler</a> from startup_stm32f429xx.o(.text) referenced from startup_stm32f429xx.o(RESET)
 <LI><a href="#[64]">LTDC_IRQHandler</a> from startup_stm32f429xx.o(.text) referenced from startup_stm32f429xx.o(RESET)
 <LI><a href="#[69]">Led1_Task</a> from main.o(i.Led1_Task) referenced from main.o(i.AppStart_Task)
 <LI><a href="#[6]">MemManage_Handler</a> from stm32f4xx_it.o(i.MemManage_Handler) referenced from startup_stm32f429xx.o(RESET)
 <LI><a href="#[4]">NMI_Handler</a> from stm32f4xx_it.o(i.NMI_Handler) referenced from startup_stm32f429xx.o(RESET)
 <LI><a href="#[6b]">OS_IdleTask</a> from os_core.o(i.OS_IdleTask) referenced from os_core.o(i.OS_IdleTaskInit)
 <LI><a href="#[6a]">OS_TaskReturn</a> from os_task.o(i.OS_TaskReturn) referenced from os_cpu_c.o(i.OSTaskStkInit)
 <LI><a href="#[6c]">OS_TickTask</a> from os_tick.o(i.OS_TickTask) referenced from os_tick.o(i.OS_TickTaskInit)
 <LI><a href="#[6d]">OS_TmrTask</a> from os_tmr.o(i.OS_TmrTask) referenced from os_tmr.o(i.OS_TmrInit)
 <LI><a href="#[50]">OTG_FS_IRQHandler</a> from startup_stm32f429xx.o(.text) referenced from startup_stm32f429xx.o(RESET)
 <LI><a href="#[37]">OTG_FS_WKUP_IRQHandler</a> from startup_stm32f429xx.o(.text) referenced from startup_stm32f429xx.o(RESET)
 <LI><a href="#[58]">OTG_HS_EP1_IN_IRQHandler</a> from startup_stm32f429xx.o(.text) referenced from startup_stm32f429xx.o(RESET)
 <LI><a href="#[57]">OTG_HS_EP1_OUT_IRQHandler</a> from startup_stm32f429xx.o(.text) referenced from startup_stm32f429xx.o(RESET)
 <LI><a href="#[5a]">OTG_HS_IRQHandler</a> from startup_stm32f429xx.o(.text) referenced from startup_stm32f429xx.o(RESET)
 <LI><a href="#[59]">OTG_HS_WKUP_IRQHandler</a> from startup_stm32f429xx.o(.text) referenced from startup_stm32f429xx.o(RESET)
 <LI><a href="#[e]">PVD_IRQHandler</a> from startup_stm32f429xx.o(.text) referenced from startup_stm32f429xx.o(RESET)
 <LI><a href="#[b]">PendSV_Handler</a> from os_cpu_a.o(.text) referenced from startup_stm32f429xx.o(RESET)
 <LI><a href="#[12]">RCC_IRQHandler</a> from startup_stm32f429xx.o(.text) referenced from startup_stm32f429xx.o(RESET)
 <LI><a href="#[36]">RTC_Alarm_IRQHandler</a> from startup_stm32f429xx.o(.text) referenced from startup_stm32f429xx.o(RESET)
 <LI><a href="#[10]">RTC_WKUP_IRQHandler</a> from startup_stm32f429xx.o(.text) referenced from startup_stm32f429xx.o(RESET)
 <LI><a href="#[3]">Reset_Handler</a> from startup_stm32f429xx.o(.text) referenced from startup_stm32f429xx.o(RESET)
 <LI><a href="#[63]">SAI1_IRQHandler</a> from startup_stm32f429xx.o(.text) referenced from startup_stm32f429xx.o(RESET)
 <LI><a href="#[3e]">SDIO_IRQHandler</a> from startup_stm32f429xx.o(.text) referenced from startup_stm32f429xx.o(RESET)
 <LI><a href="#[30]">SPI1_IRQHandler</a> from startup_stm32f429xx.o(.text) referenced from startup_stm32f429xx.o(RESET)
 <LI><a href="#[31]">SPI2_IRQHandler</a> from startup_stm32f429xx.o(.text) referenced from startup_stm32f429xx.o(RESET)
 <LI><a href="#[40]">SPI3_IRQHandler</a> from startup_stm32f429xx.o(.text) referenced from startup_stm32f429xx.o(RESET)
 <LI><a href="#[60]">SPI4_IRQHandler</a> from startup_stm32f429xx.o(.text) referenced from startup_stm32f429xx.o(RESET)
 <LI><a href="#[61]">SPI5_IRQHandler</a> from startup_stm32f429xx.o(.text) referenced from startup_stm32f429xx.o(RESET)
 <LI><a href="#[62]">SPI6_IRQHandler</a> from startup_stm32f429xx.o(.text) referenced from startup_stm32f429xx.o(RESET)
 <LI><a href="#[9]">SVC_Handler</a> from startup_stm32f429xx.o(.text) referenced from startup_stm32f429xx.o(RESET)
 <LI><a href="#[c]">SysTick_Handler</a> from stm32f4xx_it.o(i.SysTick_Handler) referenced from startup_stm32f429xx.o(RESET)
 <LI><a href="#[67]">SystemInit</a> from system_stm32f4xx.o(i.SystemInit) referenced from startup_stm32f429xx.o(.text)
 <LI><a href="#[f]">TAMP_STAMP_IRQHandler</a> from startup_stm32f429xx.o(.text) referenced from startup_stm32f429xx.o(RESET)
 <LI><a href="#[25]">TIM1_BRK_TIM9_IRQHandler</a> from startup_stm32f429xx.o(.text) referenced from startup_stm32f429xx.o(RESET)
 <LI><a href="#[28]">TIM1_CC_IRQHandler</a> from startup_stm32f429xx.o(.text) referenced from startup_stm32f429xx.o(RESET)
 <LI><a href="#[27]">TIM1_TRG_COM_TIM11_IRQHandler</a> from startup_stm32f429xx.o(.text) referenced from startup_stm32f429xx.o(RESET)
 <LI><a href="#[26]">TIM1_UP_TIM10_IRQHandler</a> from startup_stm32f429xx.o(.text) referenced from startup_stm32f429xx.o(RESET)
 <LI><a href="#[29]">TIM2_IRQHandler</a> from startup_stm32f429xx.o(.text) referenced from startup_stm32f429xx.o(RESET)
 <LI><a href="#[2a]">TIM3_IRQHandler</a> from startup_stm32f429xx.o(.text) referenced from startup_stm32f429xx.o(RESET)
 <LI><a href="#[2b]">TIM4_IRQHandler</a> from startup_stm32f429xx.o(.text) referenced from startup_stm32f429xx.o(RESET)
 <LI><a href="#[3f]">TIM5_IRQHandler</a> from startup_stm32f429xx.o(.text) referenced from startup_stm32f429xx.o(RESET)
 <LI><a href="#[43]">TIM6_DAC_IRQHandler</a> from startup_stm32f429xx.o(.text) referenced from startup_stm32f429xx.o(RESET)
 <LI><a href="#[44]">TIM7_IRQHandler</a> from startup_stm32f429xx.o(.text) referenced from startup_stm32f429xx.o(RESET)
 <LI><a href="#[38]">TIM8_BRK_TIM12_IRQHandler</a> from startup_stm32f429xx.o(.text) referenced from startup_stm32f429xx.o(RESET)
 <LI><a href="#[3b]">TIM8_CC_IRQHandler</a> from startup_stm32f429xx.o(.text) referenced from startup_stm32f429xx.o(RESET)
 <LI><a href="#[3a]">TIM8_TRG_COM_TIM14_IRQHandler</a> from startup_stm32f429xx.o(.text) referenced from startup_stm32f429xx.o(RESET)
 <LI><a href="#[39]">TIM8_UP_TIM13_IRQHandler</a> from startup_stm32f429xx.o(.text) referenced from startup_stm32f429xx.o(RESET)
 <LI><a href="#[41]">UART4_IRQHandler</a> from startup_stm32f429xx.o(.text) referenced from startup_stm32f429xx.o(RESET)
 <LI><a href="#[42]">UART5_IRQHandler</a> from startup_stm32f429xx.o(.text) referenced from startup_stm32f429xx.o(RESET)
 <LI><a href="#[5e]">UART7_IRQHandler</a> from startup_stm32f429xx.o(.text) referenced from startup_stm32f429xx.o(RESET)
 <LI><a href="#[5f]">UART8_IRQHandler</a> from startup_stm32f429xx.o(.text) referenced from startup_stm32f429xx.o(RESET)
 <LI><a href="#[32]">USART1_IRQHandler</a> from startup_stm32f429xx.o(.text) referenced from startup_stm32f429xx.o(RESET)
 <LI><a href="#[33]">USART2_IRQHandler</a> from startup_stm32f429xx.o(.text) referenced from startup_stm32f429xx.o(RESET)
 <LI><a href="#[34]">USART3_IRQHandler</a> from startup_stm32f429xx.o(.text) referenced from startup_stm32f429xx.o(RESET)
 <LI><a href="#[54]">USART6_IRQHandler</a> from startup_stm32f429xx.o(.text) referenced from startup_stm32f429xx.o(RESET)
 <LI><a href="#[8]">UsageFault_Handler</a> from stm32f4xx_it.o(i.UsageFault_Handler) referenced from startup_stm32f429xx.o(RESET)
 <LI><a href="#[d]">WWDG_IRQHandler</a> from startup_stm32f429xx.o(.text) referenced from startup_stm32f429xx.o(RESET)
 <LI><a href="#[6f]">__main</a> from __main.o(!!!main) referenced from startup_stm32f429xx.o(.text)
</UL>
<P>
<H3>
Global Symbols
</H3>
<P><STRONG><a name="[6f]"></a>__main</STRONG> (Thumb, 8 bytes, Stack size 0 bytes, __main.o(!!!main))
<BR><BR>[Calls]<UL><LI><a href="#[70]">&gt;&gt;</a>&nbsp;&nbsp;&nbsp;__scatterload
<LI><a href="#[71]">&gt;&gt;</a>&nbsp;&nbsp;&nbsp;__rt_entry
</UL>

<P><STRONG><a name="[70]"></a>__scatterload</STRONG> (Thumb, 0 bytes, Stack size unknown bytes, __scatter.o(!!!scatter))
<BR><BR>[Called By]<UL><LI><a href="#[6f]">&gt;&gt;</a>&nbsp;&nbsp;&nbsp;__main
</UL>

<P><STRONG><a name="[72]"></a>__scatterload_rt2</STRONG> (Thumb, 44 bytes, Stack size unknown bytes, __scatter.o(!!!scatter), UNUSED)
<BR><BR>[Calls]<UL><LI><a href="#[71]">&gt;&gt;</a>&nbsp;&nbsp;&nbsp;__rt_entry
</UL>

<P><STRONG><a name="[fb]"></a>__scatterload_rt2_thumb_only</STRONG> (Thumb, 0 bytes, Stack size unknown bytes, __scatter.o(!!!scatter), UNUSED)

<P><STRONG><a name="[fc]"></a>__scatterload_null</STRONG> (Thumb, 0 bytes, Stack size unknown bytes, __scatter.o(!!!scatter), UNUSED)

<P><STRONG><a name="[73]"></a>__scatterload_copy</STRONG> (Thumb, 26 bytes, Stack size unknown bytes, __scatter_copy.o(!!handler_copy), UNUSED)
<BR><BR>[Calls]<UL><LI><a href="#[73]">&gt;&gt;</a>&nbsp;&nbsp;&nbsp;__scatterload_copy
</UL>
<BR>[Called By]<UL><LI><a href="#[73]">&gt;&gt;</a>&nbsp;&nbsp;&nbsp;__scatterload_copy
</UL>

<P><STRONG><a name="[fd]"></a>__scatterload_zeroinit</STRONG> (Thumb, 28 bytes, Stack size unknown bytes, __scatter_zi.o(!!handler_zi), UNUSED)

<P><STRONG><a name="[79]"></a>__rt_lib_init</STRONG> (Thumb, 0 bytes, Stack size unknown bytes, libinit.o(.ARM.Collect$$libinit$$00000000))
<BR><BR>[Called By]<UL><LI><a href="#[78]">&gt;&gt;</a>&nbsp;&nbsp;&nbsp;__rt_entry_li
</UL>

<P><STRONG><a name="[74]"></a>__rt_lib_init_fp_1</STRONG> (Thumb, 0 bytes, Stack size unknown bytes, libinit2.o(.ARM.Collect$$libinit$$00000001))
<BR><BR>[Calls]<UL><LI><a href="#[75]">&gt;&gt;</a>&nbsp;&nbsp;&nbsp;_fp_init
</UL>

<P><STRONG><a name="[fe]"></a>__rt_lib_init_alloca_1</STRONG> (Thumb, 0 bytes, Stack size unknown bytes, libinit2.o(.ARM.Collect$$libinit$$0000002E))

<P><STRONG><a name="[ff]"></a>__rt_lib_init_argv_1</STRONG> (Thumb, 0 bytes, Stack size unknown bytes, libinit2.o(.ARM.Collect$$libinit$$0000002C))

<P><STRONG><a name="[100]"></a>__rt_lib_init_atexit_1</STRONG> (Thumb, 0 bytes, Stack size unknown bytes, libinit2.o(.ARM.Collect$$libinit$$0000001B))

<P><STRONG><a name="[101]"></a>__rt_lib_init_clock_1</STRONG> (Thumb, 0 bytes, Stack size unknown bytes, libinit2.o(.ARM.Collect$$libinit$$00000021))

<P><STRONG><a name="[102]"></a>__rt_lib_init_cpp_1</STRONG> (Thumb, 0 bytes, Stack size unknown bytes, libinit2.o(.ARM.Collect$$libinit$$00000032))

<P><STRONG><a name="[103]"></a>__rt_lib_init_exceptions_1</STRONG> (Thumb, 0 bytes, Stack size unknown bytes, libinit2.o(.ARM.Collect$$libinit$$00000030))

<P><STRONG><a name="[104]"></a>__rt_lib_init_fp_trap_1</STRONG> (Thumb, 0 bytes, Stack size unknown bytes, libinit2.o(.ARM.Collect$$libinit$$0000001F))

<P><STRONG><a name="[105]"></a>__rt_lib_init_getenv_1</STRONG> (Thumb, 0 bytes, Stack size unknown bytes, libinit2.o(.ARM.Collect$$libinit$$00000023))

<P><STRONG><a name="[106]"></a>__rt_lib_init_heap_1</STRONG> (Thumb, 0 bytes, Stack size unknown bytes, libinit2.o(.ARM.Collect$$libinit$$0000000A))

<P><STRONG><a name="[107]"></a>__rt_lib_init_lc_collate_1</STRONG> (Thumb, 0 bytes, Stack size unknown bytes, libinit2.o(.ARM.Collect$$libinit$$00000011))

<P><STRONG><a name="[108]"></a>__rt_lib_init_lc_ctype_1</STRONG> (Thumb, 0 bytes, Stack size unknown bytes, libinit2.o(.ARM.Collect$$libinit$$00000013))

<P><STRONG><a name="[109]"></a>__rt_lib_init_lc_monetary_1</STRONG> (Thumb, 0 bytes, Stack size unknown bytes, libinit2.o(.ARM.Collect$$libinit$$00000015))

<P><STRONG><a name="[10a]"></a>__rt_lib_init_lc_numeric_1</STRONG> (Thumb, 0 bytes, Stack size unknown bytes, libinit2.o(.ARM.Collect$$libinit$$00000017))

<P><STRONG><a name="[10b]"></a>__rt_lib_init_lc_time_1</STRONG> (Thumb, 0 bytes, Stack size unknown bytes, libinit2.o(.ARM.Collect$$libinit$$00000019))

<P><STRONG><a name="[10c]"></a>__rt_lib_init_preinit_1</STRONG> (Thumb, 0 bytes, Stack size unknown bytes, libinit2.o(.ARM.Collect$$libinit$$00000004))

<P><STRONG><a name="[10d]"></a>__rt_lib_init_rand_1</STRONG> (Thumb, 0 bytes, Stack size unknown bytes, libinit2.o(.ARM.Collect$$libinit$$0000000E))

<P><STRONG><a name="[10e]"></a>__rt_lib_init_return</STRONG> (Thumb, 0 bytes, Stack size unknown bytes, libinit2.o(.ARM.Collect$$libinit$$00000033))

<P><STRONG><a name="[10f]"></a>__rt_lib_init_signal_1</STRONG> (Thumb, 0 bytes, Stack size unknown bytes, libinit2.o(.ARM.Collect$$libinit$$0000001D))

<P><STRONG><a name="[110]"></a>__rt_lib_init_stdio_1</STRONG> (Thumb, 0 bytes, Stack size unknown bytes, libinit2.o(.ARM.Collect$$libinit$$00000025))

<P><STRONG><a name="[111]"></a>__rt_lib_init_user_alloc_1</STRONG> (Thumb, 0 bytes, Stack size unknown bytes, libinit2.o(.ARM.Collect$$libinit$$0000000C))

<P><STRONG><a name="[7e]"></a>__rt_lib_shutdown</STRONG> (Thumb, 0 bytes, Stack size unknown bytes, libshutdown.o(.ARM.Collect$$libshutdown$$00000000))
<BR><BR>[Called By]<UL><LI><a href="#[7d]">&gt;&gt;</a>&nbsp;&nbsp;&nbsp;__rt_exit_ls
</UL>

<P><STRONG><a name="[112]"></a>__rt_lib_shutdown_cpp_1</STRONG> (Thumb, 0 bytes, Stack size unknown bytes, libshutdown2.o(.ARM.Collect$$libshutdown$$00000002))

<P><STRONG><a name="[113]"></a>__rt_lib_shutdown_fp_trap_1</STRONG> (Thumb, 0 bytes, Stack size unknown bytes, libshutdown2.o(.ARM.Collect$$libshutdown$$00000007))

<P><STRONG><a name="[114]"></a>__rt_lib_shutdown_heap_1</STRONG> (Thumb, 0 bytes, Stack size unknown bytes, libshutdown2.o(.ARM.Collect$$libshutdown$$0000000F))

<P><STRONG><a name="[115]"></a>__rt_lib_shutdown_return</STRONG> (Thumb, 0 bytes, Stack size unknown bytes, libshutdown2.o(.ARM.Collect$$libshutdown$$00000010))

<P><STRONG><a name="[116]"></a>__rt_lib_shutdown_signal_1</STRONG> (Thumb, 0 bytes, Stack size unknown bytes, libshutdown2.o(.ARM.Collect$$libshutdown$$0000000A))

<P><STRONG><a name="[117]"></a>__rt_lib_shutdown_stdio_1</STRONG> (Thumb, 0 bytes, Stack size unknown bytes, libshutdown2.o(.ARM.Collect$$libshutdown$$00000004))

<P><STRONG><a name="[118]"></a>__rt_lib_shutdown_user_alloc_1</STRONG> (Thumb, 0 bytes, Stack size unknown bytes, libshutdown2.o(.ARM.Collect$$libshutdown$$0000000C))

<P><STRONG><a name="[71]"></a>__rt_entry</STRONG> (Thumb, 0 bytes, Stack size unknown bytes, __rtentry.o(.ARM.Collect$$rtentry$$00000000))
<BR><BR>[Called By]<UL><LI><a href="#[72]">&gt;&gt;</a>&nbsp;&nbsp;&nbsp;__scatterload_rt2
<LI><a href="#[6f]">&gt;&gt;</a>&nbsp;&nbsp;&nbsp;__main
</UL>

<P><STRONG><a name="[119]"></a>__rt_entry_presh_1</STRONG> (Thumb, 0 bytes, Stack size unknown bytes, __rtentry2.o(.ARM.Collect$$rtentry$$00000002))

<P><STRONG><a name="[76]"></a>__rt_entry_sh</STRONG> (Thumb, 0 bytes, Stack size unknown bytes, __rtentry4.o(.ARM.Collect$$rtentry$$00000004))
<BR><BR>[Stack]<UL><LI>Max Depth = 8 + Unknown Stack Size
<LI>Call Chain = __rt_entry_sh &rArr; __user_setup_stackheap
</UL>
<BR>[Calls]<UL><LI><a href="#[77]">&gt;&gt;</a>&nbsp;&nbsp;&nbsp;__user_setup_stackheap
</UL>

<P><STRONG><a name="[78]"></a>__rt_entry_li</STRONG> (Thumb, 0 bytes, Stack size unknown bytes, __rtentry2.o(.ARM.Collect$$rtentry$$0000000A))
<BR><BR>[Calls]<UL><LI><a href="#[79]">&gt;&gt;</a>&nbsp;&nbsp;&nbsp;__rt_lib_init
</UL>

<P><STRONG><a name="[11a]"></a>__rt_entry_postsh_1</STRONG> (Thumb, 0 bytes, Stack size unknown bytes, __rtentry2.o(.ARM.Collect$$rtentry$$00000009))

<P><STRONG><a name="[7a]"></a>__rt_entry_main</STRONG> (Thumb, 0 bytes, Stack size unknown bytes, __rtentry2.o(.ARM.Collect$$rtentry$$0000000D))
<BR><BR>[Stack]<UL><LI>Max Depth = 240 + Unknown Stack Size
<LI>Call Chain = __rt_entry_main &rArr; main &rArr; Stm32_Clock_Init &rArr; HAL_RCC_ClockConfig &rArr; HAL_RCC_GetSysClockFreq &rArr; __aeabi_uldivmod
</UL>
<BR>[Calls]<UL><LI><a href="#[7b]">&gt;&gt;</a>&nbsp;&nbsp;&nbsp;main
<LI><a href="#[7c]">&gt;&gt;</a>&nbsp;&nbsp;&nbsp;exit
</UL>

<P><STRONG><a name="[11b]"></a>__rt_entry_postli_1</STRONG> (Thumb, 0 bytes, Stack size unknown bytes, __rtentry2.o(.ARM.Collect$$rtentry$$0000000C))

<P><STRONG><a name="[84]"></a>__rt_exit</STRONG> (Thumb, 0 bytes, Stack size unknown bytes, rtexit.o(.ARM.Collect$$rtexit$$00000000))
<BR><BR>[Called By]<UL><LI><a href="#[7c]">&gt;&gt;</a>&nbsp;&nbsp;&nbsp;exit
</UL>

<P><STRONG><a name="[7d]"></a>__rt_exit_ls</STRONG> (Thumb, 0 bytes, Stack size unknown bytes, rtexit2.o(.ARM.Collect$$rtexit$$00000003))
<BR><BR>[Calls]<UL><LI><a href="#[7e]">&gt;&gt;</a>&nbsp;&nbsp;&nbsp;__rt_lib_shutdown
</UL>

<P><STRONG><a name="[11c]"></a>__rt_exit_prels_1</STRONG> (Thumb, 0 bytes, Stack size unknown bytes, rtexit2.o(.ARM.Collect$$rtexit$$00000002))

<P><STRONG><a name="[7f]"></a>__rt_exit_exit</STRONG> (Thumb, 0 bytes, Stack size unknown bytes, rtexit2.o(.ARM.Collect$$rtexit$$00000004))
<BR><BR>[Calls]<UL><LI><a href="#[80]">&gt;&gt;</a>&nbsp;&nbsp;&nbsp;_sys_exit
</UL>

<P><STRONG><a name="[3]"></a>Reset_Handler</STRONG> (Thumb, 8 bytes, Stack size 0 bytes, startup_stm32f429xx.o(.text))
<BR>[Address Reference Count : 1]<UL><LI> startup_stm32f429xx.o(RESET)
</UL>
<P><STRONG><a name="[9]"></a>SVC_Handler</STRONG> (Thumb, 2 bytes, Stack size 0 bytes, startup_stm32f429xx.o(.text))
<BR><BR>[Calls]<UL><LI><a href="#[9]">&gt;&gt;</a>&nbsp;&nbsp;&nbsp;SVC_Handler
</UL>
<BR>[Called By]<UL><LI><a href="#[9]">&gt;&gt;</a>&nbsp;&nbsp;&nbsp;SVC_Handler
</UL>
<BR>[Address Reference Count : 1]<UL><LI> startup_stm32f429xx.o(RESET)
</UL>
<P><STRONG><a name="[1f]"></a>ADC_IRQHandler</STRONG> (Thumb, 0 bytes, Stack size 0 bytes, startup_stm32f429xx.o(.text))
<BR><BR>[Calls]<UL><LI><a href="#[1f]">&gt;&gt;</a>&nbsp;&nbsp;&nbsp;ADC_IRQHandler
</UL>
<BR>[Called By]<UL><LI><a href="#[1f]">&gt;&gt;</a>&nbsp;&nbsp;&nbsp;ADC_IRQHandler
</UL>
<BR>[Address Reference Count : 1]<UL><LI> startup_stm32f429xx.o(RESET)
</UL>
<P><STRONG><a name="[21]"></a>CAN1_RX0_IRQHandler</STRONG> (Thumb, 0 bytes, Stack size 0 bytes, startup_stm32f429xx.o(.text))
<BR>[Address Reference Count : 1]<UL><LI> startup_stm32f429xx.o(RESET)
</UL>
<P><STRONG><a name="[22]"></a>CAN1_RX1_IRQHandler</STRONG> (Thumb, 0 bytes, Stack size 0 bytes, startup_stm32f429xx.o(.text))
<BR>[Address Reference Count : 1]<UL><LI> startup_stm32f429xx.o(RESET)
</UL>
<P><STRONG><a name="[23]"></a>CAN1_SCE_IRQHandler</STRONG> (Thumb, 0 bytes, Stack size 0 bytes, startup_stm32f429xx.o(.text))
<BR>[Address Reference Count : 1]<UL><LI> startup_stm32f429xx.o(RESET)
</UL>
<P><STRONG><a name="[20]"></a>CAN1_TX_IRQHandler</STRONG> (Thumb, 0 bytes, Stack size 0 bytes, startup_stm32f429xx.o(.text))
<BR>[Address Reference Count : 1]<UL><LI> startup_stm32f429xx.o(RESET)
</UL>
<P><STRONG><a name="[4d]"></a>CAN2_RX0_IRQHandler</STRONG> (Thumb, 0 bytes, Stack size 0 bytes, startup_stm32f429xx.o(.text))
<BR>[Address Reference Count : 1]<UL><LI> startup_stm32f429xx.o(RESET)
</UL>
<P><STRONG><a name="[4e]"></a>CAN2_RX1_IRQHandler</STRONG> (Thumb, 0 bytes, Stack size 0 bytes, startup_stm32f429xx.o(.text))
<BR>[Address Reference Count : 1]<UL><LI> startup_stm32f429xx.o(RESET)
</UL>
<P><STRONG><a name="[4f]"></a>CAN2_SCE_IRQHandler</STRONG> (Thumb, 0 bytes, Stack size 0 bytes, startup_stm32f429xx.o(.text))
<BR>[Address Reference Count : 1]<UL><LI> startup_stm32f429xx.o(RESET)
</UL>
<P><STRONG><a name="[4c]"></a>CAN2_TX_IRQHandler</STRONG> (Thumb, 0 bytes, Stack size 0 bytes, startup_stm32f429xx.o(.text))
<BR>[Address Reference Count : 1]<UL><LI> startup_stm32f429xx.o(RESET)
</UL>
<P><STRONG><a name="[5b]"></a>DCMI_IRQHandler</STRONG> (Thumb, 0 bytes, Stack size 0 bytes, startup_stm32f429xx.o(.text))
<BR>[Address Reference Count : 1]<UL><LI> startup_stm32f429xx.o(RESET)
</UL>
<P><STRONG><a name="[18]"></a>DMA1_Stream0_IRQHandler</STRONG> (Thumb, 0 bytes, Stack size 0 bytes, startup_stm32f429xx.o(.text))
<BR>[Address Reference Count : 1]<UL><LI> startup_stm32f429xx.o(RESET)
</UL>
<P><STRONG><a name="[19]"></a>DMA1_Stream1_IRQHandler</STRONG> (Thumb, 0 bytes, Stack size 0 bytes, startup_stm32f429xx.o(.text))
<BR>[Address Reference Count : 1]<UL><LI> startup_stm32f429xx.o(RESET)
</UL>
<P><STRONG><a name="[1a]"></a>DMA1_Stream2_IRQHandler</STRONG> (Thumb, 0 bytes, Stack size 0 bytes, startup_stm32f429xx.o(.text))
<BR>[Address Reference Count : 1]<UL><LI> startup_stm32f429xx.o(RESET)
</UL>
<P><STRONG><a name="[1b]"></a>DMA1_Stream3_IRQHandler</STRONG> (Thumb, 0 bytes, Stack size 0 bytes, startup_stm32f429xx.o(.text))
<BR>[Address Reference Count : 1]<UL><LI> startup_stm32f429xx.o(RESET)
</UL>
<P><STRONG><a name="[1c]"></a>DMA1_Stream4_IRQHandler</STRONG> (Thumb, 0 bytes, Stack size 0 bytes, startup_stm32f429xx.o(.text))
<BR>[Address Reference Count : 1]<UL><LI> startup_stm32f429xx.o(RESET)
</UL>
<P><STRONG><a name="[1d]"></a>DMA1_Stream5_IRQHandler</STRONG> (Thumb, 0 bytes, Stack size 0 bytes, startup_stm32f429xx.o(.text))
<BR>[Address Reference Count : 1]<UL><LI> startup_stm32f429xx.o(RESET)
</UL>
<P><STRONG><a name="[1e]"></a>DMA1_Stream6_IRQHandler</STRONG> (Thumb, 0 bytes, Stack size 0 bytes, startup_stm32f429xx.o(.text))
<BR>[Address Reference Count : 1]<UL><LI> startup_stm32f429xx.o(RESET)
</UL>
<P><STRONG><a name="[3c]"></a>DMA1_Stream7_IRQHandler</STRONG> (Thumb, 0 bytes, Stack size 0 bytes, startup_stm32f429xx.o(.text))
<BR>[Address Reference Count : 1]<UL><LI> startup_stm32f429xx.o(RESET)
</UL>
<P><STRONG><a name="[66]"></a>DMA2D_IRQHandler</STRONG> (Thumb, 0 bytes, Stack size 0 bytes, startup_stm32f429xx.o(.text))
<BR>[Address Reference Count : 1]<UL><LI> startup_stm32f429xx.o(RESET)
</UL>
<P><STRONG><a name="[45]"></a>DMA2_Stream0_IRQHandler</STRONG> (Thumb, 0 bytes, Stack size 0 bytes, startup_stm32f429xx.o(.text))
<BR>[Address Reference Count : 1]<UL><LI> startup_stm32f429xx.o(RESET)
</UL>
<P><STRONG><a name="[46]"></a>DMA2_Stream1_IRQHandler</STRONG> (Thumb, 0 bytes, Stack size 0 bytes, startup_stm32f429xx.o(.text))
<BR>[Address Reference Count : 1]<UL><LI> startup_stm32f429xx.o(RESET)
</UL>
<P><STRONG><a name="[47]"></a>DMA2_Stream2_IRQHandler</STRONG> (Thumb, 0 bytes, Stack size 0 bytes, startup_stm32f429xx.o(.text))
<BR>[Address Reference Count : 1]<UL><LI> startup_stm32f429xx.o(RESET)
</UL>
<P><STRONG><a name="[48]"></a>DMA2_Stream3_IRQHandler</STRONG> (Thumb, 0 bytes, Stack size 0 bytes, startup_stm32f429xx.o(.text))
<BR>[Address Reference Count : 1]<UL><LI> startup_stm32f429xx.o(RESET)
</UL>
<P><STRONG><a name="[49]"></a>DMA2_Stream4_IRQHandler</STRONG> (Thumb, 0 bytes, Stack size 0 bytes, startup_stm32f429xx.o(.text))
<BR>[Address Reference Count : 1]<UL><LI> startup_stm32f429xx.o(RESET)
</UL>
<P><STRONG><a name="[51]"></a>DMA2_Stream5_IRQHandler</STRONG> (Thumb, 0 bytes, Stack size 0 bytes, startup_stm32f429xx.o(.text))
<BR>[Address Reference Count : 1]<UL><LI> startup_stm32f429xx.o(RESET)
</UL>
<P><STRONG><a name="[52]"></a>DMA2_Stream6_IRQHandler</STRONG> (Thumb, 0 bytes, Stack size 0 bytes, startup_stm32f429xx.o(.text))
<BR>[Address Reference Count : 1]<UL><LI> startup_stm32f429xx.o(RESET)
</UL>
<P><STRONG><a name="[53]"></a>DMA2_Stream7_IRQHandler</STRONG> (Thumb, 0 bytes, Stack size 0 bytes, startup_stm32f429xx.o(.text))
<BR>[Address Reference Count : 1]<UL><LI> startup_stm32f429xx.o(RESET)
</UL>
<P><STRONG><a name="[4a]"></a>ETH_IRQHandler</STRONG> (Thumb, 0 bytes, Stack size 0 bytes, startup_stm32f429xx.o(.text))
<BR>[Address Reference Count : 1]<UL><LI> startup_stm32f429xx.o(RESET)
</UL>
<P><STRONG><a name="[4b]"></a>ETH_WKUP_IRQHandler</STRONG> (Thumb, 0 bytes, Stack size 0 bytes, startup_stm32f429xx.o(.text))
<BR>[Address Reference Count : 1]<UL><LI> startup_stm32f429xx.o(RESET)
</UL>
<P><STRONG><a name="[13]"></a>EXTI0_IRQHandler</STRONG> (Thumb, 0 bytes, Stack size 0 bytes, startup_stm32f429xx.o(.text))
<BR>[Address Reference Count : 1]<UL><LI> startup_stm32f429xx.o(RESET)
</UL>
<P><STRONG><a name="[35]"></a>EXTI15_10_IRQHandler</STRONG> (Thumb, 0 bytes, Stack size 0 bytes, startup_stm32f429xx.o(.text))
<BR>[Address Reference Count : 1]<UL><LI> startup_stm32f429xx.o(RESET)
</UL>
<P><STRONG><a name="[14]"></a>EXTI1_IRQHandler</STRONG> (Thumb, 0 bytes, Stack size 0 bytes, startup_stm32f429xx.o(.text))
<BR>[Address Reference Count : 1]<UL><LI> startup_stm32f429xx.o(RESET)
</UL>
<P><STRONG><a name="[15]"></a>EXTI2_IRQHandler</STRONG> (Thumb, 0 bytes, Stack size 0 bytes, startup_stm32f429xx.o(.text))
<BR>[Address Reference Count : 1]<UL><LI> startup_stm32f429xx.o(RESET)
</UL>
<P><STRONG><a name="[16]"></a>EXTI3_IRQHandler</STRONG> (Thumb, 0 bytes, Stack size 0 bytes, startup_stm32f429xx.o(.text))
<BR>[Address Reference Count : 1]<UL><LI> startup_stm32f429xx.o(RESET)
</UL>
<P><STRONG><a name="[17]"></a>EXTI4_IRQHandler</STRONG> (Thumb, 0 bytes, Stack size 0 bytes, startup_stm32f429xx.o(.text))
<BR>[Address Reference Count : 1]<UL><LI> startup_stm32f429xx.o(RESET)
</UL>
<P><STRONG><a name="[24]"></a>EXTI9_5_IRQHandler</STRONG> (Thumb, 0 bytes, Stack size 0 bytes, startup_stm32f429xx.o(.text))
<BR>[Address Reference Count : 1]<UL><LI> startup_stm32f429xx.o(RESET)
</UL>
<P><STRONG><a name="[11]"></a>FLASH_IRQHandler</STRONG> (Thumb, 0 bytes, Stack size 0 bytes, startup_stm32f429xx.o(.text))
<BR>[Address Reference Count : 1]<UL><LI> startup_stm32f429xx.o(RESET)
</UL>
<P><STRONG><a name="[3d]"></a>FMC_IRQHandler</STRONG> (Thumb, 0 bytes, Stack size 0 bytes, startup_stm32f429xx.o(.text))
<BR>[Address Reference Count : 1]<UL><LI> startup_stm32f429xx.o(RESET)
</UL>
<P><STRONG><a name="[5d]"></a>FPU_IRQHandler</STRONG> (Thumb, 0 bytes, Stack size 0 bytes, startup_stm32f429xx.o(.text))
<BR>[Address Reference Count : 1]<UL><LI> startup_stm32f429xx.o(RESET)
</UL>
<P><STRONG><a name="[5c]"></a>HASH_RNG_IRQHandler</STRONG> (Thumb, 0 bytes, Stack size 0 bytes, startup_stm32f429xx.o(.text))
<BR>[Address Reference Count : 1]<UL><LI> startup_stm32f429xx.o(RESET)
</UL>
<P><STRONG><a name="[2d]"></a>I2C1_ER_IRQHandler</STRONG> (Thumb, 0 bytes, Stack size 0 bytes, startup_stm32f429xx.o(.text))
<BR>[Address Reference Count : 1]<UL><LI> startup_stm32f429xx.o(RESET)
</UL>
<P><STRONG><a name="[2c]"></a>I2C1_EV_IRQHandler</STRONG> (Thumb, 0 bytes, Stack size 0 bytes, startup_stm32f429xx.o(.text))
<BR>[Address Reference Count : 1]<UL><LI> startup_stm32f429xx.o(RESET)
</UL>
<P><STRONG><a name="[2f]"></a>I2C2_ER_IRQHandler</STRONG> (Thumb, 0 bytes, Stack size 0 bytes, startup_stm32f429xx.o(.text))
<BR>[Address Reference Count : 1]<UL><LI> startup_stm32f429xx.o(RESET)
</UL>
<P><STRONG><a name="[2e]"></a>I2C2_EV_IRQHandler</STRONG> (Thumb, 0 bytes, Stack size 0 bytes, startup_stm32f429xx.o(.text))
<BR>[Address Reference Count : 1]<UL><LI> startup_stm32f429xx.o(RESET)
</UL>
<P><STRONG><a name="[56]"></a>I2C3_ER_IRQHandler</STRONG> (Thumb, 0 bytes, Stack size 0 bytes, startup_stm32f429xx.o(.text))
<BR>[Address Reference Count : 1]<UL><LI> startup_stm32f429xx.o(RESET)
</UL>
<P><STRONG><a name="[55]"></a>I2C3_EV_IRQHandler</STRONG> (Thumb, 0 bytes, Stack size 0 bytes, startup_stm32f429xx.o(.text))
<BR>[Address Reference Count : 1]<UL><LI> startup_stm32f429xx.o(RESET)
</UL>
<P><STRONG><a name="[65]"></a>LTDC_ER_IRQHandler</STRONG> (Thumb, 0 bytes, Stack size 0 bytes, startup_stm32f429xx.o(.text))
<BR>[Address Reference Count : 1]<UL><LI> startup_stm32f429xx.o(RESET)
</UL>
<P><STRONG><a name="[64]"></a>LTDC_IRQHandler</STRONG> (Thumb, 0 bytes, Stack size 0 bytes, startup_stm32f429xx.o(.text))
<BR>[Address Reference Count : 1]<UL><LI> startup_stm32f429xx.o(RESET)
</UL>
<P><STRONG><a name="[50]"></a>OTG_FS_IRQHandler</STRONG> (Thumb, 0 bytes, Stack size 0 bytes, startup_stm32f429xx.o(.text))
<BR>[Address Reference Count : 1]<UL><LI> startup_stm32f429xx.o(RESET)
</UL>
<P><STRONG><a name="[37]"></a>OTG_FS_WKUP_IRQHandler</STRONG> (Thumb, 0 bytes, Stack size 0 bytes, startup_stm32f429xx.o(.text))
<BR>[Address Reference Count : 1]<UL><LI> startup_stm32f429xx.o(RESET)
</UL>
<P><STRONG><a name="[58]"></a>OTG_HS_EP1_IN_IRQHandler</STRONG> (Thumb, 0 bytes, Stack size 0 bytes, startup_stm32f429xx.o(.text))
<BR>[Address Reference Count : 1]<UL><LI> startup_stm32f429xx.o(RESET)
</UL>
<P><STRONG><a name="[57]"></a>OTG_HS_EP1_OUT_IRQHandler</STRONG> (Thumb, 0 bytes, Stack size 0 bytes, startup_stm32f429xx.o(.text))
<BR>[Address Reference Count : 1]<UL><LI> startup_stm32f429xx.o(RESET)
</UL>
<P><STRONG><a name="[5a]"></a>OTG_HS_IRQHandler</STRONG> (Thumb, 0 bytes, Stack size 0 bytes, startup_stm32f429xx.o(.text))
<BR>[Address Reference Count : 1]<UL><LI> startup_stm32f429xx.o(RESET)
</UL>
<P><STRONG><a name="[59]"></a>OTG_HS_WKUP_IRQHandler</STRONG> (Thumb, 0 bytes, Stack size 0 bytes, startup_stm32f429xx.o(.text))
<BR>[Address Reference Count : 1]<UL><LI> startup_stm32f429xx.o(RESET)
</UL>
<P><STRONG><a name="[e]"></a>PVD_IRQHandler</STRONG> (Thumb, 0 bytes, Stack size 0 bytes, startup_stm32f429xx.o(.text))
<BR>[Address Reference Count : 1]<UL><LI> startup_stm32f429xx.o(RESET)
</UL>
<P><STRONG><a name="[12]"></a>RCC_IRQHandler</STRONG> (Thumb, 0 bytes, Stack size 0 bytes, startup_stm32f429xx.o(.text))
<BR>[Address Reference Count : 1]<UL><LI> startup_stm32f429xx.o(RESET)
</UL>
<P><STRONG><a name="[36]"></a>RTC_Alarm_IRQHandler</STRONG> (Thumb, 0 bytes, Stack size 0 bytes, startup_stm32f429xx.o(.text))
<BR>[Address Reference Count : 1]<UL><LI> startup_stm32f429xx.o(RESET)
</UL>
<P><STRONG><a name="[10]"></a>RTC_WKUP_IRQHandler</STRONG> (Thumb, 0 bytes, Stack size 0 bytes, startup_stm32f429xx.o(.text))
<BR>[Address Reference Count : 1]<UL><LI> startup_stm32f429xx.o(RESET)
</UL>
<P><STRONG><a name="[63]"></a>SAI1_IRQHandler</STRONG> (Thumb, 0 bytes, Stack size 0 bytes, startup_stm32f429xx.o(.text))
<BR>[Address Reference Count : 1]<UL><LI> startup_stm32f429xx.o(RESET)
</UL>
<P><STRONG><a name="[3e]"></a>SDIO_IRQHandler</STRONG> (Thumb, 0 bytes, Stack size 0 bytes, startup_stm32f429xx.o(.text))
<BR>[Address Reference Count : 1]<UL><LI> startup_stm32f429xx.o(RESET)
</UL>
<P><STRONG><a name="[30]"></a>SPI1_IRQHandler</STRONG> (Thumb, 0 bytes, Stack size 0 bytes, startup_stm32f429xx.o(.text))
<BR>[Address Reference Count : 1]<UL><LI> startup_stm32f429xx.o(RESET)
</UL>
<P><STRONG><a name="[31]"></a>SPI2_IRQHandler</STRONG> (Thumb, 0 bytes, Stack size 0 bytes, startup_stm32f429xx.o(.text))
<BR>[Address Reference Count : 1]<UL><LI> startup_stm32f429xx.o(RESET)
</UL>
<P><STRONG><a name="[40]"></a>SPI3_IRQHandler</STRONG> (Thumb, 0 bytes, Stack size 0 bytes, startup_stm32f429xx.o(.text))
<BR>[Address Reference Count : 1]<UL><LI> startup_stm32f429xx.o(RESET)
</UL>
<P><STRONG><a name="[60]"></a>SPI4_IRQHandler</STRONG> (Thumb, 0 bytes, Stack size 0 bytes, startup_stm32f429xx.o(.text))
<BR>[Address Reference Count : 1]<UL><LI> startup_stm32f429xx.o(RESET)
</UL>
<P><STRONG><a name="[61]"></a>SPI5_IRQHandler</STRONG> (Thumb, 0 bytes, Stack size 0 bytes, startup_stm32f429xx.o(.text))
<BR>[Address Reference Count : 1]<UL><LI> startup_stm32f429xx.o(RESET)
</UL>
<P><STRONG><a name="[62]"></a>SPI6_IRQHandler</STRONG> (Thumb, 0 bytes, Stack size 0 bytes, startup_stm32f429xx.o(.text))
<BR>[Address Reference Count : 1]<UL><LI> startup_stm32f429xx.o(RESET)
</UL>
<P><STRONG><a name="[f]"></a>TAMP_STAMP_IRQHandler</STRONG> (Thumb, 0 bytes, Stack size 0 bytes, startup_stm32f429xx.o(.text))
<BR>[Address Reference Count : 1]<UL><LI> startup_stm32f429xx.o(RESET)
</UL>
<P><STRONG><a name="[25]"></a>TIM1_BRK_TIM9_IRQHandler</STRONG> (Thumb, 0 bytes, Stack size 0 bytes, startup_stm32f429xx.o(.text))
<BR>[Address Reference Count : 1]<UL><LI> startup_stm32f429xx.o(RESET)
</UL>
<P><STRONG><a name="[28]"></a>TIM1_CC_IRQHandler</STRONG> (Thumb, 0 bytes, Stack size 0 bytes, startup_stm32f429xx.o(.text))
<BR>[Address Reference Count : 1]<UL><LI> startup_stm32f429xx.o(RESET)
</UL>
<P><STRONG><a name="[27]"></a>TIM1_TRG_COM_TIM11_IRQHandler</STRONG> (Thumb, 0 bytes, Stack size 0 bytes, startup_stm32f429xx.o(.text))
<BR>[Address Reference Count : 1]<UL><LI> startup_stm32f429xx.o(RESET)
</UL>
<P><STRONG><a name="[26]"></a>TIM1_UP_TIM10_IRQHandler</STRONG> (Thumb, 0 bytes, Stack size 0 bytes, startup_stm32f429xx.o(.text))
<BR>[Address Reference Count : 1]<UL><LI> startup_stm32f429xx.o(RESET)
</UL>
<P><STRONG><a name="[29]"></a>TIM2_IRQHandler</STRONG> (Thumb, 0 bytes, Stack size 0 bytes, startup_stm32f429xx.o(.text))
<BR>[Address Reference Count : 1]<UL><LI> startup_stm32f429xx.o(RESET)
</UL>
<P><STRONG><a name="[2a]"></a>TIM3_IRQHandler</STRONG> (Thumb, 0 bytes, Stack size 0 bytes, startup_stm32f429xx.o(.text))
<BR>[Address Reference Count : 1]<UL><LI> startup_stm32f429xx.o(RESET)
</UL>
<P><STRONG><a name="[2b]"></a>TIM4_IRQHandler</STRONG> (Thumb, 0 bytes, Stack size 0 bytes, startup_stm32f429xx.o(.text))
<BR>[Address Reference Count : 1]<UL><LI> startup_stm32f429xx.o(RESET)
</UL>
<P><STRONG><a name="[3f]"></a>TIM5_IRQHandler</STRONG> (Thumb, 0 bytes, Stack size 0 bytes, startup_stm32f429xx.o(.text))
<BR>[Address Reference Count : 1]<UL><LI> startup_stm32f429xx.o(RESET)
</UL>
<P><STRONG><a name="[43]"></a>TIM6_DAC_IRQHandler</STRONG> (Thumb, 0 bytes, Stack size 0 bytes, startup_stm32f429xx.o(.text))
<BR>[Address Reference Count : 1]<UL><LI> startup_stm32f429xx.o(RESET)
</UL>
<P><STRONG><a name="[44]"></a>TIM7_IRQHandler</STRONG> (Thumb, 0 bytes, Stack size 0 bytes, startup_stm32f429xx.o(.text))
<BR>[Address Reference Count : 1]<UL><LI> startup_stm32f429xx.o(RESET)
</UL>
<P><STRONG><a name="[38]"></a>TIM8_BRK_TIM12_IRQHandler</STRONG> (Thumb, 0 bytes, Stack size 0 bytes, startup_stm32f429xx.o(.text))
<BR>[Address Reference Count : 1]<UL><LI> startup_stm32f429xx.o(RESET)
</UL>
<P><STRONG><a name="[3b]"></a>TIM8_CC_IRQHandler</STRONG> (Thumb, 0 bytes, Stack size 0 bytes, startup_stm32f429xx.o(.text))
<BR>[Address Reference Count : 1]<UL><LI> startup_stm32f429xx.o(RESET)
</UL>
<P><STRONG><a name="[3a]"></a>TIM8_TRG_COM_TIM14_IRQHandler</STRONG> (Thumb, 0 bytes, Stack size 0 bytes, startup_stm32f429xx.o(.text))
<BR>[Address Reference Count : 1]<UL><LI> startup_stm32f429xx.o(RESET)
</UL>
<P><STRONG><a name="[39]"></a>TIM8_UP_TIM13_IRQHandler</STRONG> (Thumb, 0 bytes, Stack size 0 bytes, startup_stm32f429xx.o(.text))
<BR>[Address Reference Count : 1]<UL><LI> startup_stm32f429xx.o(RESET)
</UL>
<P><STRONG><a name="[41]"></a>UART4_IRQHandler</STRONG> (Thumb, 0 bytes, Stack size 0 bytes, startup_stm32f429xx.o(.text))
<BR>[Address Reference Count : 1]<UL><LI> startup_stm32f429xx.o(RESET)
</UL>
<P><STRONG><a name="[42]"></a>UART5_IRQHandler</STRONG> (Thumb, 0 bytes, Stack size 0 bytes, startup_stm32f429xx.o(.text))
<BR>[Address Reference Count : 1]<UL><LI> startup_stm32f429xx.o(RESET)
</UL>
<P><STRONG><a name="[5e]"></a>UART7_IRQHandler</STRONG> (Thumb, 0 bytes, Stack size 0 bytes, startup_stm32f429xx.o(.text))
<BR>[Address Reference Count : 1]<UL><LI> startup_stm32f429xx.o(RESET)
</UL>
<P><STRONG><a name="[5f]"></a>UART8_IRQHandler</STRONG> (Thumb, 0 bytes, Stack size 0 bytes, startup_stm32f429xx.o(.text))
<BR>[Address Reference Count : 1]<UL><LI> startup_stm32f429xx.o(RESET)
</UL>
<P><STRONG><a name="[32]"></a>USART1_IRQHandler</STRONG> (Thumb, 0 bytes, Stack size 0 bytes, startup_stm32f429xx.o(.text))
<BR>[Address Reference Count : 1]<UL><LI> startup_stm32f429xx.o(RESET)
</UL>
<P><STRONG><a name="[33]"></a>USART2_IRQHandler</STRONG> (Thumb, 0 bytes, Stack size 0 bytes, startup_stm32f429xx.o(.text))
<BR>[Address Reference Count : 1]<UL><LI> startup_stm32f429xx.o(RESET)
</UL>
<P><STRONG><a name="[34]"></a>USART3_IRQHandler</STRONG> (Thumb, 0 bytes, Stack size 0 bytes, startup_stm32f429xx.o(.text))
<BR>[Address Reference Count : 1]<UL><LI> startup_stm32f429xx.o(RESET)
</UL>
<P><STRONG><a name="[54]"></a>USART6_IRQHandler</STRONG> (Thumb, 0 bytes, Stack size 0 bytes, startup_stm32f429xx.o(.text))
<BR>[Address Reference Count : 1]<UL><LI> startup_stm32f429xx.o(RESET)
</UL>
<P><STRONG><a name="[d]"></a>WWDG_IRQHandler</STRONG> (Thumb, 0 bytes, Stack size 0 bytes, startup_stm32f429xx.o(.text))
<BR>[Address Reference Count : 1]<UL><LI> startup_stm32f429xx.o(RESET)
</UL>
<P><STRONG><a name="[83]"></a>__user_initial_stackheap</STRONG> (Thumb, 0 bytes, Stack size unknown bytes, startup_stm32f429xx.o(.text))
<BR><BR>[Called By]<UL><LI><a href="#[77]">&gt;&gt;</a>&nbsp;&nbsp;&nbsp;__user_setup_stackheap
</UL>

<P><STRONG><a name="[11d]"></a>CPU_IntDis</STRONG> (Thumb, 0 bytes, Stack size unknown bytes, cpu_a.o(.text), UNUSED)

<P><STRONG><a name="[11e]"></a>CPU_IntEn</STRONG> (Thumb, 0 bytes, Stack size unknown bytes, cpu_a.o(.text), UNUSED)

<P><STRONG><a name="[91]"></a>CPU_SR_Save</STRONG> (Thumb, 0 bytes, Stack size unknown bytes, cpu_a.o(.text))
<BR><BR>[Called By]<UL><LI><a href="#[90]">&gt;&gt;</a>&nbsp;&nbsp;&nbsp;CPU_NameClr
<LI><a href="#[b7]">&gt;&gt;</a>&nbsp;&nbsp;&nbsp;OSIntExit
<LI><a href="#[a2]">&gt;&gt;</a>&nbsp;&nbsp;&nbsp;OSTimeDly
<LI><a href="#[8a]">&gt;&gt;</a>&nbsp;&nbsp;&nbsp;OSTaskDel
<LI><a href="#[89]">&gt;&gt;</a>&nbsp;&nbsp;&nbsp;OSTaskCreate
<LI><a href="#[6c]">&gt;&gt;</a>&nbsp;&nbsp;&nbsp;OS_TickTask
<LI><a href="#[f4]">&gt;&gt;</a>&nbsp;&nbsp;&nbsp;OS_TickListUpdateTimeout
<LI><a href="#[f3]">&gt;&gt;</a>&nbsp;&nbsp;&nbsp;OS_TickListUpdateDly
<LI><a href="#[de]">&gt;&gt;</a>&nbsp;&nbsp;&nbsp;OS_TaskSemPost
<LI><a href="#[dc]">&gt;&gt;</a>&nbsp;&nbsp;&nbsp;OSTaskSemPend
<LI><a href="#[c2]">&gt;&gt;</a>&nbsp;&nbsp;&nbsp;OSMutexPost
<LI><a href="#[bd]">&gt;&gt;</a>&nbsp;&nbsp;&nbsp;OSMutexPend
<LI><a href="#[ba]">&gt;&gt;</a>&nbsp;&nbsp;&nbsp;OSMutexCreate
<LI><a href="#[6b]">&gt;&gt;</a>&nbsp;&nbsp;&nbsp;OS_IdleTask
<LI><a href="#[cd]">&gt;&gt;</a>&nbsp;&nbsp;&nbsp;OSSchedUnlock
<LI><a href="#[cb]">&gt;&gt;</a>&nbsp;&nbsp;&nbsp;OSSchedLock
<LI><a href="#[c1]">&gt;&gt;</a>&nbsp;&nbsp;&nbsp;OSSched
<LI><a href="#[a4]">&gt;&gt;</a>&nbsp;&nbsp;&nbsp;Mem_SegCreate
</UL>

<P><STRONG><a name="[93]"></a>CPU_SR_Restore</STRONG> (Thumb, 0 bytes, Stack size unknown bytes, cpu_a.o(.text))
<BR><BR>[Called By]<UL><LI><a href="#[90]">&gt;&gt;</a>&nbsp;&nbsp;&nbsp;CPU_NameClr
<LI><a href="#[b7]">&gt;&gt;</a>&nbsp;&nbsp;&nbsp;OSIntExit
<LI><a href="#[a2]">&gt;&gt;</a>&nbsp;&nbsp;&nbsp;OSTimeDly
<LI><a href="#[8a]">&gt;&gt;</a>&nbsp;&nbsp;&nbsp;OSTaskDel
<LI><a href="#[89]">&gt;&gt;</a>&nbsp;&nbsp;&nbsp;OSTaskCreate
<LI><a href="#[6c]">&gt;&gt;</a>&nbsp;&nbsp;&nbsp;OS_TickTask
<LI><a href="#[f4]">&gt;&gt;</a>&nbsp;&nbsp;&nbsp;OS_TickListUpdateTimeout
<LI><a href="#[f3]">&gt;&gt;</a>&nbsp;&nbsp;&nbsp;OS_TickListUpdateDly
<LI><a href="#[de]">&gt;&gt;</a>&nbsp;&nbsp;&nbsp;OS_TaskSemPost
<LI><a href="#[dc]">&gt;&gt;</a>&nbsp;&nbsp;&nbsp;OSTaskSemPend
<LI><a href="#[c2]">&gt;&gt;</a>&nbsp;&nbsp;&nbsp;OSMutexPost
<LI><a href="#[bd]">&gt;&gt;</a>&nbsp;&nbsp;&nbsp;OSMutexPend
<LI><a href="#[ba]">&gt;&gt;</a>&nbsp;&nbsp;&nbsp;OSMutexCreate
<LI><a href="#[6b]">&gt;&gt;</a>&nbsp;&nbsp;&nbsp;OS_IdleTask
<LI><a href="#[cd]">&gt;&gt;</a>&nbsp;&nbsp;&nbsp;OSSchedUnlock
<LI><a href="#[cb]">&gt;&gt;</a>&nbsp;&nbsp;&nbsp;OSSchedLock
<LI><a href="#[c1]">&gt;&gt;</a>&nbsp;&nbsp;&nbsp;OSSched
<LI><a href="#[a4]">&gt;&gt;</a>&nbsp;&nbsp;&nbsp;Mem_SegCreate
</UL>

<P><STRONG><a name="[11f]"></a>CPU_WaitForInt</STRONG> (Thumb, 0 bytes, Stack size unknown bytes, cpu_a.o(.text), UNUSED)

<P><STRONG><a name="[120]"></a>CPU_WaitForExcept</STRONG> (Thumb, 0 bytes, Stack size unknown bytes, cpu_a.o(.text), UNUSED)

<P><STRONG><a name="[ee]"></a>CPU_CntLeadZeros</STRONG> (Thumb, 0 bytes, Stack size unknown bytes, cpu_a.o(.text))
<BR><BR>[Called By]<UL><LI><a href="#[b8]">&gt;&gt;</a>&nbsp;&nbsp;&nbsp;OS_PrioGetHighest
</UL>

<P><STRONG><a name="[121]"></a>CPU_CntTrailZeros</STRONG> (Thumb, 0 bytes, Stack size unknown bytes, cpu_a.o(.text), UNUSED)

<P><STRONG><a name="[122]"></a>CPU_RevBits</STRONG> (Thumb, 0 bytes, Stack size unknown bytes, cpu_a.o(.text), UNUSED)

<P><STRONG><a name="[df]"></a>OS_CPU_FP_Reg_Push</STRONG> (Thumb, 0 bytes, Stack size unknown bytes, os_cpu_a.o(.text))
<BR><BR>[Called By]<UL><LI><a href="#[81]">&gt;&gt;</a>&nbsp;&nbsp;&nbsp;OSTaskSwHook
</UL>

<P><STRONG><a name="[e0]"></a>OS_CPU_FP_Reg_Pop</STRONG> (Thumb, 0 bytes, Stack size unknown bytes, os_cpu_a.o(.text))
<BR><BR>[Called By]<UL><LI><a href="#[81]">&gt;&gt;</a>&nbsp;&nbsp;&nbsp;OSTaskSwHook
</UL>

<P><STRONG><a name="[d0]"></a>OSStartHighRdy</STRONG> (Thumb, 0 bytes, Stack size unknown bytes, os_cpu_a.o(.text))
<BR><BR>[Called By]<UL><LI><a href="#[cf]">&gt;&gt;</a>&nbsp;&nbsp;&nbsp;OSStart
</UL>

<P><STRONG><a name="[ca]"></a>OSCtxSw</STRONG> (Thumb, 0 bytes, Stack size unknown bytes, os_cpu_a.o(.text))
<BR><BR>[Called By]<UL><LI><a href="#[c1]">&gt;&gt;</a>&nbsp;&nbsp;&nbsp;OSSched
</UL>

<P><STRONG><a name="[b9]"></a>OSIntCtxSw</STRONG> (Thumb, 0 bytes, Stack size unknown bytes, os_cpu_a.o(.text))
<BR><BR>[Called By]<UL><LI><a href="#[b7]">&gt;&gt;</a>&nbsp;&nbsp;&nbsp;OSIntExit
</UL>

<P><STRONG><a name="[b]"></a>PendSV_Handler</STRONG> (Thumb, 0 bytes, Stack size unknown bytes, os_cpu_a.o(.text))
<BR><BR>[Stack]<UL><LI>Max Depth = 8 + Unknown Stack Size
<LI>Call Chain = PendSV_Handler &rArr; OSTaskSwHook
</UL>
<BR>[Calls]<UL><LI><a href="#[81]">&gt;&gt;</a>&nbsp;&nbsp;&nbsp;OSTaskSwHook
</UL>
<BR>[Address Reference Count : 1]<UL><LI> startup_stm32f429xx.o(RESET)
</UL>
<P><STRONG><a name="[9e]"></a>__aeabi_uldivmod</STRONG> (Thumb, 0 bytes, Stack size 48 bytes, lludivv7m.o(.text))
<BR><BR>[Stack]<UL><LI>Max Depth = 48<LI>Call Chain = __aeabi_uldivmod
</UL>
<BR>[Called By]<UL><LI><a href="#[8c]">&gt;&gt;</a>&nbsp;&nbsp;&nbsp;HAL_RCC_GetSysClockFreq
</UL>

<P><STRONG><a name="[123]"></a>_ll_udiv</STRONG> (Thumb, 238 bytes, Stack size 48 bytes, lludivv7m.o(.text), UNUSED)

<P><STRONG><a name="[124]"></a>__use_two_region_memory</STRONG> (Thumb, 2 bytes, Stack size 0 bytes, heapauxi.o(.text), UNUSED)

<P><STRONG><a name="[125]"></a>__rt_heap_escrow$2region</STRONG> (Thumb, 2 bytes, Stack size 0 bytes, heapauxi.o(.text), UNUSED)

<P><STRONG><a name="[126]"></a>__rt_heap_expand$2region</STRONG> (Thumb, 2 bytes, Stack size 0 bytes, heapauxi.o(.text), UNUSED)

<P><STRONG><a name="[77]"></a>__user_setup_stackheap</STRONG> (Thumb, 74 bytes, Stack size 8 bytes, sys_stackheap_outer.o(.text))
<BR><BR>[Stack]<UL><LI>Max Depth = 8 + Unknown Stack Size
<LI>Call Chain = __user_setup_stackheap
</UL>
<BR>[Calls]<UL><LI><a href="#[83]">&gt;&gt;</a>&nbsp;&nbsp;&nbsp;__user_initial_stackheap
<LI><a href="#[82]">&gt;&gt;</a>&nbsp;&nbsp;&nbsp;__user_perproc_libspace
</UL>
<BR>[Called By]<UL><LI><a href="#[76]">&gt;&gt;</a>&nbsp;&nbsp;&nbsp;__rt_entry_sh
</UL>

<P><STRONG><a name="[7c]"></a>exit</STRONG> (Thumb, 18 bytes, Stack size 8 bytes, exit.o(.text))
<BR><BR>[Stack]<UL><LI>Max Depth = 8 + Unknown Stack Size
<LI>Call Chain = exit
</UL>
<BR>[Calls]<UL><LI><a href="#[84]">&gt;&gt;</a>&nbsp;&nbsp;&nbsp;__rt_exit
</UL>
<BR>[Called By]<UL><LI><a href="#[7a]">&gt;&gt;</a>&nbsp;&nbsp;&nbsp;__rt_entry_main
</UL>

<P><STRONG><a name="[127]"></a>__user_libspace</STRONG> (Thumb, 8 bytes, Stack size 0 bytes, libspace.o(.text), UNUSED)

<P><STRONG><a name="[82]"></a>__user_perproc_libspace</STRONG> (Thumb, 0 bytes, Stack size 0 bytes, libspace.o(.text))
<BR><BR>[Called By]<UL><LI><a href="#[77]">&gt;&gt;</a>&nbsp;&nbsp;&nbsp;__user_setup_stackheap
</UL>

<P><STRONG><a name="[128]"></a>__user_perthread_libspace</STRONG> (Thumb, 0 bytes, Stack size 0 bytes, libspace.o(.text), UNUSED)

<P><STRONG><a name="[80]"></a>_sys_exit</STRONG> (Thumb, 8 bytes, Stack size 0 bytes, sys_exit.o(.text))
<BR><BR>[Called By]<UL><LI><a href="#[7f]">&gt;&gt;</a>&nbsp;&nbsp;&nbsp;__rt_exit_exit
</UL>

<P><STRONG><a name="[129]"></a>__I$use$semihosting</STRONG> (Thumb, 0 bytes, Stack size 0 bytes, use_no_semi.o(.text), UNUSED)

<P><STRONG><a name="[12a]"></a>__use_no_semihosting_swi</STRONG> (Thumb, 2 bytes, Stack size 0 bytes, use_no_semi.o(.text), UNUSED)

<P><STRONG><a name="[12b]"></a>__semihosting_library_function</STRONG> (Thumb, 0 bytes, Stack size unknown bytes, indicate_semi.o(.text), UNUSED)

<P><STRONG><a name="[8b]"></a>BSP_CPU_ClkFreq</STRONG> (Thumb, 12 bytes, Stack size 8 bytes, bsp.o(i.BSP_CPU_ClkFreq))
<BR><BR>[Stack]<UL><LI>Max Depth = 88<LI>Call Chain = BSP_CPU_ClkFreq &rArr; HAL_RCC_GetSysClockFreq &rArr; __aeabi_uldivmod
</UL>
<BR>[Calls]<UL><LI><a href="#[8c]">&gt;&gt;</a>&nbsp;&nbsp;&nbsp;HAL_RCC_GetSysClockFreq
</UL>
<BR>[Called By]<UL><LI><a href="#[94]">&gt;&gt;</a>&nbsp;&nbsp;&nbsp;CPU_TS_TmrInit
</UL>

<P><STRONG><a name="[86]"></a>BSP_Init</STRONG> (Thumb, 8 bytes, Stack size 8 bytes, bsp.o(i.BSP_Init))
<BR><BR>[Stack]<UL><LI>Max Depth = 64<LI>Call Chain = BSP_Init &rArr; LED_Init &rArr; HAL_GPIO_Init
</UL>
<BR>[Calls]<UL><LI><a href="#[8d]">&gt;&gt;</a>&nbsp;&nbsp;&nbsp;LED_Init
</UL>
<BR>[Called By]<UL><LI><a href="#[6e]">&gt;&gt;</a>&nbsp;&nbsp;&nbsp;AppStart_Task
</UL>

<P><STRONG><a name="[7]"></a>BusFault_Handler</STRONG> (Thumb, 4 bytes, Stack size 0 bytes, stm32f4xx_it.o(i.BusFault_Handler))
<BR>[Address Reference Count : 1]<UL><LI> startup_stm32f429xx.o(RESET)
</UL>
<P><STRONG><a name="[85]"></a>CPU_Init</STRONG> (Thumb, 12 bytes, Stack size 8 bytes, cpu_core.o(i.CPU_Init))
<BR><BR>[Stack]<UL><LI>Max Depth = 112 + Unknown Stack Size
<LI>Call Chain = CPU_Init &rArr; CPU_TS_Init &rArr; CPU_TS_TmrInit &rArr; BSP_CPU_ClkFreq &rArr; HAL_RCC_GetSysClockFreq &rArr; __aeabi_uldivmod
</UL>
<BR>[Calls]<UL><LI><a href="#[8e]">&gt;&gt;</a>&nbsp;&nbsp;&nbsp;CPU_TS_Init
<LI><a href="#[8f]">&gt;&gt;</a>&nbsp;&nbsp;&nbsp;CPU_NameInit
</UL>
<BR>[Called By]<UL><LI><a href="#[6e]">&gt;&gt;</a>&nbsp;&nbsp;&nbsp;AppStart_Task
</UL>

<P><STRONG><a name="[90]"></a>CPU_NameClr</STRONG> (Thumb, 42 bytes, Stack size 8 bytes, cpu_core.o(i.CPU_NameClr))
<BR><BR>[Stack]<UL><LI>Max Depth = 44 + Unknown Stack Size
<LI>Call Chain = CPU_NameClr &rArr; Mem_Clr &rArr; Mem_Set
</UL>
<BR>[Calls]<UL><LI><a href="#[92]">&gt;&gt;</a>&nbsp;&nbsp;&nbsp;Mem_Clr
<LI><a href="#[91]">&gt;&gt;</a>&nbsp;&nbsp;&nbsp;CPU_SR_Save
<LI><a href="#[93]">&gt;&gt;</a>&nbsp;&nbsp;&nbsp;CPU_SR_Restore
</UL>
<BR>[Called By]<UL><LI><a href="#[8f]">&gt;&gt;</a>&nbsp;&nbsp;&nbsp;CPU_NameInit
</UL>

<P><STRONG><a name="[a5]"></a>CPU_SW_Exception</STRONG> (Thumb, 4 bytes, Stack size 0 bytes, cpu_core.o(i.CPU_SW_Exception))
<BR><BR>[Called By]<UL><LI><a href="#[88]">&gt;&gt;</a>&nbsp;&nbsp;&nbsp;Mem_Init
</UL>

<P><STRONG><a name="[95]"></a>CPU_TS_TmrFreqSet</STRONG> (Thumb, 6 bytes, Stack size 0 bytes, cpu_core.o(i.CPU_TS_TmrFreqSet))
<BR><BR>[Called By]<UL><LI><a href="#[94]">&gt;&gt;</a>&nbsp;&nbsp;&nbsp;CPU_TS_TmrInit
</UL>

<P><STRONG><a name="[94]"></a>CPU_TS_TmrInit</STRONG> (Thumb, 44 bytes, Stack size 8 bytes, bsp.o(i.CPU_TS_TmrInit))
<BR><BR>[Stack]<UL><LI>Max Depth = 96<LI>Call Chain = CPU_TS_TmrInit &rArr; BSP_CPU_ClkFreq &rArr; HAL_RCC_GetSysClockFreq &rArr; __aeabi_uldivmod
</UL>
<BR>[Calls]<UL><LI><a href="#[95]">&gt;&gt;</a>&nbsp;&nbsp;&nbsp;CPU_TS_TmrFreqSet
<LI><a href="#[8b]">&gt;&gt;</a>&nbsp;&nbsp;&nbsp;BSP_CPU_ClkFreq
</UL>
<BR>[Called By]<UL><LI><a href="#[8e]">&gt;&gt;</a>&nbsp;&nbsp;&nbsp;CPU_TS_Init
</UL>

<P><STRONG><a name="[c3]"></a>CPU_TS_TmrRd</STRONG> (Thumb, 6 bytes, Stack size 0 bytes, bsp.o(i.CPU_TS_TmrRd))
<BR><BR>[Called By]<UL><LI><a href="#[f4]">&gt;&gt;</a>&nbsp;&nbsp;&nbsp;OS_TickListUpdateTimeout
<LI><a href="#[f3]">&gt;&gt;</a>&nbsp;&nbsp;&nbsp;OS_TickListUpdateDly
<LI><a href="#[d1]">&gt;&gt;</a>&nbsp;&nbsp;&nbsp;OS_TaskInitTCB
<LI><a href="#[dd]">&gt;&gt;</a>&nbsp;&nbsp;&nbsp;OSTaskSemPost
<LI><a href="#[dc]">&gt;&gt;</a>&nbsp;&nbsp;&nbsp;OSTaskSemPend
<LI><a href="#[d8]">&gt;&gt;</a>&nbsp;&nbsp;&nbsp;OS_MutexGrpPostAll
<LI><a href="#[c2]">&gt;&gt;</a>&nbsp;&nbsp;&nbsp;OSMutexPost
<LI><a href="#[ce]">&gt;&gt;</a>&nbsp;&nbsp;&nbsp;OS_SchedLockTimeMeasStop
<LI><a href="#[cc]">&gt;&gt;</a>&nbsp;&nbsp;&nbsp;OS_SchedLockTimeMeasStart
<LI><a href="#[81]">&gt;&gt;</a>&nbsp;&nbsp;&nbsp;OSTaskSwHook
<LI><a href="#[6d]">&gt;&gt;</a>&nbsp;&nbsp;&nbsp;OS_TmrTask
</UL>

<P><STRONG><a name="[a]"></a>DebugMon_Handler</STRONG> (Thumb, 2 bytes, Stack size 0 bytes, stm32f4xx_it.o(i.DebugMon_Handler))
<BR>[Address Reference Count : 1]<UL><LI> startup_stm32f429xx.o(RESET)
</UL>
<P><STRONG><a name="[a0]"></a>HAL_GPIO_Init</STRONG> (Thumb, 486 bytes, Stack size 24 bytes, stm32f4xx_hal_gpio.o(i.HAL_GPIO_Init))
<BR><BR>[Stack]<UL><LI>Max Depth = 24<LI>Call Chain = HAL_GPIO_Init
</UL>
<BR>[Called By]<UL><LI><a href="#[8d]">&gt;&gt;</a>&nbsp;&nbsp;&nbsp;LED_Init
</UL>

<P><STRONG><a name="[a1]"></a>HAL_GPIO_WritePin</STRONG> (Thumb, 12 bytes, Stack size 0 bytes, stm32f4xx_hal_gpio.o(i.HAL_GPIO_WritePin))
<BR><BR>[Called By]<UL><LI><a href="#[8d]">&gt;&gt;</a>&nbsp;&nbsp;&nbsp;LED_Init
</UL>

<P><STRONG><a name="[9c]"></a>HAL_GetTick</STRONG> (Thumb, 6 bytes, Stack size 0 bytes, stm32f4xx_hal.o(i.HAL_GetTick))
<BR><BR>[Called By]<UL><LI><a href="#[9f]">&gt;&gt;</a>&nbsp;&nbsp;&nbsp;HAL_RCC_OscConfig
<LI><a href="#[9d]">&gt;&gt;</a>&nbsp;&nbsp;&nbsp;HAL_RCC_ClockConfig
<LI><a href="#[9b]">&gt;&gt;</a>&nbsp;&nbsp;&nbsp;HAL_PWREx_EnableOverDrive
</UL>

<P><STRONG><a name="[f9]"></a>HAL_IncTick</STRONG> (Thumb, 16 bytes, Stack size 0 bytes, stm32f4xx_hal.o(i.HAL_IncTick))
<BR><BR>[Called By]<UL><LI><a href="#[c]">&gt;&gt;</a>&nbsp;&nbsp;&nbsp;SysTick_Handler
</UL>

<P><STRONG><a name="[96]"></a>HAL_InitTick</STRONG> (Thumb, 64 bytes, Stack size 16 bytes, stm32f4xx_hal.o(i.HAL_InitTick))
<BR><BR>[Stack]<UL><LI>Max Depth = 64<LI>Call Chain = HAL_InitTick &rArr; HAL_NVIC_SetPriority &rArr; __NVIC_SetPriority
</UL>
<BR>[Calls]<UL><LI><a href="#[97]">&gt;&gt;</a>&nbsp;&nbsp;&nbsp;HAL_SYSTICK_Config
<LI><a href="#[98]">&gt;&gt;</a>&nbsp;&nbsp;&nbsp;HAL_NVIC_SetPriority
</UL>
<BR>[Called By]<UL><LI><a href="#[9d]">&gt;&gt;</a>&nbsp;&nbsp;&nbsp;HAL_RCC_ClockConfig
</UL>

<P><STRONG><a name="[98]"></a>HAL_NVIC_SetPriority</STRONG> (Thumb, 124 bytes, Stack size 40 bytes, stm32f4xx_hal_cortex.o(i.HAL_NVIC_SetPriority))
<BR><BR>[Stack]<UL><LI>Max Depth = 48<LI>Call Chain = HAL_NVIC_SetPriority &rArr; __NVIC_SetPriority
</UL>
<BR>[Calls]<UL><LI><a href="#[9a]">&gt;&gt;</a>&nbsp;&nbsp;&nbsp;__NVIC_SetPriority
<LI><a href="#[99]">&gt;&gt;</a>&nbsp;&nbsp;&nbsp;__NVIC_GetPriorityGrouping
</UL>
<BR>[Called By]<UL><LI><a href="#[96]">&gt;&gt;</a>&nbsp;&nbsp;&nbsp;HAL_InitTick
</UL>

<P><STRONG><a name="[9b]"></a>HAL_PWREx_EnableOverDrive</STRONG> (Thumb, 128 bytes, Stack size 16 bytes, stm32f4xx_hal_pwr_ex.o(i.HAL_PWREx_EnableOverDrive))
<BR><BR>[Stack]<UL><LI>Max Depth = 16<LI>Call Chain = HAL_PWREx_EnableOverDrive
</UL>
<BR>[Calls]<UL><LI><a href="#[9c]">&gt;&gt;</a>&nbsp;&nbsp;&nbsp;HAL_GetTick
</UL>
<BR>[Called By]<UL><LI><a href="#[f8]">&gt;&gt;</a>&nbsp;&nbsp;&nbsp;Stm32_Clock_Init
</UL>

<P><STRONG><a name="[9d]"></a>HAL_RCC_ClockConfig</STRONG> (Thumb, 368 bytes, Stack size 16 bytes, stm32f4xx_hal_rcc.o(i.HAL_RCC_ClockConfig))
<BR><BR>[Stack]<UL><LI>Max Depth = 96<LI>Call Chain = HAL_RCC_ClockConfig &rArr; HAL_RCC_GetSysClockFreq &rArr; __aeabi_uldivmod
</UL>
<BR>[Calls]<UL><LI><a href="#[96]">&gt;&gt;</a>&nbsp;&nbsp;&nbsp;HAL_InitTick
<LI><a href="#[9c]">&gt;&gt;</a>&nbsp;&nbsp;&nbsp;HAL_GetTick
<LI><a href="#[8c]">&gt;&gt;</a>&nbsp;&nbsp;&nbsp;HAL_RCC_GetSysClockFreq
</UL>
<BR>[Called By]<UL><LI><a href="#[f8]">&gt;&gt;</a>&nbsp;&nbsp;&nbsp;Stm32_Clock_Init
</UL>

<P><STRONG><a name="[8c]"></a>HAL_RCC_GetSysClockFreq</STRONG> (Thumb, 162 bytes, Stack size 32 bytes, stm32f4xx_hal_rcc.o(i.HAL_RCC_GetSysClockFreq))
<BR><BR>[Stack]<UL><LI>Max Depth = 80<LI>Call Chain = HAL_RCC_GetSysClockFreq &rArr; __aeabi_uldivmod
</UL>
<BR>[Calls]<UL><LI><a href="#[9e]">&gt;&gt;</a>&nbsp;&nbsp;&nbsp;__aeabi_uldivmod
</UL>
<BR>[Called By]<UL><LI><a href="#[9d]">&gt;&gt;</a>&nbsp;&nbsp;&nbsp;HAL_RCC_ClockConfig
<LI><a href="#[8b]">&gt;&gt;</a>&nbsp;&nbsp;&nbsp;BSP_CPU_ClkFreq
<LI><a href="#[87]">&gt;&gt;</a>&nbsp;&nbsp;&nbsp;systick_init
</UL>

<P><STRONG><a name="[9f]"></a>HAL_RCC_OscConfig</STRONG> (Thumb, 1152 bytes, Stack size 24 bytes, stm32f4xx_hal_rcc.o(i.HAL_RCC_OscConfig))
<BR><BR>[Stack]<UL><LI>Max Depth = 24<LI>Call Chain = HAL_RCC_OscConfig
</UL>
<BR>[Calls]<UL><LI><a href="#[9c]">&gt;&gt;</a>&nbsp;&nbsp;&nbsp;HAL_GetTick
</UL>
<BR>[Called By]<UL><LI><a href="#[f8]">&gt;&gt;</a>&nbsp;&nbsp;&nbsp;Stm32_Clock_Init
</UL>

<P><STRONG><a name="[97]"></a>HAL_SYSTICK_Config</STRONG> (Thumb, 52 bytes, Stack size 16 bytes, stm32f4xx_hal_cortex.o(i.HAL_SYSTICK_Config))
<BR><BR>[Stack]<UL><LI>Max Depth = 24<LI>Call Chain = HAL_SYSTICK_Config &rArr; __NVIC_SetPriority
</UL>
<BR>[Calls]<UL><LI><a href="#[9a]">&gt;&gt;</a>&nbsp;&nbsp;&nbsp;__NVIC_SetPriority
</UL>
<BR>[Called By]<UL><LI><a href="#[96]">&gt;&gt;</a>&nbsp;&nbsp;&nbsp;HAL_InitTick
</UL>

<P><STRONG><a name="[5]"></a>HardFault_Handler</STRONG> (Thumb, 4 bytes, Stack size 0 bytes, stm32f4xx_it.o(i.HardFault_Handler))
<BR>[Address Reference Count : 1]<UL><LI> startup_stm32f429xx.o(RESET)
</UL>
<P><STRONG><a name="[8d]"></a>LED_Init</STRONG> (Thumb, 94 bytes, Stack size 32 bytes, led.o(i.LED_Init))
<BR><BR>[Stack]<UL><LI>Max Depth = 56<LI>Call Chain = LED_Init &rArr; HAL_GPIO_Init
</UL>
<BR>[Calls]<UL><LI><a href="#[a1]">&gt;&gt;</a>&nbsp;&nbsp;&nbsp;HAL_GPIO_WritePin
<LI><a href="#[a0]">&gt;&gt;</a>&nbsp;&nbsp;&nbsp;HAL_GPIO_Init
</UL>
<BR>[Called By]<UL><LI><a href="#[86]">&gt;&gt;</a>&nbsp;&nbsp;&nbsp;BSP_Init
</UL>

<P><STRONG><a name="[6]"></a>MemManage_Handler</STRONG> (Thumb, 4 bytes, Stack size 0 bytes, stm32f4xx_it.o(i.MemManage_Handler))
<BR>[Address Reference Count : 1]<UL><LI> startup_stm32f429xx.o(RESET)
</UL>
<P><STRONG><a name="[92]"></a>Mem_Clr</STRONG> (Thumb, 18 bytes, Stack size 12 bytes, lib_mem.o(i.Mem_Clr))
<BR><BR>[Stack]<UL><LI>Max Depth = 36<LI>Call Chain = Mem_Clr &rArr; Mem_Set
</UL>
<BR>[Calls]<UL><LI><a href="#[a3]">&gt;&gt;</a>&nbsp;&nbsp;&nbsp;Mem_Set
</UL>
<BR>[Called By]<UL><LI><a href="#[90]">&gt;&gt;</a>&nbsp;&nbsp;&nbsp;CPU_NameClr
</UL>

<P><STRONG><a name="[88]"></a>Mem_Init</STRONG> (Thumb, 54 bytes, Stack size 24 bytes, lib_mem.o(i.Mem_Init))
<BR><BR>[Stack]<UL><LI>Max Depth = 76 + Unknown Stack Size
<LI>Call Chain = Mem_Init &rArr; Mem_SegCreate &rArr; Mem_SegCreateCritical
</UL>
<BR>[Calls]<UL><LI><a href="#[a5]">&gt;&gt;</a>&nbsp;&nbsp;&nbsp;CPU_SW_Exception
<LI><a href="#[a4]">&gt;&gt;</a>&nbsp;&nbsp;&nbsp;Mem_SegCreate
</UL>
<BR>[Called By]<UL><LI><a href="#[6e]">&gt;&gt;</a>&nbsp;&nbsp;&nbsp;AppStart_Task
</UL>

<P><STRONG><a name="[a4]"></a>Mem_SegCreate</STRONG> (Thumb, 74 bytes, Stack size 40 bytes, lib_mem.o(i.Mem_SegCreate))
<BR><BR>[Stack]<UL><LI>Max Depth = 52 + Unknown Stack Size
<LI>Call Chain = Mem_SegCreate &rArr; Mem_SegCreateCritical
</UL>
<BR>[Calls]<UL><LI><a href="#[91]">&gt;&gt;</a>&nbsp;&nbsp;&nbsp;CPU_SR_Save
<LI><a href="#[93]">&gt;&gt;</a>&nbsp;&nbsp;&nbsp;CPU_SR_Restore
<LI><a href="#[a6]">&gt;&gt;</a>&nbsp;&nbsp;&nbsp;Mem_SegCreateCritical
</UL>
<BR>[Called By]<UL><LI><a href="#[88]">&gt;&gt;</a>&nbsp;&nbsp;&nbsp;Mem_Init
</UL>

<P><STRONG><a name="[a3]"></a>Mem_Set</STRONG> (Thumb, 84 bytes, Stack size 24 bytes, lib_mem.o(i.Mem_Set))
<BR><BR>[Stack]<UL><LI>Max Depth = 24<LI>Call Chain = Mem_Set
</UL>
<BR>[Called By]<UL><LI><a href="#[92]">&gt;&gt;</a>&nbsp;&nbsp;&nbsp;Mem_Clr
</UL>

<P><STRONG><a name="[4]"></a>NMI_Handler</STRONG> (Thumb, 2 bytes, Stack size 0 bytes, stm32f4xx_it.o(i.NMI_Handler))
<BR>[Address Reference Count : 1]<UL><LI> startup_stm32f429xx.o(RESET)
</UL>
<P><STRONG><a name="[b6]"></a>OSCfg_Init</STRONG> (Thumb, 2 bytes, Stack size 0 bytes, os_cfg_app.o(i.OSCfg_Init))
<BR><BR>[Called By]<UL><LI><a href="#[a7]">&gt;&gt;</a>&nbsp;&nbsp;&nbsp;OSInit
</UL>

<P><STRONG><a name="[e4]"></a>OSIdleTaskHook</STRONG> (Thumb, 16 bytes, Stack size 8 bytes, os_cpu_c.o(i.OSIdleTaskHook))
<BR><BR>[Stack]<UL><LI>Max Depth = 8<LI>Call Chain = OSIdleTaskHook
</UL>
<BR>[Called By]<UL><LI><a href="#[6b]">&gt;&gt;</a>&nbsp;&nbsp;&nbsp;OS_IdleTask
</UL>

<P><STRONG><a name="[a7]"></a>OSInit</STRONG> (Thumb, 258 bytes, Stack size 16 bytes, os_core.o(i.OSInit))
<BR><BR>[Stack]<UL><LI>Max Depth = 168 + Unknown Stack Size
<LI>Call Chain = OSInit &rArr; OS_TmrInit &rArr; OSTaskCreate &rArr; OSSched &rArr; OS_PrioGetHighest
</UL>
<BR>[Calls]<UL><LI><a href="#[b4]">&gt;&gt;</a>&nbsp;&nbsp;&nbsp;OS_TmrInit
<LI><a href="#[b3]">&gt;&gt;</a>&nbsp;&nbsp;&nbsp;OS_TickTaskInit
<LI><a href="#[b1]">&gt;&gt;</a>&nbsp;&nbsp;&nbsp;OS_TaskInit
<LI><a href="#[b0]">&gt;&gt;</a>&nbsp;&nbsp;&nbsp;OS_SemInit
<LI><a href="#[af]">&gt;&gt;</a>&nbsp;&nbsp;&nbsp;OS_QInit
<LI><a href="#[a9]">&gt;&gt;</a>&nbsp;&nbsp;&nbsp;OS_PrioInit
<LI><a href="#[ae]">&gt;&gt;</a>&nbsp;&nbsp;&nbsp;OS_MutexInit
<LI><a href="#[ad]">&gt;&gt;</a>&nbsp;&nbsp;&nbsp;OS_MsgPoolInit
<LI><a href="#[ac]">&gt;&gt;</a>&nbsp;&nbsp;&nbsp;OS_MemInit
<LI><a href="#[ab]">&gt;&gt;</a>&nbsp;&nbsp;&nbsp;OS_FlagInit
<LI><a href="#[b5]">&gt;&gt;</a>&nbsp;&nbsp;&nbsp;OS_Dbg_Init
<LI><a href="#[a8]">&gt;&gt;</a>&nbsp;&nbsp;&nbsp;OSInitHook
<LI><a href="#[aa]">&gt;&gt;</a>&nbsp;&nbsp;&nbsp;OS_RdyListInit
<LI><a href="#[b2]">&gt;&gt;</a>&nbsp;&nbsp;&nbsp;OS_IdleTaskInit
<LI><a href="#[b6]">&gt;&gt;</a>&nbsp;&nbsp;&nbsp;OSCfg_Init
</UL>
<BR>[Called By]<UL><LI><a href="#[7b]">&gt;&gt;</a>&nbsp;&nbsp;&nbsp;main
</UL>

<P><STRONG><a name="[a8]"></a>OSInitHook</STRONG> (Thumb, 28 bytes, Stack size 0 bytes, os_cpu_c.o(i.OSInitHook))
<BR><BR>[Called By]<UL><LI><a href="#[a7]">&gt;&gt;</a>&nbsp;&nbsp;&nbsp;OSInit
</UL>

<P><STRONG><a name="[fa]"></a>OSIntEnter</STRONG> (Thumb, 34 bytes, Stack size 0 bytes, os_core.o(i.OSIntEnter))
<BR><BR>[Called By]<UL><LI><a href="#[c]">&gt;&gt;</a>&nbsp;&nbsp;&nbsp;SysTick_Handler
</UL>

<P><STRONG><a name="[b7]"></a>OSIntExit</STRONG> (Thumb, 188 bytes, Stack size 8 bytes, os_core.o(i.OSIntExit))
<BR><BR>[Stack]<UL><LI>Max Depth = 24 + Unknown Stack Size
<LI>Call Chain = OSIntExit &rArr; OS_PrioGetHighest
</UL>
<BR>[Calls]<UL><LI><a href="#[91]">&gt;&gt;</a>&nbsp;&nbsp;&nbsp;CPU_SR_Save
<LI><a href="#[93]">&gt;&gt;</a>&nbsp;&nbsp;&nbsp;CPU_SR_Restore
<LI><a href="#[b8]">&gt;&gt;</a>&nbsp;&nbsp;&nbsp;OS_PrioGetHighest
<LI><a href="#[b9]">&gt;&gt;</a>&nbsp;&nbsp;&nbsp;OSIntCtxSw
</UL>
<BR>[Called By]<UL><LI><a href="#[c]">&gt;&gt;</a>&nbsp;&nbsp;&nbsp;SysTick_Handler
</UL>

<P><STRONG><a name="[ba]"></a>OSMutexCreate</STRONG> (Thumb, 102 bytes, Stack size 24 bytes, os_mutex.o(i.OSMutexCreate))
<BR><BR>[Stack]<UL><LI>Max Depth = 24 + Unknown Stack Size
<LI>Call Chain = OSMutexCreate
</UL>
<BR>[Calls]<UL><LI><a href="#[91]">&gt;&gt;</a>&nbsp;&nbsp;&nbsp;CPU_SR_Save
<LI><a href="#[93]">&gt;&gt;</a>&nbsp;&nbsp;&nbsp;CPU_SR_Restore
<LI><a href="#[bc]">&gt;&gt;</a>&nbsp;&nbsp;&nbsp;OS_MutexDbgListAdd
<LI><a href="#[bb]">&gt;&gt;</a>&nbsp;&nbsp;&nbsp;OS_PendListInit
</UL>
<BR>[Called By]<UL><LI><a href="#[b4]">&gt;&gt;</a>&nbsp;&nbsp;&nbsp;OS_TmrInit
</UL>

<P><STRONG><a name="[bd]"></a>OSMutexPend</STRONG> (Thumb, 450 bytes, Stack size 64 bytes, os_mutex.o(i.OSMutexPend))
<BR><BR>[Stack]<UL><LI>Max Depth = 140 + Unknown Stack Size
<LI>Call Chain = OSMutexPend &rArr; OS_Pend &rArr; OS_TaskBlock &rArr; OS_RdyListRemove &rArr; OS_PrioRemove
</UL>
<BR>[Calls]<UL><LI><a href="#[91]">&gt;&gt;</a>&nbsp;&nbsp;&nbsp;CPU_SR_Save
<LI><a href="#[93]">&gt;&gt;</a>&nbsp;&nbsp;&nbsp;CPU_SR_Restore
<LI><a href="#[bf]">&gt;&gt;</a>&nbsp;&nbsp;&nbsp;OS_TaskChangePrio
<LI><a href="#[be]">&gt;&gt;</a>&nbsp;&nbsp;&nbsp;OS_MutexGrpAdd
<LI><a href="#[c0]">&gt;&gt;</a>&nbsp;&nbsp;&nbsp;OS_Pend
<LI><a href="#[c1]">&gt;&gt;</a>&nbsp;&nbsp;&nbsp;OSSched
</UL>
<BR>[Called By]<UL><LI><a href="#[f5]">&gt;&gt;</a>&nbsp;&nbsp;&nbsp;OS_TmrLock
</UL>

<P><STRONG><a name="[c2]"></a>OSMutexPost</STRONG> (Thumb, 384 bytes, Stack size 40 bytes, os_mutex.o(i.OSMutexPost))
<BR><BR>[Stack]<UL><LI>Max Depth = 104 + Unknown Stack Size
<LI>Call Chain = OSMutexPost &rArr; OS_Post &rArr; OS_PendListRemove &rArr; OS_PendListRemove1
</UL>
<BR>[Calls]<UL><LI><a href="#[91]">&gt;&gt;</a>&nbsp;&nbsp;&nbsp;CPU_SR_Save
<LI><a href="#[93]">&gt;&gt;</a>&nbsp;&nbsp;&nbsp;CPU_SR_Restore
<LI><a href="#[c3]">&gt;&gt;</a>&nbsp;&nbsp;&nbsp;CPU_TS_TmrRd
<LI><a href="#[c4]">&gt;&gt;</a>&nbsp;&nbsp;&nbsp;OS_MutexGrpRemove
<LI><a href="#[c5]">&gt;&gt;</a>&nbsp;&nbsp;&nbsp;OS_MutexGrpPrioFindHighest
<LI><a href="#[be]">&gt;&gt;</a>&nbsp;&nbsp;&nbsp;OS_MutexGrpAdd
<LI><a href="#[c7]">&gt;&gt;</a>&nbsp;&nbsp;&nbsp;OS_PrioInsert
<LI><a href="#[c6]">&gt;&gt;</a>&nbsp;&nbsp;&nbsp;OS_RdyListRemove
<LI><a href="#[c8]">&gt;&gt;</a>&nbsp;&nbsp;&nbsp;OS_RdyListInsertTail
<LI><a href="#[c9]">&gt;&gt;</a>&nbsp;&nbsp;&nbsp;OS_Post
<LI><a href="#[c1]">&gt;&gt;</a>&nbsp;&nbsp;&nbsp;OSSched
</UL>
<BR>[Called By]<UL><LI><a href="#[f7]">&gt;&gt;</a>&nbsp;&nbsp;&nbsp;OS_TmrUnlock
</UL>

<P><STRONG><a name="[c1]"></a>OSSched</STRONG> (Thumb, 134 bytes, Stack size 8 bytes, os_core.o(i.OSSched))
<BR><BR>[Stack]<UL><LI>Max Depth = 24 + Unknown Stack Size
<LI>Call Chain = OSSched &rArr; OS_PrioGetHighest
</UL>
<BR>[Calls]<UL><LI><a href="#[91]">&gt;&gt;</a>&nbsp;&nbsp;&nbsp;CPU_SR_Save
<LI><a href="#[93]">&gt;&gt;</a>&nbsp;&nbsp;&nbsp;CPU_SR_Restore
<LI><a href="#[b8]">&gt;&gt;</a>&nbsp;&nbsp;&nbsp;OS_PrioGetHighest
<LI><a href="#[ca]">&gt;&gt;</a>&nbsp;&nbsp;&nbsp;OSCtxSw
</UL>
<BR>[Called By]<UL><LI><a href="#[a2]">&gt;&gt;</a>&nbsp;&nbsp;&nbsp;OSTimeDly
<LI><a href="#[8a]">&gt;&gt;</a>&nbsp;&nbsp;&nbsp;OSTaskDel
<LI><a href="#[89]">&gt;&gt;</a>&nbsp;&nbsp;&nbsp;OSTaskCreate
<LI><a href="#[de]">&gt;&gt;</a>&nbsp;&nbsp;&nbsp;OS_TaskSemPost
<LI><a href="#[dc]">&gt;&gt;</a>&nbsp;&nbsp;&nbsp;OSTaskSemPend
<LI><a href="#[c2]">&gt;&gt;</a>&nbsp;&nbsp;&nbsp;OSMutexPost
<LI><a href="#[bd]">&gt;&gt;</a>&nbsp;&nbsp;&nbsp;OSMutexPend
<LI><a href="#[cd]">&gt;&gt;</a>&nbsp;&nbsp;&nbsp;OSSchedUnlock
</UL>

<P><STRONG><a name="[cb]"></a>OSSchedLock</STRONG> (Thumb, 88 bytes, Stack size 16 bytes, os_core.o(i.OSSchedLock))
<BR><BR>[Stack]<UL><LI>Max Depth = 24 + Unknown Stack Size
<LI>Call Chain = OSSchedLock &rArr; OS_SchedLockTimeMeasStart
</UL>
<BR>[Calls]<UL><LI><a href="#[91]">&gt;&gt;</a>&nbsp;&nbsp;&nbsp;CPU_SR_Save
<LI><a href="#[93]">&gt;&gt;</a>&nbsp;&nbsp;&nbsp;CPU_SR_Restore
<LI><a href="#[cc]">&gt;&gt;</a>&nbsp;&nbsp;&nbsp;OS_SchedLockTimeMeasStart
</UL>
<BR>[Called By]<UL><LI><a href="#[6d]">&gt;&gt;</a>&nbsp;&nbsp;&nbsp;OS_TmrTask
</UL>

<P><STRONG><a name="[cd]"></a>OSSchedUnlock</STRONG> (Thumb, 120 bytes, Stack size 16 bytes, os_core.o(i.OSSchedUnlock))
<BR><BR>[Stack]<UL><LI>Max Depth = 40 + Unknown Stack Size
<LI>Call Chain = OSSchedUnlock &rArr; OSSched &rArr; OS_PrioGetHighest
</UL>
<BR>[Calls]<UL><LI><a href="#[91]">&gt;&gt;</a>&nbsp;&nbsp;&nbsp;CPU_SR_Save
<LI><a href="#[93]">&gt;&gt;</a>&nbsp;&nbsp;&nbsp;CPU_SR_Restore
<LI><a href="#[ce]">&gt;&gt;</a>&nbsp;&nbsp;&nbsp;OS_SchedLockTimeMeasStop
<LI><a href="#[c1]">&gt;&gt;</a>&nbsp;&nbsp;&nbsp;OSSched
</UL>
<BR>[Called By]<UL><LI><a href="#[6d]">&gt;&gt;</a>&nbsp;&nbsp;&nbsp;OS_TmrTask
</UL>

<P><STRONG><a name="[cf]"></a>OSStart</STRONG> (Thumb, 78 bytes, Stack size 8 bytes, os_core.o(i.OSStart))
<BR><BR>[Stack]<UL><LI>Max Depth = 24 + Unknown Stack Size
<LI>Call Chain = OSStart &rArr; OS_PrioGetHighest
</UL>
<BR>[Calls]<UL><LI><a href="#[b8]">&gt;&gt;</a>&nbsp;&nbsp;&nbsp;OS_PrioGetHighest
<LI><a href="#[d0]">&gt;&gt;</a>&nbsp;&nbsp;&nbsp;OSStartHighRdy
</UL>
<BR>[Called By]<UL><LI><a href="#[7b]">&gt;&gt;</a>&nbsp;&nbsp;&nbsp;main
</UL>

<P><STRONG><a name="[89]"></a>OSTaskCreate</STRONG> (Thumb, 382 bytes, Stack size 80 bytes, os_task.o(i.OSTaskCreate))
<BR><BR>[Stack]<UL><LI>Max Depth = 104 + Unknown Stack Size
<LI>Call Chain = OSTaskCreate &rArr; OSSched &rArr; OS_PrioGetHighest
</UL>
<BR>[Calls]<UL><LI><a href="#[91]">&gt;&gt;</a>&nbsp;&nbsp;&nbsp;CPU_SR_Save
<LI><a href="#[93]">&gt;&gt;</a>&nbsp;&nbsp;&nbsp;CPU_SR_Restore
<LI><a href="#[d2]">&gt;&gt;</a>&nbsp;&nbsp;&nbsp;OSTaskStkInit
<LI><a href="#[d4]">&gt;&gt;</a>&nbsp;&nbsp;&nbsp;OSTaskCreateHook
<LI><a href="#[d1]">&gt;&gt;</a>&nbsp;&nbsp;&nbsp;OS_TaskInitTCB
<LI><a href="#[d5]">&gt;&gt;</a>&nbsp;&nbsp;&nbsp;OS_TaskDbgListAdd
<LI><a href="#[d3]">&gt;&gt;</a>&nbsp;&nbsp;&nbsp;OS_MsgQInit
<LI><a href="#[c7]">&gt;&gt;</a>&nbsp;&nbsp;&nbsp;OS_PrioInsert
<LI><a href="#[c8]">&gt;&gt;</a>&nbsp;&nbsp;&nbsp;OS_RdyListInsertTail
<LI><a href="#[c1]">&gt;&gt;</a>&nbsp;&nbsp;&nbsp;OSSched
</UL>
<BR>[Called By]<UL><LI><a href="#[7b]">&gt;&gt;</a>&nbsp;&nbsp;&nbsp;main
<LI><a href="#[6e]">&gt;&gt;</a>&nbsp;&nbsp;&nbsp;AppStart_Task
<LI><a href="#[b4]">&gt;&gt;</a>&nbsp;&nbsp;&nbsp;OS_TmrInit
<LI><a href="#[b3]">&gt;&gt;</a>&nbsp;&nbsp;&nbsp;OS_TickTaskInit
<LI><a href="#[b2]">&gt;&gt;</a>&nbsp;&nbsp;&nbsp;OS_IdleTaskInit
</UL>

<P><STRONG><a name="[d4]"></a>OSTaskCreateHook</STRONG> (Thumb, 20 bytes, Stack size 8 bytes, os_cpu_c.o(i.OSTaskCreateHook))
<BR><BR>[Stack]<UL><LI>Max Depth = 8<LI>Call Chain = OSTaskCreateHook
</UL>
<BR>[Called By]<UL><LI><a href="#[89]">&gt;&gt;</a>&nbsp;&nbsp;&nbsp;OSTaskCreate
</UL>

<P><STRONG><a name="[8a]"></a>OSTaskDel</STRONG> (Thumb, 380 bytes, Stack size 24 bytes, os_task.o(i.OSTaskDel))
<BR><BR>[Stack]<UL><LI>Max Depth = 120 + Unknown Stack Size
<LI>Call Chain = OSTaskDel &rArr; OS_MutexGrpPostAll &rArr; OS_Post &rArr; OS_PendListRemove &rArr; OS_PendListRemove1
</UL>
<BR>[Calls]<UL><LI><a href="#[91]">&gt;&gt;</a>&nbsp;&nbsp;&nbsp;CPU_SR_Save
<LI><a href="#[93]">&gt;&gt;</a>&nbsp;&nbsp;&nbsp;CPU_SR_Restore
<LI><a href="#[da]">&gt;&gt;</a>&nbsp;&nbsp;&nbsp;OSTaskDelHook
<LI><a href="#[d1]">&gt;&gt;</a>&nbsp;&nbsp;&nbsp;OS_TaskInitTCB
<LI><a href="#[db]">&gt;&gt;</a>&nbsp;&nbsp;&nbsp;OS_TaskDbgListRemove
<LI><a href="#[bf]">&gt;&gt;</a>&nbsp;&nbsp;&nbsp;OS_TaskChangePrio
<LI><a href="#[c5]">&gt;&gt;</a>&nbsp;&nbsp;&nbsp;OS_MutexGrpPrioFindHighest
<LI><a href="#[d8]">&gt;&gt;</a>&nbsp;&nbsp;&nbsp;OS_MutexGrpPostAll
<LI><a href="#[d9]">&gt;&gt;</a>&nbsp;&nbsp;&nbsp;OS_MsgQFreeAll
<LI><a href="#[d6]">&gt;&gt;</a>&nbsp;&nbsp;&nbsp;OS_TickListRemove
<LI><a href="#[c6]">&gt;&gt;</a>&nbsp;&nbsp;&nbsp;OS_RdyListRemove
<LI><a href="#[d7]">&gt;&gt;</a>&nbsp;&nbsp;&nbsp;OS_PendListRemove
<LI><a href="#[c1]">&gt;&gt;</a>&nbsp;&nbsp;&nbsp;OSSched
</UL>
<BR>[Called By]<UL><LI><a href="#[6e]">&gt;&gt;</a>&nbsp;&nbsp;&nbsp;AppStart_Task
<LI><a href="#[6a]">&gt;&gt;</a>&nbsp;&nbsp;&nbsp;OS_TaskReturn
</UL>

<P><STRONG><a name="[da]"></a>OSTaskDelHook</STRONG> (Thumb, 20 bytes, Stack size 8 bytes, os_cpu_c.o(i.OSTaskDelHook))
<BR><BR>[Stack]<UL><LI>Max Depth = 8<LI>Call Chain = OSTaskDelHook
</UL>
<BR>[Called By]<UL><LI><a href="#[8a]">&gt;&gt;</a>&nbsp;&nbsp;&nbsp;OSTaskDel
</UL>

<P><STRONG><a name="[f2]"></a>OSTaskReturnHook</STRONG> (Thumb, 20 bytes, Stack size 8 bytes, os_cpu_c.o(i.OSTaskReturnHook))
<BR><BR>[Stack]<UL><LI>Max Depth = 8<LI>Call Chain = OSTaskReturnHook
</UL>
<BR>[Called By]<UL><LI><a href="#[6a]">&gt;&gt;</a>&nbsp;&nbsp;&nbsp;OS_TaskReturn
</UL>

<P><STRONG><a name="[dc]"></a>OSTaskSemPend</STRONG> (Thumb, 446 bytes, Stack size 32 bytes, os_task.o(i.OSTaskSemPend))
<BR><BR>[Stack]<UL><LI>Max Depth = 108 + Unknown Stack Size
<LI>Call Chain = OSTaskSemPend &rArr; OS_Pend &rArr; OS_TaskBlock &rArr; OS_RdyListRemove &rArr; OS_PrioRemove
</UL>
<BR>[Calls]<UL><LI><a href="#[91]">&gt;&gt;</a>&nbsp;&nbsp;&nbsp;CPU_SR_Save
<LI><a href="#[93]">&gt;&gt;</a>&nbsp;&nbsp;&nbsp;CPU_SR_Restore
<LI><a href="#[c3]">&gt;&gt;</a>&nbsp;&nbsp;&nbsp;CPU_TS_TmrRd
<LI><a href="#[c0]">&gt;&gt;</a>&nbsp;&nbsp;&nbsp;OS_Pend
<LI><a href="#[c1]">&gt;&gt;</a>&nbsp;&nbsp;&nbsp;OSSched
</UL>
<BR>[Called By]<UL><LI><a href="#[6c]">&gt;&gt;</a>&nbsp;&nbsp;&nbsp;OS_TickTask
<LI><a href="#[6d]">&gt;&gt;</a>&nbsp;&nbsp;&nbsp;OS_TmrTask
</UL>

<P><STRONG><a name="[dd]"></a>OSTaskSemPost</STRONG> (Thumb, 62 bytes, Stack size 24 bytes, os_task.o(i.OSTaskSemPost))
<BR><BR>[Stack]<UL><LI>Max Depth = 120 + Unknown Stack Size
<LI>Call Chain = OSTaskSemPost &rArr; OS_TaskSemPost &rArr; OS_Post &rArr; OS_PendListRemove &rArr; OS_PendListRemove1
</UL>
<BR>[Calls]<UL><LI><a href="#[c3]">&gt;&gt;</a>&nbsp;&nbsp;&nbsp;CPU_TS_TmrRd
<LI><a href="#[de]">&gt;&gt;</a>&nbsp;&nbsp;&nbsp;OS_TaskSemPost
</UL>
<BR>[Called By]<UL><LI><a href="#[e2]">&gt;&gt;</a>&nbsp;&nbsp;&nbsp;OSTimeTick
</UL>

<P><STRONG><a name="[d2]"></a>OSTaskStkInit</STRONG> (Thumb, 600 bytes, Stack size 20 bytes, os_cpu_c.o(i.OSTaskStkInit))
<BR><BR>[Stack]<UL><LI>Max Depth = 20<LI>Call Chain = OSTaskStkInit
</UL>
<BR>[Called By]<UL><LI><a href="#[89]">&gt;&gt;</a>&nbsp;&nbsp;&nbsp;OSTaskCreate
</UL>

<P><STRONG><a name="[81]"></a>OSTaskSwHook</STRONG> (Thumb, 168 bytes, Stack size 8 bytes, os_cpu_c.o(i.OSTaskSwHook))
<BR><BR>[Stack]<UL><LI>Max Depth = 8 + Unknown Stack Size
<LI>Call Chain = OSTaskSwHook
</UL>
<BR>[Calls]<UL><LI><a href="#[c3]">&gt;&gt;</a>&nbsp;&nbsp;&nbsp;CPU_TS_TmrRd
<LI><a href="#[e0]">&gt;&gt;</a>&nbsp;&nbsp;&nbsp;OS_CPU_FP_Reg_Pop
<LI><a href="#[df]">&gt;&gt;</a>&nbsp;&nbsp;&nbsp;OS_CPU_FP_Reg_Push
</UL>
<BR>[Called By]<UL><LI><a href="#[b]">&gt;&gt;</a>&nbsp;&nbsp;&nbsp;PendSV_Handler
</UL>

<P><STRONG><a name="[a2]"></a>OSTimeDly</STRONG> (Thumb, 156 bytes, Stack size 24 bytes, os_time.o(i.OSTimeDly))
<BR><BR>[Stack]<UL><LI>Max Depth = 64 + Unknown Stack Size
<LI>Call Chain = OSTimeDly &rArr; OS_TickListInsertDly &rArr; OS_TickListInsert
</UL>
<BR>[Calls]<UL><LI><a href="#[91]">&gt;&gt;</a>&nbsp;&nbsp;&nbsp;CPU_SR_Save
<LI><a href="#[93]">&gt;&gt;</a>&nbsp;&nbsp;&nbsp;CPU_SR_Restore
<LI><a href="#[e1]">&gt;&gt;</a>&nbsp;&nbsp;&nbsp;OS_TickListInsertDly
<LI><a href="#[c6]">&gt;&gt;</a>&nbsp;&nbsp;&nbsp;OS_RdyListRemove
<LI><a href="#[c1]">&gt;&gt;</a>&nbsp;&nbsp;&nbsp;OSSched
</UL>
<BR>[Called By]<UL><LI><a href="#[69]">&gt;&gt;</a>&nbsp;&nbsp;&nbsp;Led1_Task
</UL>

<P><STRONG><a name="[e2]"></a>OSTimeTick</STRONG> (Thumb, 50 bytes, Stack size 8 bytes, os_time.o(i.OSTimeTick))
<BR><BR>[Stack]<UL><LI>Max Depth = 128 + Unknown Stack Size
<LI>Call Chain = OSTimeTick &rArr; OSTaskSemPost &rArr; OS_TaskSemPost &rArr; OS_Post &rArr; OS_PendListRemove &rArr; OS_PendListRemove1
</UL>
<BR>[Calls]<UL><LI><a href="#[e3]">&gt;&gt;</a>&nbsp;&nbsp;&nbsp;OSTimeTickHook
<LI><a href="#[dd]">&gt;&gt;</a>&nbsp;&nbsp;&nbsp;OSTaskSemPost
</UL>
<BR>[Called By]<UL><LI><a href="#[c]">&gt;&gt;</a>&nbsp;&nbsp;&nbsp;SysTick_Handler
</UL>

<P><STRONG><a name="[e3]"></a>OSTimeTickHook</STRONG> (Thumb, 16 bytes, Stack size 8 bytes, os_cpu_c.o(i.OSTimeTickHook))
<BR><BR>[Stack]<UL><LI>Max Depth = 8<LI>Call Chain = OSTimeTickHook
</UL>
<BR>[Called By]<UL><LI><a href="#[e2]">&gt;&gt;</a>&nbsp;&nbsp;&nbsp;OSTimeTick
</UL>

<P><STRONG><a name="[b5]"></a>OS_Dbg_Init</STRONG> (Thumb, 146 bytes, Stack size 0 bytes, os_dbg.o(i.OS_Dbg_Init))
<BR><BR>[Called By]<UL><LI><a href="#[a7]">&gt;&gt;</a>&nbsp;&nbsp;&nbsp;OSInit
</UL>

<P><STRONG><a name="[ab]"></a>OS_FlagInit</STRONG> (Thumb, 14 bytes, Stack size 0 bytes, os_flag.o(i.OS_FlagInit))
<BR><BR>[Called By]<UL><LI><a href="#[a7]">&gt;&gt;</a>&nbsp;&nbsp;&nbsp;OSInit
</UL>

<P><STRONG><a name="[6b]"></a>OS_IdleTask</STRONG> (Thumb, 48 bytes, Stack size 0 bytes, os_core.o(i.OS_IdleTask))
<BR><BR>[Stack]<UL><LI>Max Depth = 8 + Unknown Stack Size
<LI>Call Chain = OS_IdleTask &rArr; OSIdleTaskHook
</UL>
<BR>[Calls]<UL><LI><a href="#[91]">&gt;&gt;</a>&nbsp;&nbsp;&nbsp;CPU_SR_Save
<LI><a href="#[93]">&gt;&gt;</a>&nbsp;&nbsp;&nbsp;CPU_SR_Restore
<LI><a href="#[e4]">&gt;&gt;</a>&nbsp;&nbsp;&nbsp;OSIdleTaskHook
</UL>
<BR>[Address Reference Count : 1]<UL><LI> os_core.o(i.OS_IdleTaskInit)
</UL>
<P><STRONG><a name="[b2]"></a>OS_IdleTaskInit</STRONG> (Thumb, 66 bytes, Stack size 48 bytes, os_core.o(i.OS_IdleTaskInit))
<BR><BR>[Stack]<UL><LI>Max Depth = 152 + Unknown Stack Size
<LI>Call Chain = OS_IdleTaskInit &rArr; OSTaskCreate &rArr; OSSched &rArr; OS_PrioGetHighest
</UL>
<BR>[Calls]<UL><LI><a href="#[89]">&gt;&gt;</a>&nbsp;&nbsp;&nbsp;OSTaskCreate
</UL>
<BR>[Called By]<UL><LI><a href="#[a7]">&gt;&gt;</a>&nbsp;&nbsp;&nbsp;OSInit
</UL>

<P><STRONG><a name="[ac]"></a>OS_MemInit</STRONG> (Thumb, 14 bytes, Stack size 0 bytes, os_mem.o(i.OS_MemInit))
<BR><BR>[Called By]<UL><LI><a href="#[a7]">&gt;&gt;</a>&nbsp;&nbsp;&nbsp;OSInit
</UL>

<P><STRONG><a name="[ad]"></a>OS_MsgPoolInit</STRONG> (Thumb, 110 bytes, Stack size 16 bytes, os_msg.o(i.OS_MsgPoolInit))
<BR><BR>[Stack]<UL><LI>Max Depth = 16<LI>Call Chain = OS_MsgPoolInit
</UL>
<BR>[Called By]<UL><LI><a href="#[a7]">&gt;&gt;</a>&nbsp;&nbsp;&nbsp;OSInit
</UL>

<P><STRONG><a name="[d9]"></a>OS_MsgQFreeAll</STRONG> (Thumb, 62 bytes, Stack size 8 bytes, os_msg.o(i.OS_MsgQFreeAll))
<BR><BR>[Stack]<UL><LI>Max Depth = 8<LI>Call Chain = OS_MsgQFreeAll
</UL>
<BR>[Called By]<UL><LI><a href="#[8a]">&gt;&gt;</a>&nbsp;&nbsp;&nbsp;OSTaskDel
</UL>

<P><STRONG><a name="[d3]"></a>OS_MsgQInit</STRONG> (Thumb, 14 bytes, Stack size 0 bytes, os_msg.o(i.OS_MsgQInit))
<BR><BR>[Called By]<UL><LI><a href="#[89]">&gt;&gt;</a>&nbsp;&nbsp;&nbsp;OSTaskCreate
<LI><a href="#[d1]">&gt;&gt;</a>&nbsp;&nbsp;&nbsp;OS_TaskInitTCB
</UL>

<P><STRONG><a name="[bc]"></a>OS_MutexDbgListAdd</STRONG> (Thumb, 38 bytes, Stack size 0 bytes, os_mutex.o(i.OS_MutexDbgListAdd))
<BR><BR>[Called By]<UL><LI><a href="#[ba]">&gt;&gt;</a>&nbsp;&nbsp;&nbsp;OSMutexCreate
</UL>

<P><STRONG><a name="[be]"></a>OS_MutexGrpAdd</STRONG> (Thumb, 8 bytes, Stack size 0 bytes, os_mutex.o(i.OS_MutexGrpAdd))
[...]
<BR><BR>[Called By]<UL><LI><a href="#[a7]">&gt;&gt;</a>&nbsp;&nbsp;&nbsp;OSInit
</UL>

<P><STRONG><a name="[ed]"></a>OS_RdyListInsert</STRONG> (Thumb, 40 bytes, Stack size 8 bytes, os_core.o(i.OS_RdyListInsert))
<BR><BR>[Stack]<UL><LI>Max Depth = 20<LI>Call Chain = OS_RdyListInsert &rArr; OS_PrioInsert
</UL>
<BR>[Calls]<UL><LI><a href="#[c7]">&gt;&gt;</a>&nbsp;&nbsp;&nbsp;OS_PrioInsert
<LI><a href="#[c8]">&gt;&gt;</a>&nbsp;&nbsp;&nbsp;OS_RdyListInsertTail
<LI><a href="#[ef]">&gt;&gt;</a>&nbsp;&nbsp;&nbsp;OS_RdyListInsertHead
</UL>
<BR>[Called By]<UL><LI><a href="#[f4]">&gt;&gt;</a>&nbsp;&nbsp;&nbsp;OS_TickListUpdateTimeout
<LI><a href="#[f3]">&gt;&gt;</a>&nbsp;&nbsp;&nbsp;OS_TickListUpdateDly
<LI><a href="#[c9]">&gt;&gt;</a>&nbsp;&nbsp;&nbsp;OS_Post
</UL>

<P><STRONG><a name="[ef]"></a>OS_RdyListInsertHead</STRONG> (Thumb, 58 bytes, Stack size 8 bytes, os_core.o(i.OS_RdyListInsertHead))
<BR><BR>[Stack]<UL><LI>Max Depth = 8<LI>Call Chain = OS_RdyListInsertHead
</UL>
<BR>[Called By]<UL><LI><a href="#[bf]">&gt;&gt;</a>&nbsp;&nbsp;&nbsp;OS_TaskChangePrio
<LI><a href="#[ed]">&gt;&gt;</a>&nbsp;&nbsp;&nbsp;OS_RdyListInsert
</UL>

<P><STRONG><a name="[c8]"></a>OS_RdyListInsertTail</STRONG> (Thumb, 56 bytes, Stack size 8 bytes, os_core.o(i.OS_RdyListInsertTail))
<BR><BR>[Stack]<UL><LI>Max Depth = 8<LI>Call Chain = OS_RdyListInsertTail
</UL>
<BR>[Called By]<UL><LI><a href="#[89]">&gt;&gt;</a>&nbsp;&nbsp;&nbsp;OSTaskCreate
<LI><a href="#[bf]">&gt;&gt;</a>&nbsp;&nbsp;&nbsp;OS_TaskChangePrio
<LI><a href="#[c2]">&gt;&gt;</a>&nbsp;&nbsp;&nbsp;OSMutexPost
<LI><a href="#[ed]">&gt;&gt;</a>&nbsp;&nbsp;&nbsp;OS_RdyListInsert
</UL>

<P><STRONG><a name="[c6]"></a>OS_RdyListRemove</STRONG> (Thumb, 86 bytes, Stack size 24 bytes, os_core.o(i.OS_RdyListRemove))
<BR><BR>[Stack]<UL><LI>Max Depth = 36<LI>Call Chain = OS_RdyListRemove &rArr; OS_PrioRemove
</UL>
<BR>[Calls]<UL><LI><a href="#[f0]">&gt;&gt;</a>&nbsp;&nbsp;&nbsp;OS_PrioRemove
</UL>
<BR>[Called By]<UL><LI><a href="#[a2]">&gt;&gt;</a>&nbsp;&nbsp;&nbsp;OSTimeDly
<LI><a href="#[8a]">&gt;&gt;</a>&nbsp;&nbsp;&nbsp;OSTaskDel
<LI><a href="#[bf]">&gt;&gt;</a>&nbsp;&nbsp;&nbsp;OS_TaskChangePrio
<LI><a href="#[c2]">&gt;&gt;</a>&nbsp;&nbsp;&nbsp;OSMutexPost
<LI><a href="#[e5]">&gt;&gt;</a>&nbsp;&nbsp;&nbsp;OS_TaskBlock
</UL>

<P><STRONG><a name="[cc]"></a>OS_SchedLockTimeMeasStart</STRONG> (Thumb, 20 bytes, Stack size 8 bytes, os_core.o(i.OS_SchedLockTimeMeasStart))
<BR><BR>[Stack]<UL><LI>Max Depth = 8<LI>Call Chain = OS_SchedLockTimeMeasStart
</UL>
<BR>[Calls]<UL><LI><a href="#[c3]">&gt;&gt;</a>&nbsp;&nbsp;&nbsp;CPU_TS_TmrRd
</UL>
<BR>[Called By]<UL><LI><a href="#[cb]">&gt;&gt;</a>&nbsp;&nbsp;&nbsp;OSSchedLock
</UL>

<P><STRONG><a name="[ce]"></a>OS_SchedLockTimeMeasStop</STRONG> (Thumb, 44 bytes, Stack size 8 bytes, os_core.o(i.OS_SchedLockTimeMeasStop))
<BR><BR>[Stack]<UL><LI>Max Depth = 8<LI>Call Chain = OS_SchedLockTimeMeasStop
</UL>
<BR>[Calls]<UL><LI><a href="#[c3]">&gt;&gt;</a>&nbsp;&nbsp;&nbsp;CPU_TS_TmrRd
</UL>
<BR>[Called By]<UL><LI><a href="#[cd]">&gt;&gt;</a>&nbsp;&nbsp;&nbsp;OSSchedUnlock
</UL>

<P><STRONG><a name="[b0]"></a>OS_SemInit</STRONG> (Thumb, 14 bytes, Stack size 0 bytes, os_sem.o(i.OS_SemInit))
<BR><BR>[Called By]<UL><LI><a href="#[a7]">&gt;&gt;</a>&nbsp;&nbsp;&nbsp;OSInit
</UL>

<P><STRONG><a name="[e5]"></a>OS_TaskBlock</STRONG> (Thumb, 40 bytes, Stack size 16 bytes, os_core.o(i.OS_TaskBlock))
<BR><BR>[Stack]<UL><LI>Max Depth = 52<LI>Call Chain = OS_TaskBlock &rArr; OS_RdyListRemove &rArr; OS_PrioRemove
</UL>
<BR>[Calls]<UL><LI><a href="#[f1]">&gt;&gt;</a>&nbsp;&nbsp;&nbsp;OS_TickListInsert
<LI><a href="#[c6]">&gt;&gt;</a>&nbsp;&nbsp;&nbsp;OS_RdyListRemove
</UL>
<BR>[Called By]<UL><LI><a href="#[c0]">&gt;&gt;</a>&nbsp;&nbsp;&nbsp;OS_Pend
</UL>

<P><STRONG><a name="[bf]"></a>OS_TaskChangePrio</STRONG> (Thumb, 232 bytes, Stack size 24 bytes, os_task.o(i.OS_TaskChangePrio))
<BR><BR>[Stack]<UL><LI>Max Depth = 68<LI>Call Chain = OS_TaskChangePrio &rArr; OS_PendListChangePrio &rArr; OS_PendListInsertPrio
</UL>
<BR>[Calls]<UL><LI><a href="#[c5]">&gt;&gt;</a>&nbsp;&nbsp;&nbsp;OS_MutexGrpPrioFindHighest
<LI><a href="#[c7]">&gt;&gt;</a>&nbsp;&nbsp;&nbsp;OS_PrioInsert
<LI><a href="#[c6]">&gt;&gt;</a>&nbsp;&nbsp;&nbsp;OS_RdyListRemove
<LI><a href="#[c8]">&gt;&gt;</a>&nbsp;&nbsp;&nbsp;OS_RdyListInsertTail
<LI><a href="#[ef]">&gt;&gt;</a>&nbsp;&nbsp;&nbsp;OS_RdyListInsertHead
<LI><a href="#[e9]">&gt;&gt;</a>&nbsp;&nbsp;&nbsp;OS_PendListChangePrio
</UL>
<BR>[Called By]<UL><LI><a href="#[8a]">&gt;&gt;</a>&nbsp;&nbsp;&nbsp;OSTaskDel
<LI><a href="#[f4]">&gt;&gt;</a>&nbsp;&nbsp;&nbsp;OS_TickListUpdateTimeout
<LI><a href="#[bd]">&gt;&gt;</a>&nbsp;&nbsp;&nbsp;OSMutexPend
</UL>

<P><STRONG><a name="[d5]"></a>OS_TaskDbgListAdd</STRONG> (Thumb, 42 bytes, Stack size 0 bytes, os_task.o(i.OS_TaskDbgListAdd))
<BR><BR>[Called By]<UL><LI><a href="#[89]">&gt;&gt;</a>&nbsp;&nbsp;&nbsp;OSTaskCreate
</UL>

<P><STRONG><a name="[db]"></a>OS_TaskDbgListRemove</STRONG> (Thumb, 64 bytes, Stack size 0 bytes, os_task.o(i.OS_TaskDbgListRemove))
<BR><BR>[Called By]<UL><LI><a href="#[8a]">&gt;&gt;</a>&nbsp;&nbsp;&nbsp;OSTaskDel
</UL>

<P><STRONG><a name="[b1]"></a>OS_TaskInit</STRONG> (Thumb, 18 bytes, Stack size 0 bytes, os_task.o(i.OS_TaskInit))
<BR><BR>[Called By]<UL><LI><a href="#[a7]">&gt;&gt;</a>&nbsp;&nbsp;&nbsp;OSInit
</UL>

<P><STRONG><a name="[d1]"></a>OS_TaskInitTCB</STRONG> (Thumb, 176 bytes, Stack size 16 bytes, os_task.o(i.OS_TaskInitTCB))
<BR><BR>[Stack]<UL><LI>Max Depth = 16<LI>Call Chain = OS_TaskInitTCB
</UL>
<BR>[Calls]<UL><LI><a href="#[c3]">&gt;&gt;</a>&nbsp;&nbsp;&nbsp;CPU_TS_TmrRd
<LI><a href="#[d3]">&gt;&gt;</a>&nbsp;&nbsp;&nbsp;OS_MsgQInit
</UL>
<BR>[Called By]<UL><LI><a href="#[8a]">&gt;&gt;</a>&nbsp;&nbsp;&nbsp;OSTaskDel
<LI><a href="#[89]">&gt;&gt;</a>&nbsp;&nbsp;&nbsp;OSTaskCreate
</UL>

<P><STRONG><a name="[6a]"></a>OS_TaskReturn</STRONG> (Thumb, 20 bytes, Stack size 8 bytes, os_task.o(i.OS_TaskReturn))
<BR><BR>[Stack]<UL><LI>Max Depth = 128 + Unknown Stack Size
<LI>Call Chain = OS_TaskReturn &rArr; OSTaskDel &rArr; OS_MutexGrpPostAll &rArr; OS_Post &rArr; OS_PendListRemove &rArr; OS_PendListRemove1
</UL>
<BR>[Calls]<UL><LI><a href="#[8a]">&gt;&gt;</a>&nbsp;&nbsp;&nbsp;OSTaskDel
<LI><a href="#[f2]">&gt;&gt;</a>&nbsp;&nbsp;&nbsp;OSTaskReturnHook
</UL>
<BR>[Address Reference Count : 1]<UL><LI> os_cpu_c.o(i.OSTaskStkInit)
</UL>
<P><STRONG><a name="[de]"></a>OS_TaskSemPost</STRONG> (Thumb, 448 bytes, Stack size 32 bytes, os_task.o(i.OS_TaskSemPost))
<BR><BR>[Stack]<UL><LI>Max Depth = 96 + Unknown Stack Size
<LI>Call Chain = OS_TaskSemPost &rArr; OS_Post &rArr; OS_PendListRemove &rArr; OS_PendListRemove1
</UL>
<BR>[Calls]<UL><LI><a href="#[91]">&gt;&gt;</a>&nbsp;&nbsp;&nbsp;CPU_SR_Save
<LI><a href="#[93]">&gt;&gt;</a>&nbsp;&nbsp;&nbsp;CPU_SR_Restore
<LI><a href="#[c9]">&gt;&gt;</a>&nbsp;&nbsp;&nbsp;OS_Post
<LI><a href="#[c1]">&gt;&gt;</a>&nbsp;&nbsp;&nbsp;OSSched
</UL>
<BR>[Called By]<UL><LI><a href="#[dd]">&gt;&gt;</a>&nbsp;&nbsp;&nbsp;OSTaskSemPost
</UL>

<P><STRONG><a name="[f1]"></a>OS_TickListInsert</STRONG> (Thumb, 134 bytes, Stack size 16 bytes, os_tick.o(i.OS_TickListInsert))
<BR><BR>[Stack]<UL><LI>Max Depth = 16<LI>Call Chain = OS_TickListInsert
</UL>
<BR>[Called By]<UL><LI><a href="#[e1]">&gt;&gt;</a>&nbsp;&nbsp;&nbsp;OS_TickListInsertDly
<LI><a href="#[e5]">&gt;&gt;</a>&nbsp;&nbsp;&nbsp;OS_TaskBlock
</UL>

<P><STRONG><a name="[e1]"></a>OS_TickListInsertDly</STRONG> (Thumb, 180 bytes, Stack size 24 bytes, os_tick.o(i.OS_TickListInsertDly))
<BR><BR>[Stack]<UL><LI>Max Depth = 40<LI>Call Chain = OS_TickListInsertDly &rArr; OS_TickListInsert
</UL>
<BR>[Calls]<UL><LI><a href="#[f1]">&gt;&gt;</a>&nbsp;&nbsp;&nbsp;OS_TickListInsert
</UL>
<BR>[Called By]<UL><LI><a href="#[a2]">&gt;&gt;</a>&nbsp;&nbsp;&nbsp;OSTimeDly
</UL>

<P><STRONG><a name="[d6]"></a>OS_TickListRemove</STRONG> (Thumb, 88 bytes, Stack size 12 bytes, os_tick.o(i.OS_TickListRemove))
<BR><BR>[Stack]<UL><LI>Max Depth = 12<LI>Call Chain = OS_TickListRemove
</UL>
<BR>[Called By]<UL><LI><a href="#[8a]">&gt;&gt;</a>&nbsp;&nbsp;&nbsp;OSTaskDel
<LI><a href="#[c9]">&gt;&gt;</a>&nbsp;&nbsp;&nbsp;OS_Post
</UL>

<P><STRONG><a name="[6c]"></a>OS_TickTask</STRONG> (Thumb, 90 bytes, Stack size 8 bytes, os_tick.o(i.OS_TickTask))
<BR><BR>[Stack]<UL><LI>Max Depth = 116 + Unknown Stack Size
<LI>Call Chain = OS_TickTask &rArr; OS_TickListUpdateTimeout &rArr; OS_TaskChangePrio &rArr; OS_PendListChangePrio &rArr; OS_PendListInsertPrio
</UL>
<BR>[Calls]<UL><LI><a href="#[91]">&gt;&gt;</a>&nbsp;&nbsp;&nbsp;CPU_SR_Save
<LI><a href="#[93]">&gt;&gt;</a>&nbsp;&nbsp;&nbsp;CPU_SR_Restore
<LI><a href="#[f4]">&gt;&gt;</a>&nbsp;&nbsp;&nbsp;OS_TickListUpdateTimeout
<LI><a href="#[f3]">&gt;&gt;</a>&nbsp;&nbsp;&nbsp;OS_TickListUpdateDly
<LI><a href="#[dc]">&gt;&gt;</a>&nbsp;&nbsp;&nbsp;OSTaskSemPend
</UL>
<BR>[Address Reference Count : 1]<UL><LI> os_tick.o(i.OS_TickTaskInit)
</UL>
<P><STRONG><a name="[b3]"></a>OS_TickTaskInit</STRONG> (Thumb, 140 bytes, Stack size 48 bytes, os_tick.o(i.OS_TickTaskInit))
<BR><BR>[Stack]<UL><LI>Max Depth = 152 + Unknown Stack Size
<LI>Call Chain = OS_TickTaskInit &rArr; OSTaskCreate &rArr; OSSched &rArr; OS_PrioGetHighest
</UL>
<BR>[Calls]<UL><LI><a href="#[89]">&gt;&gt;</a>&nbsp;&nbsp;&nbsp;OSTaskCreate
</UL>
<BR>[Called By]<UL><LI><a href="#[a7]">&gt;&gt;</a>&nbsp;&nbsp;&nbsp;OSInit
</UL>

<P><STRONG><a name="[b4]"></a>OS_TmrInit</STRONG> (Thumb, 200 bytes, Stack size 48 bytes, os_tmr.o(i.OS_TmrInit))
<BR><BR>[Stack]<UL><LI>Max Depth = 152 + Unknown Stack Size
<LI>Call Chain = OS_TmrInit &rArr; OSTaskCreate &rArr; OSSched &rArr; OS_PrioGetHighest
</UL>
<BR>[Calls]<UL><LI><a href="#[89]">&gt;&gt;</a>&nbsp;&nbsp;&nbsp;OSTaskCreate
<LI><a href="#[ba]">&gt;&gt;</a>&nbsp;&nbsp;&nbsp;OSMutexCreate
</UL>
<BR>[Called By]<UL><LI><a href="#[a7]">&gt;&gt;</a>&nbsp;&nbsp;&nbsp;OSInit
</UL>

<P><STRONG><a name="[6d]"></a>OS_TmrTask</STRONG> (Thumb, 134 bytes, Stack size 16 bytes, os_tmr.o(i.OS_TmrTask))
<BR><BR>[Stack]<UL><LI>Max Depth = 172 + Unknown Stack Size
<LI>Call Chain = OS_TmrTask &rArr; OS_TmrLock &rArr; OSMutexPend &rArr; OS_Pend &rArr; OS_TaskBlock &rArr; OS_RdyListRemove &rArr; OS_PrioRemove
</UL>
<BR>[Calls]<UL><LI><a href="#[c3]">&gt;&gt;</a>&nbsp;&nbsp;&nbsp;CPU_TS_TmrRd
<LI><a href="#[f7]">&gt;&gt;</a>&nbsp;&nbsp;&nbsp;OS_TmrUnlock
<LI><a href="#[f5]">&gt;&gt;</a>&nbsp;&nbsp;&nbsp;OS_TmrLock
<LI><a href="#[dc]">&gt;&gt;</a>&nbsp;&nbsp;&nbsp;OSTaskSemPend
<LI><a href="#[cd]">&gt;&gt;</a>&nbsp;&nbsp;&nbsp;OSSchedUnlock
<LI><a href="#[cb]">&gt;&gt;</a>&nbsp;&nbsp;&nbsp;OSSchedLock
<LI><a href="#[f6]">&gt;&gt;</a>&nbsp;&nbsp;&nbsp;OS_TmrUnlink
</UL>
<BR>[Address Reference Count : 1]<UL><LI> os_tmr.o(i.OS_TmrInit)
</UL>
<P><STRONG><a name="[f6]"></a>OS_TmrUnlink</STRONG> (Thumb, 58 bytes, Stack size 8 bytes, os_tmr.o(i.OS_TmrUnlink))
<BR><BR>[Stack]<UL><LI>Max Depth = 8<LI>Call Chain = OS_TmrUnlink
</UL>
<BR>[Called By]<UL><LI><a href="#[6d]">&gt;&gt;</a>&nbsp;&nbsp;&nbsp;OS_TmrTask
</UL>

<P><STRONG><a name="[f8]"></a>Stm32_Clock_Init</STRONG> (Thumb, 178 bytes, Stack size 96 bytes, sys.o(i.Stm32_Clock_Init))
<BR><BR>[Stack]<UL><LI>Max Depth = 192<LI>Call Chain = Stm32_Clock_Init &rArr; HAL_RCC_ClockConfig &rArr; HAL_RCC_GetSysClockFreq &rArr; __aeabi_uldivmod
</UL>
<BR>[Calls]<UL><LI><a href="#[9f]">&gt;&gt;</a>&nbsp;&nbsp;&nbsp;HAL_RCC_OscConfig
<LI><a href="#[9d]">&gt;&gt;</a>&nbsp;&nbsp;&nbsp;HAL_RCC_ClockConfig
<LI><a href="#[9b]">&gt;&gt;</a>&nbsp;&nbsp;&nbsp;HAL_PWREx_EnableOverDrive
</UL>
<BR>[Called By]<UL><LI><a href="#[7b]">&gt;&gt;</a>&nbsp;&nbsp;&nbsp;main
</UL>

<P><STRONG><a name="[c]"></a>SysTick_Handler</STRONG> (Thumb, 20 bytes, Stack size 8 bytes, stm32f4xx_it.o(i.SysTick_Handler))
<BR><BR>[Stack]<UL><LI>Max Depth = 136 + Unknown Stack Size
<LI>Call Chain = SysTick_Handler &rArr; OSTimeTick &rArr; OSTaskSemPost &rArr; OS_TaskSemPost &rArr; OS_Post &rArr; OS_PendListRemove &rArr; OS_PendListRemove1
</UL>
<BR>[Calls]<UL><LI><a href="#[f9]">&gt;&gt;</a>&nbsp;&nbsp;&nbsp;HAL_IncTick
<LI><a href="#[e2]">&gt;&gt;</a>&nbsp;&nbsp;&nbsp;OSTimeTick
<LI><a href="#[b7]">&gt;&gt;</a>&nbsp;&nbsp;&nbsp;OSIntExit
<LI><a href="#[fa]">&gt;&gt;</a>&nbsp;&nbsp;&nbsp;OSIntEnter
</UL>
<BR>[Address Reference Count : 1]<UL><LI> startup_stm32f429xx.o(RESET)
</UL>
<P><STRONG><a name="[67]"></a>SystemInit</STRONG> (Thumb, 82 bytes, Stack size 0 bytes, system_stm32f4xx.o(i.SystemInit))
<BR>[Address Reference Count : 1]<UL><LI> startup_stm32f429xx.o(.text)
</UL>
<P><STRONG><a name="[8]"></a>UsageFault_Handler</STRONG> (Thumb, 4 bytes, Stack size 0 bytes, stm32f4xx_it.o(i.UsageFault_Handler))
<BR>[Address Reference Count : 1]<UL><LI> startup_stm32f429xx.o(RESET)
</UL>
<P><STRONG><a name="[7b]"></a>main</STRONG> (Thumb, 82 bytes, Stack size 48 bytes, main.o(i.main))
<BR><BR>[Stack]<UL><LI>Max Depth = 240 + Unknown Stack Size
<LI>Call Chain = main &rArr; Stm32_Clock_Init &rArr; HAL_RCC_ClockConfig &rArr; HAL_RCC_GetSysClockFreq &rArr; __aeabi_uldivmod
</UL>
<BR>[Calls]<UL><LI><a href="#[f8]">&gt;&gt;</a>&nbsp;&nbsp;&nbsp;Stm32_Clock_Init
<LI><a href="#[89]">&gt;&gt;</a>&nbsp;&nbsp;&nbsp;OSTaskCreate
<LI><a href="#[cf]">&gt;&gt;</a>&nbsp;&nbsp;&nbsp;OSStart
<LI><a href="#[a7]">&gt;&gt;</a>&nbsp;&nbsp;&nbsp;OSInit
</UL>
<BR>[Called By]<UL><LI><a href="#[7a]">&gt;&gt;</a>&nbsp;&nbsp;&nbsp;__rt_entry_main
</UL>

<P><STRONG><a name="[87]"></a>systick_init</STRONG> (Thumb, 46 bytes, Stack size 16 bytes, main.o(i.systick_init))
<BR><BR>[Stack]<UL><LI>Max Depth = 96<LI>Call Chain = systick_init &rArr; HAL_RCC_GetSysClockFreq &rArr; __aeabi_uldivmod
</UL>
<BR>[Calls]<UL><LI><a href="#[8c]">&gt;&gt;</a>&nbsp;&nbsp;&nbsp;HAL_RCC_GetSysClockFreq
</UL>
<BR>[Called By]<UL><LI><a href="#[6e]">&gt;&gt;</a>&nbsp;&nbsp;&nbsp;AppStart_Task
</UL>

<P><STRONG><a name="[75]"></a>_fp_init</STRONG> (Thumb, 10 bytes, Stack size 0 bytes, fpinit.o(x$fpl$fpinit))
<BR><BR>[Called By]<UL><LI><a href="#[74]">&gt;&gt;</a>&nbsp;&nbsp;&nbsp;__rt_lib_init_fp_1
</UL>

<P><STRONG><a name="[12c]"></a>__fplib_config_fpu_vfp</STRONG> (Thumb, 0 bytes, Stack size unknown bytes, fpinit.o(x$fpl$fpinit), UNUSED)

<P><STRONG><a name="[12d]"></a>__fplib_config_pureend_doubles</STRONG> (Thumb, 0 bytes, Stack size unknown bytes, fpinit.o(x$fpl$fpinit), UNUSED)
<P>
<H3>
Local Symbols
</H3>
<P><STRONG><a name="[99]"></a>__NVIC_GetPriorityGrouping</STRONG> (Thumb, 10 bytes, Stack size 0 bytes, stm32f4xx_hal_cortex.o(i.__NVIC_GetPriorityGrouping))
<BR><BR>[Called By]<UL><LI><a href="#[98]">&gt;&gt;</a>&nbsp;&nbsp;&nbsp;HAL_NVIC_SetPriority
</UL>

<P><STRONG><a name="[9a]"></a>__NVIC_SetPriority</STRONG> (Thumb, 32 bytes, Stack size 8 bytes, stm32f4xx_hal_cortex.o(i.__NVIC_SetPriority))
<BR><BR>[Stack]<UL><LI>Max Depth = 8<LI>Call Chain = __NVIC_SetPriority
</UL>
<BR>[Called By]<UL><LI><a href="#[97]">&gt;&gt;</a>&nbsp;&nbsp;&nbsp;HAL_SYSTICK_Config
<LI><a href="#[98]">&gt;&gt;</a>&nbsp;&nbsp;&nbsp;HAL_NVIC_SetPriority
</UL>

<P><STRONG><a name="[6e]"></a>AppStart_Task</STRONG> (Thumb, 82 bytes, Stack size 48 bytes, main.o(i.AppStart_Task))
<BR><BR>[Stack]<UL><LI>Max Depth = 168 + Unknown Stack Size
<LI>Call Chain = AppStart_Task &rArr; OSTaskDel &rArr; OS_MutexGrpPostAll &rArr; OS_Post &rArr; OS_PendListRemove &rArr; OS_PendListRemove1
</UL>
<BR>[Calls]<UL><LI><a href="#[8a]">&gt;&gt;</a>&nbsp;&nbsp;&nbsp;OSTaskDel
<LI><a href="#[89]">&gt;&gt;</a>&nbsp;&nbsp;&nbsp;OSTaskCreate
<LI><a href="#[88]">&gt;&gt;</a>&nbsp;&nbsp;&nbsp;Mem_Init
<LI><a href="#[85]">&gt;&gt;</a>&nbsp;&nbsp;&nbsp;CPU_Init
<LI><a href="#[86]">&gt;&gt;</a>&nbsp;&nbsp;&nbsp;BSP_Init
<LI><a href="#[87]">&gt;&gt;</a>&nbsp;&nbsp;&nbsp;systick_init
</UL>
<BR>[Address Reference Count : 1]<UL><LI> main.o(i.main)
</UL>
<P><STRONG><a name="[69]"></a>Led1_Task</STRONG> (Thumb, 30 bytes, Stack size 8 bytes, main.o(i.Led1_Task))
<BR><BR>[Stack]<UL><LI>Max Depth = 72 + Unknown Stack Size
<LI>Call Chain = Led1_Task &rArr; OSTimeDly &rArr; OS_TickListInsertDly &rArr; OS_TickListInsert
</UL>
<BR>[Calls]<UL><LI><a href="#[a2]">&gt;&gt;</a>&nbsp;&nbsp;&nbsp;OSTimeDly
</UL>
<BR>[Address Reference Count : 1]<UL><LI> main.o(i.AppStart_Task)
</UL>
<P><STRONG><a name="[8f]"></a>CPU_NameInit</STRONG> (Thumb, 8 bytes, Stack size 8 bytes, cpu_core.o(i.CPU_NameInit))
<BR><BR>[Stack]<UL><LI>Max Depth = 52 + Unknown Stack Size
<LI>Call Chain = CPU_NameInit &rArr; CPU_NameClr &rArr; Mem_Clr &rArr; Mem_Set
</UL>
<BR>[Calls]<UL><LI><a href="#[90]">&gt;&gt;</a>&nbsp;&nbsp;&nbsp;CPU_NameClr
</UL>
<BR>[Called By]<UL><LI><a href="#[85]">&gt;&gt;</a>&nbsp;&nbsp;&nbsp;CPU_Init
</UL>

<P><STRONG><a name="[8e]"></a>CPU_TS_Init</STRONG> (Thumb, 14 bytes, Stack size 8 bytes, cpu_core.o(i.CPU_TS_Init))
<BR><BR>[Stack]<UL><LI>Max Depth = 104<LI>Call Chain = CPU_TS_Init &rArr; CPU_TS_TmrInit &rArr; BSP_CPU_ClkFreq &rArr; HAL_RCC_GetSysClockFreq &rArr; __aeabi_uldivmod
</UL>
<BR>[Calls]<UL><LI><a href="#[94]">&gt;&gt;</a>&nbsp;&nbsp;&nbsp;CPU_TS_TmrInit
</UL>
<BR>[Called By]<UL><LI><a href="#[85]">&gt;&gt;</a>&nbsp;&nbsp;&nbsp;CPU_Init
</UL>

<P><STRONG><a name="[a6]"></a>Mem_SegCreateCritical</STRONG> (Thumb, 28 bytes, Stack size 12 bytes, lib_mem.o(i.Mem_SegCreateCritical))
<BR><BR>[Stack]<UL><LI>Max Depth = 12<LI>Call Chain = Mem_SegCreateCritical
</UL>
<BR>[Called By]<UL><LI><a href="#[a4]">&gt;&gt;</a>&nbsp;&nbsp;&nbsp;Mem_SegCreate
</UL>

<P><STRONG><a name="[f3]"></a>OS_TickListUpdateDly</STRONG> (Thumb, 146 bytes, Stack size 32 bytes, os_tick.o(i.OS_TickListUpdateDly))
<BR><BR>[Stack]<UL><LI>Max Depth = 52 + Unknown Stack Size
<LI>Call Chain = OS_TickListUpdateDly &rArr; OS_RdyListInsert &rArr; OS_PrioInsert
</UL>
<BR>[Calls]<UL><LI><a href="#[91]">&gt;&gt;</a>&nbsp;&nbsp;&nbsp;CPU_SR_Save
<LI><a href="#[93]">&gt;&gt;</a>&nbsp;&nbsp;&nbsp;CPU_SR_Restore
<LI><a href="#[c3]">&gt;&gt;</a>&nbsp;&nbsp;&nbsp;CPU_TS_TmrRd
<LI><a href="#[ed]">&gt;&gt;</a>&nbsp;&nbsp;&nbsp;OS_RdyListInsert
</UL>
<BR>[Called By]<UL><LI><a href="#[6c]">&gt;&gt;</a>&nbsp;&nbsp;&nbsp;OS_TickTask
</UL>

<P><STRONG><a name="[f4]"></a>OS_TickListUpdateTimeout</STRONG> (Thumb, 272 bytes, Stack size 40 bytes, os_tick.o(i.OS_TickListUpdateTimeout))
<BR><BR>[Stack]<UL><LI>Max Depth = 108 + Unknown Stack Size
<LI>Call Chain = OS_TickListUpdateTimeout &rArr; OS_TaskChangePrio &rArr; OS_PendListChangePrio &rArr; OS_PendListInsertPrio
</UL>
<BR>[Calls]<UL><LI><a href="#[91]">&gt;&gt;</a>&nbsp;&nbsp;&nbsp;CPU_SR_Save
<LI><a href="#[93]">&gt;&gt;</a>&nbsp;&nbsp;&nbsp;CPU_SR_Restore
<LI><a href="#[c3]">&gt;&gt;</a>&nbsp;&nbsp;&nbsp;CPU_TS_TmrRd
<LI><a href="#[bf]">&gt;&gt;</a>&nbsp;&nbsp;&nbsp;OS_TaskChangePrio
<LI><a href="#[c5]">&gt;&gt;</a>&nbsp;&nbsp;&nbsp;OS_MutexGrpPrioFindHighest
<LI><a href="#[ed]">&gt;&gt;</a>&nbsp;&nbsp;&nbsp;OS_RdyListInsert
<LI><a href="#[d7]">&gt;&gt;</a>&nbsp;&nbsp;&nbsp;OS_PendListRemove
</UL>
<BR>[Called By]<UL><LI><a href="#[6c]">&gt;&gt;</a>&nbsp;&nbsp;&nbsp;OS_TickTask
</UL>

<P><STRONG><a name="[f5]"></a>OS_TmrLock</STRONG> (Thumb, 20 bytes, Stack size 16 bytes, os_tmr.o(i.OS_TmrLock))
<BR><BR>[Stack]<UL><LI>Max Depth = 156 + Unknown Stack Size
<LI>Call Chain = OS_TmrLock &rArr; OSMutexPend &rArr; OS_Pend &rArr; OS_TaskBlock &rArr; OS_RdyListRemove &rArr; OS_PrioRemove
</UL>
<BR>[Calls]<UL><LI><a href="#[bd]">&gt;&gt;</a>&nbsp;&nbsp;&nbsp;OSMutexPend
</UL>
<BR>[Called By]<UL><LI><a href="#[6d]">&gt;&gt;</a>&nbsp;&nbsp;&nbsp;OS_TmrTask
</UL>

<P><STRONG><a name="[f7]"></a>OS_TmrUnlock</STRONG> (Thumb, 14 bytes, Stack size 8 bytes, os_tmr.o(i.OS_TmrUnlock))
<BR><BR>[Stack]<UL><LI>Max Depth = 112 + Unknown Stack Size
<LI>Call Chain = OS_TmrUnlock &rArr; OSMutexPost &rArr; OS_Post &rArr; OS_PendListRemove &rArr; OS_PendListRemove1
</UL>
<BR>[Calls]<UL><LI><a href="#[c2]">&gt;&gt;</a>&nbsp;&nbsp;&nbsp;OSMutexPost
</UL>
<BR>[Called By]<UL><LI><a href="#[6d]">&gt;&gt;</a>&nbsp;&nbsp;&nbsp;OS_TmrTask
</UL>
<P>
<H3>
Undefined Global Symbols
</H3><HR></body></html>
