Component: ARM Compiler 5.06 update 5 (build 528) Tool: armlink [4d35e2]

==============================================================================

Section Cross References

    startup_stm32f429xx.o(STACK) refers (Special) to heapauxi.o(.text) for __use_two_region_memory
    startup_stm32f429xx.o(HEAP) refers (Special) to heapauxi.o(.text) for __use_two_region_memory
    startup_stm32f429xx.o(RESET) refers (Special) to heapauxi.o(.text) for __use_two_region_memory
    startup_stm32f429xx.o(RESET) refers to startup_stm32f429xx.o(STACK) for __initial_sp
    startup_stm32f429xx.o(RESET) refers to startup_stm32f429xx.o(.text) for Reset_Handler
    startup_stm32f429xx.o(RESET) refers to stm32f4xx_it.o(i.NMI_Handler) for NMI_Handler
    startup_stm32f429xx.o(RESET) refers to stm32f4xx_it.o(i.HardFault_Handler) for HardFault_Handler
    startup_stm32f429xx.o(RESET) refers to stm32f4xx_it.o(i.MemManage_Handler) for MemManage_Handler
    startup_stm32f429xx.o(RESET) refers to stm32f4xx_it.o(i.BusFault_Handler) for BusFault_Handler
    startup_stm32f429xx.o(RESET) refers to stm32f4xx_it.o(i.UsageFault_Handler) for UsageFault_Handler
    startup_stm32f429xx.o(RESET) refers to stm32f4xx_it.o(i.DebugMon_Handler) for DebugMon_Handler
    startup_stm32f429xx.o(RESET) refers to os_cpu_a.o(.text) for PendSV_Handler
    startup_stm32f429xx.o(RESET) refers to stm32f4xx_it.o(i.SysTick_Handler) for SysTick_Handler
    startup_stm32f429xx.o(.text) refers (Special) to heapauxi.o(.text) for __use_two_region_memory
    startup_stm32f429xx.o(.text) refers to system_stm32f4xx.o(i.SystemInit) for SystemInit
    startup_stm32f429xx.o(.text) refers to __main.o(!!!main) for __main
    startup_stm32f429xx.o(.text) refers to startup_stm32f429xx.o(HEAP) for Heap_Mem
    startup_stm32f429xx.o(.text) refers to startup_stm32f429xx.o(STACK) for Stack_Mem
    stm32f4xx_hal.o(i.HAL_DeInit) refers to stm32f4xx_hal.o(i.HAL_MspDeInit) for HAL_MspDeInit
    stm32f4xx_hal.o(i.HAL_Delay) refers to stm32f4xx_hal.o(i.HAL_GetTick) for HAL_GetTick
    stm32f4xx_hal.o(i.HAL_Delay) refers to stm32f4xx_hal.o(.data) for uwTickFreq
    stm32f4xx_hal.o(i.HAL_GetTick) refers to stm32f4xx_hal.o(.data) for uwTick
    stm32f4xx_hal.o(i.HAL_GetTickFreq) refers to stm32f4xx_hal.o(.data) for uwTickFreq
    stm32f4xx_hal.o(i.HAL_GetTickPrio) refers to stm32f4xx_hal.o(.data) for uwTickPrio
    stm32f4xx_hal.o(i.HAL_IncTick) refers to stm32f4xx_hal.o(.data) for uwTick
    stm32f4xx_hal.o(i.HAL_Init) refers to stm32f4xx_hal_cortex.o(i.HAL_NVIC_SetPriorityGrouping) for HAL_NVIC_SetPriorityGrouping
    stm32f4xx_hal.o(i.HAL_Init) refers to stm32f4xx_hal.o(i.HAL_InitTick) for HAL_InitTick
    stm32f4xx_hal.o(i.HAL_Init) refers to stm32f4xx_hal.o(i.HAL_MspInit) for HAL_MspInit
    stm32f4xx_hal.o(i.HAL_InitTick) refers to stm32f4xx_hal_cortex.o(i.HAL_SYSTICK_Config) for HAL_SYSTICK_Config
    stm32f4xx_hal.o(i.HAL_InitTick) refers to stm32f4xx_hal_cortex.o(i.HAL_NVIC_SetPriority) for HAL_NVIC_SetPriority
    stm32f4xx_hal.o(i.HAL_InitTick) refers to stm32f4xx_hal.o(.data) for uwTickFreq
    stm32f4xx_hal.o(i.HAL_InitTick) refers to system_stm32f4xx.o(.data) for SystemCoreClock
    stm32f4xx_hal.o(i.HAL_SetTickFreq) refers to stm32f4xx_hal.o(i.HAL_InitTick) for HAL_InitTick
    stm32f4xx_hal.o(i.HAL_SetTickFreq) refers to stm32f4xx_hal.o(.data) for uwTickFreq
    stm32f4xx_hal_cortex.o(i.HAL_NVIC_GetPriorityGrouping) refers to stm32f4xx_hal_cortex.o(i.__NVIC_GetPriorityGrouping) for __NVIC_GetPriorityGrouping
    stm32f4xx_hal_cortex.o(i.HAL_NVIC_SetPriority) refers to stm32f4xx_hal_cortex.o(i.__NVIC_GetPriorityGrouping) for __NVIC_GetPriorityGrouping
    stm32f4xx_hal_cortex.o(i.HAL_NVIC_SetPriority) refers to stm32f4xx_hal_cortex.o(i.__NVIC_SetPriority) for __NVIC_SetPriority
    stm32f4xx_hal_cortex.o(i.HAL_SYSTICK_Config) refers to stm32f4xx_hal_cortex.o(i.__NVIC_SetPriority) for __NVIC_SetPriority
    stm32f4xx_hal_cortex.o(i.HAL_SYSTICK_IRQHandler) refers to stm32f4xx_hal_cortex.o(i.HAL_SYSTICK_Callback) for HAL_SYSTICK_Callback
    stm32f4xx_hal_flash.o(i.FLASH_SetErrorCode) refers to stm32f4xx_hal_flash.o(.bss) for pFlash
    stm32f4xx_hal_flash.o(i.FLASH_WaitForLastOperation) refers to stm32f4xx_hal.o(i.HAL_GetTick) for HAL_GetTick
    stm32f4xx_hal_flash.o(i.FLASH_WaitForLastOperation) refers to stm32f4xx_hal_flash.o(i.FLASH_SetErrorCode) for FLASH_SetErrorCode
    stm32f4xx_hal_flash.o(i.FLASH_WaitForLastOperation) refers to stm32f4xx_hal_flash.o(.bss) for pFlash
    stm32f4xx_hal_flash.o(i.HAL_FLASH_GetError) refers to stm32f4xx_hal_flash.o(.bss) for pFlash
    stm32f4xx_hal_flash.o(i.HAL_FLASH_IRQHandler) refers to stm32f4xx_hal_flash.o(i.FLASH_SetErrorCode) for FLASH_SetErrorCode
    stm32f4xx_hal_flash.o(i.HAL_FLASH_IRQHandler) refers to stm32f4xx_hal_flash.o(i.HAL_FLASH_OperationErrorCallback) for HAL_FLASH_OperationErrorCallback
[...]
    i.HAL_PWREx_EnableOverDrive              0x0800097c   Section        0  stm32f4xx_hal_pwr_ex.o(i.HAL_PWREx_EnableOverDrive)
    i.HAL_RCC_ClockConfig                    0x08000a08   Section        0  stm32f4xx_hal_rcc.o(i.HAL_RCC_ClockConfig)
    i.HAL_RCC_GetSysClockFreq                0x08000b8c   Section        0  stm32f4xx_hal_rcc.o(i.HAL_RCC_GetSysClockFreq)
    i.HAL_RCC_OscConfig                      0x08000c3c   Section        0  stm32f4xx_hal_rcc.o(i.HAL_RCC_OscConfig)
    i.HAL_SYSTICK_Config                     0x080010c4   Section        0  stm32f4xx_hal_cortex.o(i.HAL_SYSTICK_Config)
    i.HardFault_Handler                      0x080010f8   Section        0  stm32f4xx_it.o(i.HardFault_Handler)
    i.LED_Init                               0x080010fc   Section        0  led.o(i.LED_Init)
    i.Led1_Task                              0x08001164   Section        0  main.o(i.Led1_Task)
    Led1_Task                                0x08001165   Thumb Code    30  main.o(i.Led1_Task)
    i.MemManage_Handler                      0x0800118c   Section        0  stm32f4xx_it.o(i.MemManage_Handler)
    i.Mem_Clr                                0x08001190   Section        0  lib_mem.o(i.Mem_Clr)
    i.Mem_Init                               0x080011a4   Section        0  lib_mem.o(i.Mem_Init)
    i.Mem_SegCreate                          0x080011f0   Section        0  lib_mem.o(i.Mem_SegCreate)
    i.Mem_SegCreateCritical                  0x0800123c   Section        0  lib_mem.o(i.Mem_SegCreateCritical)
    Mem_SegCreateCritical                    0x0800123d   Thumb Code    28  lib_mem.o(i.Mem_SegCreateCritical)
    i.Mem_Set                                0x0800125c   Section        0  lib_mem.o(i.Mem_Set)
    i.NMI_Handler                            0x080012b0   Section        0  stm32f4xx_it.o(i.NMI_Handler)
    i.OSCfg_Init                             0x080012b2   Section        0  os_cfg_app.o(i.OSCfg_Init)
    i.OSIdleTaskHook                         0x080012b4   Section        0  os_cpu_c.o(i.OSIdleTaskHook)
    i.OSInit                                 0x080012c8   Section        0  os_core.o(i.OSInit)
    i.OSInitHook                             0x08001420   Section        0  os_cpu_c.o(i.OSInitHook)
    i.OSIntEnter                             0x08001448   Section        0  os_core.o(i.OSIntEnter)
    i.OSIntExit                              0x08001474   Section        0  os_core.o(i.OSIntExit)
    i.OSMutexCreate                          0x08001550   Section        0  os_mutex.o(i.OSMutexCreate)
    i.OSMutexPend                            0x080015c0   Section        0  os_mutex.o(i.OSMutexPend)
    i.OSMutexPost                            0x08001790   Section        0  os_mutex.o(i.OSMutexPost)
    i.OSSched                                0x0800191c   Section        0  os_core.o(i.OSSched)
    i.OSSchedLock                            0x080019c0   Section        0  os_core.o(i.OSSchedLock)
    i.OSSchedUnlock                          0x08001a20   Section        0  os_core.o(i.OSSchedUnlock)
    i.OSStart                                0x08001aa0   Section        0  os_core.o(i.OSStart)
    i.OSTaskCreate                           0x08001b08   Section        0  os_task.o(i.OSTaskCreate)
    i.OSTaskCreateHook                       0x08001c98   Section        0  os_cpu_c.o(i.OSTaskCreateHook)
    i.OSTaskDel                              0x08001cb0   Section        0  os_task.o(i.OSTaskDel)
    i.OSTaskDelHook                          0x08001e38   Section        0  os_cpu_c.o(i.OSTaskDelHook)
    i.OSTaskReturnHook                       0x08001e50   Section        0  os_cpu_c.o(i.OSTaskReturnHook)
    i.OSTaskSemPend                          0x08001e68   Section        0  os_task.o(i.OSTaskSemPend)
    i.OSTaskSemPost                          0x08002030   Section        0  os_task.o(i.OSTaskSemPost)
    i.OSTaskStkInit                          0x08002070   Section        0  os_cpu_c.o(i.OSTaskStkInit)
    i.OSTaskSwHook                           0x08002334   Section        0  os_cpu_c.o(i.OSTaskSwHook)
    i.OSTimeDly                              0x080023ec   Section        0  os_time.o(i.OSTimeDly)
    i.OSTimeTick                             0x08002490   Section        0  os_time.o(i.OSTimeTick)
    i.OSTimeTickHook                         0x080024d4   Section        0  os_cpu_c.o(i.OSTimeTickHook)
    i.OS_Dbg_Init                            0x080024e8   Section        0  os_dbg.o(i.OS_Dbg_Init)
    i.OS_FlagInit                            0x08002690   Section        0  os_flag.o(i.OS_FlagInit)
    i.OS_IdleTask                            0x080026a8   Section        0  os_core.o(i.OS_IdleTask)
    i.OS_IdleTaskInit                        0x080026dc   Section        0  os_core.o(i.OS_IdleTaskInit)
    i.OS_MemInit                             0x0800274c   Section        0  os_mem.o(i.OS_MemInit)
    i.OS_MsgPoolInit                         0x08002764   Section        0  os_msg.o(i.OS_MsgPoolInit)
    i.OS_MsgQFreeAll                         0x080027e0   Section        0  os_msg.o(i.OS_MsgQFreeAll)
    i.OS_MsgQInit                            0x08002824   Section        0  os_msg.o(i.OS_MsgQInit)
    i.OS_MutexDbgListAdd                     0x08002834   Section        0  os_mutex.o(i.OS_MutexDbgListAdd)
    i.OS_MutexGrpAdd                         0x08002864   Section        0  os_mutex.o(i.OS_MutexGrpAdd)
    i.OS_MutexGrpPostAll                     0x0800286c   Section        0  os_mutex.o(i.OS_MutexGrpPostAll)
    i.OS_MutexGrpPrioFindHighest             0x080028cc   Section        0  os_mutex.o(i.OS_MutexGrpPrioFindHighest)
    i.OS_MutexGrpRemove                      0x080028f8   Section        0  os_mutex.o(i.OS_MutexGrpRemove)
    i.OS_MutexInit                           0x08002914   Section        0  os_mutex.o(i.OS_MutexInit)
    i.OS_Pend                                0x0800292c   Section        0  os_core.o(i.OS_Pend)
    i.OS_PendDataInit                        0x08002994   Section        0  os_core.o(i.OS_PendDataInit)
    i.OS_PendDbgNameAdd                      0x080029bc   Section        0  os_core.o(i.OS_PendDbgNameAdd)
    i.OS_PendDbgNameRemove                   0x08002a18   Section        0  os_core.o(i.OS_PendDbgNameRemove)
    i.OS_PendListChangePrio                  0x08002a3c   Section        0  os_core.o(i.OS_PendListChangePrio)
    i.OS_PendListInit                        0x08002a76   Section        0  os_core.o(i.OS_PendListInit)
    i.OS_PendListInsertPrio                  0x08002a80   Section        0  os_core.o(i.OS_PendListInsertPrio)
    i.OS_PendListRemove                      0x08002ae6   Section        0  os_core.o(i.OS_PendListRemove)
    i.OS_PendListRemove1                     0x08002b1a   Section        0  os_core.o(i.OS_PendListRemove1)
    i.OS_Post                                0x08002b5c   Section        0  os_core.o(i.OS_Post)
    i.OS_Post1                               0x08002c32   Section        0  os_core.o(i.OS_Post1)
    i.OS_PrioGetHighest                      0x08002c60   Section        0  os_prio.o(i.OS_PrioGetHighest)
    i.OS_PrioInit                            0x08002c88   Section        0  os_prio.o(i.OS_PrioInit)
    i.OS_PrioInsert                          0x08002ca0   Section        0  os_prio.o(i.OS_PrioInsert)
    i.OS_PrioRemove                          0x08002cc4   Section        0  os_prio.o(i.OS_PrioRemove)
    i.OS_QInit                               0x08002ce8   Section        0  os_q.o(i.OS_QInit)
    i.OS_RdyListInit                         0x08002d00   Section        0  os_core.o(i.OS_RdyListInit)
    i.OS_RdyListInsert                       0x08002d24   Section        0  os_core.o(i.OS_RdyListInsert)
    i.OS_RdyListInsertHead                   0x08002d50   Section        0  os_core.o(i.OS_RdyListInsertHead)
    i.OS_RdyListInsertTail                   0x08002d90   Section        0  os_core.o(i.OS_RdyListInsertTail)
    i.OS_RdyListRemove                       0x08002dcc   Section        0  os_core.o(i.OS_RdyListRemove)
    i.OS_SchedLockTimeMeasStart              0x08002e28   Section        0  os_core.o(i.OS_SchedLockTimeMeasStart)
    i.OS_SchedLockTimeMeasStop               0x08002e44   Section        0  os_core.o(i.OS_SchedLockTimeMeasStop)
    i.OS_SemInit                             0x08002e80   Section        0  os_sem.o(i.OS_SemInit)
    i.OS_TaskBlock                           0x08002e98   Section        0  os_core.o(i.OS_TaskBlock)
    i.OS_TaskChangePrio                      0x08002ec4   Section        0  os_task.o(i.OS_TaskChangePrio)
    i.OS_TaskDbgListAdd                      0x08002fb0   Section        0  os_task.o(i.OS_TaskDbgListAdd)
    i.OS_TaskDbgListRemove                   0x08002fe0   Section        0  os_task.o(i.OS_TaskDbgListRemove)
    i.OS_TaskInit                            0x08003024   Section        0  os_task.o(i.OS_TaskInit)
    i.OS_TaskInitTCB                         0x08003044   Section        0  os_task.o(i.OS_TaskInitTCB)
    i.OS_TaskReturn                          0x08003100   Section        0  os_task.o(i.OS_TaskReturn)
    i.OS_TaskSemPost                         0x08003118   Section        0  os_task.o(i.OS_TaskSemPost)
    i.OS_TickListInsert                      0x080032dc   Section        0  os_tick.o(i.OS_TickListInsert)
    i.OS_TickListInsertDly                   0x08003364   Section        0  os_tick.o(i.OS_TickListInsertDly)
    i.OS_TickListRemove                      0x08003420   Section        0  os_tick.o(i.OS_TickListRemove)
    i.OS_TickListUpdateDly                   0x08003478   Section        0  os_tick.o(i.OS_TickListUpdateDly)
    OS_TickListUpdateDly                     0x08003479   Thumb Code   146  os_tick.o(i.OS_TickListUpdateDly)
    i.OS_TickListUpdateTimeout               0x08003510   Section        0  os_tick.o(i.OS_TickListUpdateTimeout)
    OS_TickListUpdateTimeout                 0x08003511   Thumb Code   272  os_tick.o(i.OS_TickListUpdateTimeout)
    i.OS_TickTask                            0x08003624   Section        0  os_tick.o(i.OS_TickTask)
    i.OS_TickTaskInit                        0x08003688   Section        0  os_tick.o(i.OS_TickTaskInit)
    i.OS_TmrInit                             0x08003750   Section        0  os_tmr.o(i.OS_TmrInit)
    i.OS_TmrLock                             0x08003884   Section        0  os_tmr.o(i.OS_TmrLock)
    OS_TmrLock                               0x08003885   Thumb Code    20  os_tmr.o(i.OS_TmrLock)
    i.OS_TmrTask                             0x0800389c   Section        0  os_tmr.o(i.OS_TmrTask)
    i.OS_TmrUnlink                           0x08003930   Section        0  os_tmr.o(i.OS_TmrUnlink)
    i.OS_TmrUnlock                           0x08003974   Section        0  os_tmr.o(i.OS_TmrUnlock)
    OS_TmrUnlock                             0x08003975   Thumb Code    14  os_tmr.o(i.OS_TmrUnlock)
    i.Stm32_Clock_Init                       0x08003988   Section        0  sys.o(i.Stm32_Clock_Init)
    i.SysTick_Handler                        0x08003a44   Section        0  stm32f4xx_it.o(i.SysTick_Handler)
    i.SystemInit                             0x08003a58   Section        0  system_stm32f4xx.o(i.SystemInit)
    i.UsageFault_Handler                     0x08003abc   Section        0  stm32f4xx_it.o(i.UsageFault_Handler)
    i.__NVIC_GetPriorityGrouping             0x08003ac0   Section        0  stm32f4xx_hal_cortex.o(i.__NVIC_GetPriorityGrouping)
    __NVIC_GetPriorityGrouping               0x08003ac1   Thumb Code    10  stm32f4xx_hal_cortex.o(i.__NVIC_GetPriorityGrouping)
    i.__NVIC_SetPriority                     0x08003ad0   Section        0  stm32f4xx_hal_cortex.o(i.__NVIC_SetPriority)
    __NVIC_SetPriority                       0x08003ad1   Thumb Code    32  stm32f4xx_hal_cortex.o(i.__NVIC_SetPriority)
    i.main                                   0x08003af8   Section        0  main.o(i.main)
    i.systick_init                           0x08003b68   Section        0  main.o(i.systick_init)
    x$fpl$fpinit                             0x08003b96   Section       10  fpinit.o(x$fpl$fpinit)
    $v0                                      0x08003b96   Number         0  fpinit.o(x$fpl$fpinit)
    .constdata                               0x08003ba0   Section       24  system_stm32f4xx.o(.constdata)
    .constdata                               0x08003bb8   Section      148  os_cfg_app.o(.constdata)
    .constdata                               0x08003c4c   Section      364  os_dbg.o(.constdata)
    .data                                    0x20000000   Section        9  stm32f4xx_hal.o(.data)
    .data                                    0x2000000c   Section        4  system_stm32f4xx.o(.data)
    .data                                    0x20000010   Section        4  cpu_core.o(.data)
    .data                                    0x20000014   Section        4  lib_mem.o(.data)
    .data                                    0x20000018   Section        8  os_prio.o(.data)
    .data                                    0x20000020   Section      172  os_var.o(.data)
    .data                                    0x200000cc   Section        4  os_cpu_c.o(.data)
    .bss                                     0x200000d0   Section     7424  main.o(.bss)
    AppTaskStartTCB                          0x200000d0   Data         192  main.o(.bss)
    Led1TaskTCB                              0x20000190   Data         192  main.o(.bss)
    Led2TaskTCB                              0x20000250   Data         192  main.o(.bss)
    Led3TaskTCB                              0x20000310   Data         192  main.o(.bss)
    AppTaskStartStk                          0x200003d0   Data         512  main.o(.bss)
    Led1TaskStk                              0x200005d0   Data        2048  main.o(.bss)
    Led2TaskStk                              0x20000dd0   Data        2048  main.o(.bss)
    Led3TaskStk                              0x200015d0   Data        2048  main.o(.bss)
    .bss                                     0x20001dd0   Section       16  cpu_core.o(.bss)
    .bss                                     0x20001de0   Section     3092  lib_mem.o(.bss)
    .bss                                     0x200029f4   Section     3056  os_cfg_app.o(.bss)
    .bss                                     0x200035e4   Section     1404  os_var.o(.bss)
    .bss                                     0x20003b60   Section       96  libspace.o(.bss)
    HEAP                                     0x20003bc0   Section      512  startup_stm32f429xx.o(HEAP)
    Heap_Mem                                 0x20003bc0   Data         512  startup_stm32f429xx.o(HEAP)
    STACK                                    0x20003dc0   Section     1024  startup_stm32f429xx.o(STACK)
    Stack_Mem                                0x20003dc0   Data        1024  startup_stm32f429xx.o(STACK)
    __initial_sp                             0x200041c0   Data           0  startup_stm32f429xx.o(STACK)

    Global Symbols

    Symbol Name                              Value     Ov Type        Size  Object(Section)

    BuildAttributes$$THM_ISAv4$E$P$D$K$B$S$7EM$VFPi3$EXTD16$VFPS$VFMA$PE$A:L22UL41UL21$X:L11$S22US41US21$IEEE1$IW$USESV6$~STKCKD$USESV7$~SHL$OSPACE$ROPI$EBA8$UX$STANDARDLIB$REQ8$PRES8$EABIv2 0x00000000   Number         0  anon$$obj.o ABSOLUTE
    __ARM_use_no_argv                        0x00000000   Number         0  main.o ABSOLUTE
    __ARM_exceptions_init                     - Undefined Weak Reference
    __alloca_initialize                       - Undefined Weak Reference
    __arm_preinit_                            - Undefined Weak Reference
    __cpp_initialize__aeabi_                  - Undefined Weak Reference
    __cxa_finalize                            - Undefined Weak Reference
    __rt_locale                               - Undefined Weak Reference
    __sigvec_lookup                           - Undefined Weak Reference
    _atexit_init                              - Undefined Weak Reference
    _call_atexit_fns                          - Undefined Weak Reference
    _clock_init                               - Undefined Weak Reference
    _fp_trap_init                             - Undefined Weak Reference
    _fp_trap_shutdown                         - Undefined Weak Reference
    _get_lc_collate                           - Undefined Weak Reference
    _get_lc_ctype                             - Undefined Weak Reference
    _get_lc_monetary                          - Undefined Weak Reference
    _get_lc_numeric                           - Undefined Weak Reference
    _get_lc_time                              - Undefined Weak Reference
    _getenv_init                              - Undefined Weak Reference
    _handle_redirection                       - Undefined Weak Reference
    _init_alloc                               - Undefined Weak Reference
    _init_user_alloc                          - Undefined Weak Reference
    _initio                                   - Undefined Weak Reference
    _rand_init                                - Undefined Weak Reference
    _signal_finish                            - Undefined Weak Reference
    _signal_init                              - Undefined Weak Reference
    _terminate_alloc                          - Undefined Weak Reference
    _terminate_user_alloc                     - Undefined Weak Reference
    _terminateio                              - Undefined Weak Reference
    __Vectors_Size                           0x000001ac   Number         0  startup_stm32f429xx.o ABSOLUTE
    __Vectors                                0x08000000   Data           4  startup_stm32f429xx.o(RESET)
    __Vectors_End                            0x080001ac   Data           0  startup_stm32f429xx.o(RESET)
    __main                                   0x080001ad   Thumb Code     8  __main.o(!!!main)
    __scatterload                            0x080001b5   Thumb Code     0  __scatter.o(!!!scatter)
    __scatterload_rt2                        0x080001b5   Thumb Code    44  __scatter.o(!!!scatter)
    __scatterload_rt2_thumb_only             0x080001b5   Thumb Code     0  __scatter.o(!!!scatter)
    __scatterload_null                       0x080001c3   Thumb Code     0  __scatter.o(!!!scatter)
    __scatterload_copy                       0x080001e9   Thumb Code    26  __scatter_copy.o(!!handler_copy)
    __scatterload_zeroinit                   0x08000205   Thumb Code    28  __scatter_zi.o(!!handler_zi)
    __rt_lib_init                            0x08000221   Thumb Code     0  libinit.o(.ARM.Collect$$libinit$$00000000)
    __rt_lib_init_fp_1                       0x08000223   Thumb Code     0  libinit2.o(.ARM.Collect$$libinit$$00000001)
    __rt_lib_init_alloca_1                   0x08000227   Thumb Code     0  libinit2.o(.ARM.Collect$$libinit$$0000002E)
    __rt_lib_init_argv_1                     0x08000227   Thumb Code     0  libinit2.o(.ARM.Collect$$libinit$$0000002C)
    __rt_lib_init_atexit_1                   0x08000227   Thumb Code     0  libinit2.o(.ARM.Collect$$libinit$$0000001B)
    __rt_lib_init_clock_1                    0x08000227   Thumb Code     0  libinit2.o(.ARM.Collect$$libinit$$00000021)
    __rt_lib_init_cpp_1                      0x08000227   Thumb Code     0  libinit2.o(.ARM.Collect$$libinit$$00000032)
    __rt_lib_init_exceptions_1               0x08000227   Thumb Code     0  libinit2.o(.ARM.Collect$$libinit$$00000030)
    __rt_lib_init_fp_trap_1                  0x08000227   Thumb Code     0  libinit2.o(.ARM.Collect$$libinit$$0000001F)
    __rt_lib_init_getenv_1                   0x08000227   Thumb Code     0  libinit2.o(.ARM.Collect$$libinit$$00000023)
    __rt_lib_init_heap_1                     0x08000227   Thumb Code     0  libinit2.o(.ARM.Collect$$libinit$$0000000A)
    __rt_lib_init_lc_collate_1               0x08000227   Thumb Code     0  libinit2.o(.ARM.Collect$$libinit$$00000011)
    __rt_lib_init_lc_ctype_1                 0x08000227   Thumb Code     0  libinit2.o(.ARM.Collect$$libinit$$00000013)
    __rt_lib_init_lc_monetary_1              0x08000227   Thumb Code     0  libinit2.o(.ARM.Collect$$libinit$$00000015)
    __rt_lib_init_lc_numeric_1               0x08000227   Thumb Code     0  libinit2.o(.ARM.Collect$$libinit$$00000017)
    __rt_lib_init_lc_time_1                  0x08000227   Thumb Code     0  libinit2.o(.ARM.Collect$$libinit$$00000019)
    __rt_lib_init_preinit_1                  0x08000227   Thumb Code     0  libinit2.o(.ARM.Collect$$libinit$$00000004)
    __rt_lib_init_rand_1                     0x08000227   Thumb Code     0  libinit2.o(.ARM.Collect$$libinit$$0000000E)
    __rt_lib_init_return                     0x08000227   Thumb Code     0  libinit2.o(.ARM.Collect$$libinit$$00000033)
    __rt_lib_init_signal_1                   0x08000227   Thumb Code     0  libinit2.o(.ARM.Collect$$libinit$$0000001D)
    __rt_lib_init_stdio_1                    0x08000227   Thumb Code     0  libinit2.o(.ARM.Collect$$libinit$$00000025)
    __rt_lib_init_user_alloc_1               0x08000227   Thumb Code     0  libinit2.o(.ARM.Collect$$libinit$$0000000C)
    __rt_lib_shutdown                        0x08000229   Thumb Code     0  libshutdown.o(.ARM.Collect$$libshutdown$$00000000)
    __rt_lib_shutdown_cpp_1                  0x0800022b   Thumb Code     0  libshutdown2.o(.ARM.Collect$$libshutdown$$00000002)
    __rt_lib_shutdown_fp_trap_1              0x0800022b   Thumb Code     0  libshutdown2.o(.ARM.Collect$$libshutdown$$00000007)
    __rt_lib_shutdown_heap_1                 0x0800022b   Thumb Code     0  libshutdown2.o(.ARM.Collect$$libshutdown$$0000000F)
    __rt_lib_shutdown_return                 0x0800022b   Thumb Code     0  libshutdown2.o(.ARM.Collect$$libshutdown$$00000010)
    __rt_lib_shutdown_signal_1               0x0800022b   Thumb Code     0  libshutdown2.o(.ARM.Collect$$libshutdown$$0000000A)
    __rt_lib_shutdown_stdio_1                0x0800022b   Thumb Code     0  libshutdown2.o(.ARM.Collect$$libshutdown$$00000004)
    __rt_lib_shutdown_user_alloc_1           0x0800022b   Thumb Code     0  libshutdown2.o(.ARM.Collect$$libshutdown$$0000000C)
    __rt_entry                               0x0800022d   Thumb Code     0  __rtentry.o(.ARM.Collect$$rtentry$$00000000)
    __rt_entry_presh_1                       0x0800022d   Thumb Code     0  __rtentry2.o(.ARM.Collect$$rtentry$$00000002)
    __rt_entry_sh                            0x0800022d   Thumb Code     0  __rtentry4.o(.ARM.Collect$$rtentry$$00000004)
    __rt_entry_li                            0x08000233   Thumb Code     0  __rtentry2.o(.ARM.Collect$$rtentry$$0000000A)
    __rt_entry_postsh_1                      0x08000233   Thumb Code     0  __rtentry2.o(.ARM.Collect$$rtentry$$00000009)
    __rt_entry_main                          0x08000237   Thumb Code     0  __rtentry2.o(.ARM.Collect$$rtentry$$0000000D)
    __rt_entry_postli_1                      0x08000237   Thumb Code     0  __rtentry2.o(.ARM.Collect$$rtentry$$0000000C)
    __rt_exit                                0x0800023f   Thumb Code     0  rtexit.o(.ARM.Collect$$rtexit$$00000000)
    __rt_exit_ls                             0x08000241   Thumb Code     0  rtexit2.o(.ARM.Collect$$rtexit$$00000003)
    __rt_exit_prels_1                        0x08000241   Thumb Code     0  rtexit2.o(.ARM.Collect$$rtexit$$00000002)
    __rt_exit_exit                           0x08000245   Thumb Code     0  rtexit2.o(.ARM.Collect$$rtexit$$00000004)
    Reset_Handler                            0x0800024d   Thumb Code     8  startup_stm32f429xx.o(.text)
    SVC_Handler                              0x0800025f   Thumb Code     2  startup_stm32f429xx.o(.text)
    ADC_IRQHandler                           0x08000267   Thumb Code     0  startup_stm32f429xx.o(.text)
    CAN1_RX0_IRQHandler                      0x08000267   Thumb Code     0  startup_stm32f429xx.o(.text)
    CAN1_RX1_IRQHandler                      0x08000267   Thumb Code     0  startup_stm32f429xx.o(.text)
    CAN1_SCE_IRQHandler                      0x08000267   Thumb Code     0  startup_stm32f429xx.o(.text)
    CAN1_TX_IRQHandler                       0x08000267   Thumb Code     0  startup_stm32f429xx.o(.text)
    CAN2_RX0_IRQHandler                      0x08000267   Thumb Code     0  startup_stm32f429xx.o(.text)
    CAN2_RX1_IRQHandler                      0x08000267   Thumb Code     0  startup_stm32f429xx.o(.text)
    CAN2_SCE_IRQHandler                      0x08000267   Thumb Code     0  startup_stm32f429xx.o(.text)
    CAN2_TX_IRQHandler                       0x08000267   Thumb Code     0  startup_stm32f429xx.o(.text)
    DCMI_IRQHandler                          0x08000267   Thumb Code     0  startup_stm32f429xx.o(.text)
    DMA1_Stream0_IRQHandler                  0x08000267   Thumb Code     0  startup_stm32f429xx.o(.text)
    DMA1_Stream1_IRQHandler                  0x08000267   Thumb Code     0  startup_stm32f429xx.o(.text)
    DMA1_Stream2_IRQHandler                  0x08000267   Thumb Code     0  startup_stm32f429xx.o(.text)
    DMA1_Stream3_IRQHandler                  0x08000267   Thumb Code     0  startup_stm32f429xx.o(.text)
    DMA1_Stream4_IRQHandler                  0x08000267   Thumb Code     0  startup_stm32f429xx.o(.text)
    DMA1_Stream5_IRQHandler                  0x08000267   Thumb Code     0  startup_stm32f429xx.o(.text)
    DMA1_Stream6_IRQHandler                  0x08000267   Thumb Code     0  startup_stm32f429xx.o(.text)
    DMA1_Stream7_IRQHandler                  0x08000267   Thumb Code     0  startup_stm32f429xx.o(.text)
    DMA2D_IRQHandler                         0x08000267   Thumb Code     0  startup_stm32f429xx.o(.text)
    DMA2_Stream0_IRQHandler                  0x08000267   Thumb Code     0  startup_stm32f429xx.o(.text)
    DMA2_Stream1_IRQHandler                  0x08000267   Thumb Code     0  startup_stm32f429xx.o(.text)
    DMA2_Stream2_IRQHandler                  0x08000267   Thumb Code     0  startup_stm32f429xx.o(.text)
    DMA2_Stream3_IRQHandler                  0x08000267   Thumb Code     0  startup_stm32f429xx.o(.text)
    DMA2_Stream4_IRQHandler                  0x08000267   Thumb Code     0  startup_stm32f429xx.o(.text)
    DMA2_Stream5_IRQHandler                  0x08000267   Thumb Code     0  startup_stm32f429xx.o(.text)
    DMA2_Stream6_IRQHandler                  0x08000267   Thumb Code     0  startup_stm32f429xx.o(.text)
    DMA2_Stream7_IRQHandler                  0x08000267   Thumb Code     0  startup_stm32f429xx.o(.text)
    ETH_IRQHandler                           0x08000267   Thumb Code     0  startup_stm32f429xx.o(.text)
    ETH_WKUP_IRQHandler                      0x08000267   Thumb Code     0  startup_stm32f429xx.o(.text)
    EXTI0_IRQHandler                         0x08000267   Thumb Code     0  startup_stm32f429xx.o(.text)
    EXTI15_10_IRQHandler                     0x08000267   Thumb Code     0  startup_stm32f429xx.o(.text)
    EXTI1_IRQHandler                         0x08000267   Thumb Code     0  startup_stm32f429xx.o(.text)
    EXTI2_IRQHandler                         0x08000267   Thumb Code     0  startup_stm32f429xx.o(.text)
    EXTI3_IRQHandler                         0x08000267   Thumb Code     0  startup_stm32f429xx.o(.text)
    EXTI4_IRQHandler                         0x08000267   Thumb Code     0  startup_stm32f429xx.o(.text)
    EXTI9_5_IRQHandler                       0x08000267   Thumb Code     0  startup_stm32f429xx.o(.text)
    FLASH_IRQHandler                         0x08000267   Thumb Code     0  startup_stm32f429xx.o(.text)
    FMC_IRQHandler                           0x08000267   Thumb Code     0  startup_stm32f429xx.o(.text)
    FPU_IRQHandler                           0x08000267   Thumb Code     0  startup_stm32f429xx.o(.text)
    HASH_RNG_IRQHandler                      0x08000267   Thumb Code     0  startup_stm32f429xx.o(.text)
    I2C1_ER_IRQHandler                       0x08000267   Thumb Code     0  startup_stm32f429xx.o(.text)
    I2C1_EV_IRQHandler                       0x08000267   Thumb Code     0  startup_stm32f429xx.o(.text)
    I2C2_ER_IRQHandler                       0x08000267   Thumb Code     0  startup_stm32f429xx.o(.text)
    I2C2_EV_IRQHandler                       0x08000267   Thumb Code     0  startup_stm32f429xx.o(.text)
    I2C3_ER_IRQHandler                       0x08000267   Thumb Code     0  startup_stm32f429xx.o(.text)
    I2C3_EV_IRQHandler                       0x08000267   Thumb Code     0  startup_stm32f429xx.o(.text)
    LTDC_ER_IRQHandler                       0x08000267   Thumb Code     0  startup_stm32f429xx.o(.text)
    LTDC_IRQHandler                          0x08000267   Thumb Code     0  startup_stm32f429xx.o(.text)
    OTG_FS_IRQHandler                        0x08000267   Thumb Code     0  startup_stm32f429xx.o(.text)
    OTG_FS_WKUP_IRQHandler                   0x08000267   Thumb Code     0  startup_stm32f429xx.o(.text)
    OTG_HS_EP1_IN_IRQHandler                 0x08000267   Thumb Code     0  startup_stm32f429xx.o(.text)
    OTG_HS_EP1_OUT_IRQHandler                0x08000267   Thumb Code     0  startup_stm32f429xx.o(.text)
    OTG_HS_IRQHandler                        0x08000267   Thumb Code     0  startup_stm32f429xx.o(.text)
    OTG_HS_WKUP_IRQHandler                   0x08000267   Thumb Code     0  startup_stm32f429xx.o(.text)
    PVD_IRQHandler                           0x08000267   Thumb Code     0  startup_stm32f429xx.o(.text)
    RCC_IRQHandler                           0x08000267   Thumb Code     0  startup_stm32f429xx.o(.text)
    RTC_Alarm_IRQHandler                     0x08000267   Thumb Code     0  startup_stm32f429xx.o(.text)
    RTC_WKUP_IRQHandler                      0x08000267   Thumb Code     0  startup_stm32f429xx.o(.text)
    SAI1_IRQHandler                          0x08000267   Thumb Code     0  startup_stm32f429xx.o(.text)
    SDIO_IRQHandler                          0x08000267   Thumb Code     0  startup_stm32f429xx.o(.text)
    SPI1_IRQHandler                          0x08000267   Thumb Code     0  startup_stm32f429xx.o(.text)
    SPI2_IRQHandler                          0x08000267   Thumb Code     0  startup_stm32f429xx.o(.text)
    SPI3_IRQHandler                          0x08000267   Thumb Code     0  startup_stm32f429xx.o(.text)
    SPI4_IRQHandler                          0x08000267   Thumb Code     0  startup_stm32f429xx.o(.text)
    SPI5_IRQHandler                          0x08000267   Thumb Code     0  startup_stm32f429xx.o(.text)
    SPI6_IRQHandler                          0x08000267   Thumb Code     0  startup_stm32f429xx.o(.text)
    TAMP_STAMP_IRQHandler                    0x08000267   Thumb Code     0  startup_stm32f429xx.o(.text)
    TIM1_BRK_TIM9_IRQHandler                 0x08000267   Thumb Code     0  startup_stm32f429xx.o(.text)
    TIM1_CC_IRQHandler                       0x08000267   Thumb Code     0  startup_stm32f429xx.o(.text)
    TIM1_TRG_COM_TIM11_IRQHandler            0x08000267   Thumb Code     0  startup_stm32f429xx.o(.text)
    TIM1_UP_TIM10_IRQHandler                 0x08000267   Thumb Code     0  startup_stm32f429xx.o(.text)
    TIM2_IRQHandler                          0x08000267   Thumb Code     0  startup_stm32f429xx.o(.text)
    TIM3_IRQHandler                          0x08000267   Thumb Code     0  startup_stm32f429xx.o(.text)
    TIM4_IRQHandler                          0x08000267   Thumb Code     0  startup_stm32f429xx.o(.text)
    TIM5_IRQHandler                          0x08000267   Thumb Code     0  startup_stm32f429xx.o(.text)
    TIM6_DAC_IRQHandler                      0x08000267   Thumb Code     0  startup_stm32f429xx.o(.text)
    TIM7_IRQHandler                          0x08000267   Thumb Code     0  startup_stm32f429xx.o(.text)
    TIM8_BRK_TIM12_IRQHandler                0x08000267   Thumb Code     0  startup_stm32f429xx.o(.text)
    TIM8_CC_IRQHandler                       0x08000267   Thumb Code     0  startup_stm32f429xx.o(.text)
    TIM8_TRG_COM_TIM14_IRQHandler            0x08000267   Thumb Code     0  startup_stm32f429xx.o(.text)
    TIM8_UP_TIM13_IRQHandler                 0x08000267   Thumb Code     0  startup_stm32f429xx.o(.text)
    UART4_IRQHandler                         0x08000267   Thumb Code     0  startup_stm32f429xx.o(.text)
    UART5_IRQHandler                         0x08000267   Thumb Code     0  startup_stm32f429xx.o(.text)
    UART7_IRQHandler                         0x08000267   Thumb Code     0  startup_stm32f429xx.o(.text)
    UART8_IRQHandler                         0x08000267   Thumb Code     0  startup_stm32f429xx.o(.text)
    USART1_IRQHandler                        0x08000267   Thumb Code     0  startup_stm32f429xx.o(.text)
    USART2_IRQHandler                        0x08000267   Thumb Code     0  startup_stm32f429xx.o(.text)
    USART3_IRQHandler                        0x08000267   Thumb Code     0  startup_stm32f429xx.o(.text)
    USART6_IRQHandler                        0x08000267   Thumb Code     0  startup_stm32f429xx.o(.text)
    WWDG_IRQHandler                          0x08000267   Thumb Code     0  startup_stm32f429xx.o(.text)
    __user_initial_stackheap                 0x08000269   Thumb Code     0  startup_stm32f429xx.o(.text)
    CPU_IntDis                               0x0800028d   Thumb Code     0  cpu_a.o(.text)
    CPU_IntEn                                0x08000291   Thumb Code     0  cpu_a.o(.text)
    CPU_SR_Save                              0x08000295   Thumb Code     0  cpu_a.o(.text)
    CPU_SR_Restore                           0x0800029d   Thumb Code     0  cpu_a.o(.text)
    CPU_WaitForInt                           0x080002a3   Thumb Code     0  cpu_a.o(.text)
    CPU_WaitForExcept                        0x080002a7   Thumb Code     0  cpu_a.o(.text)
    CPU_CntLeadZeros                         0x080002ab   Thumb Code     0  cpu_a.o(.text)
    CPU_CntTrailZeros                        0x080002b1   Thumb Code     0  cpu_a.o(.text)
    CPU_RevBits                              0x080002bb   Thumb Code     0  cpu_a.o(.text)
    OS_CPU_FP_Reg_Push                       0x080002c1   Thumb Code     0  os_cpu_a.o(.text)
    OS_CPU_FP_Reg_Pop                        0x080002db   Thumb Code     0  os_cpu_a.o(.text)
    OSStartHighRdy                           0x080002ed   Thumb Code     0  os_cpu_a.o(.text)
    OSCtxSw                                  0x0800035d   Thumb Code     0  os_cpu_a.o(.text)
    OSIntCtxSw                               0x08000367   Thumb Code     0  os_cpu_a.o(.text)
    PendSV_Handler                           0x08000371   Thumb Code     0  os_cpu_a.o(.text)
    __aeabi_uldivmod                         0x080003cd   Thumb Code     0  lludivv7m.o(.text)
    _ll_udiv                                 0x080003cd   Thumb Code   238  lludivv7m.o(.text)
    __use_two_region_memory                  0x080004bb   Thumb Code     2  heapauxi.o(.text)
    __rt_heap_escrow$2region                 0x080004bd   Thumb Code     2  heapauxi.o(.text)
    __rt_heap_expand$2region                 0x080004bf   Thumb Code     2  heapauxi.o(.text)
    __user_setup_stackheap                   0x080004c1   Thumb Code    74  sys_stackheap_outer.o(.text)
    exit                                     0x0800050b   Thumb Code    18  exit.o(.text)
    __user_libspace                          0x0800051d   Thumb Code     8  libspace.o(.text)
    __user_perproc_libspace                  0x0800051d   Thumb Code     0  libspace.o(.text)
    __user_perthread_libspace                0x0800051d   Thumb Code     0  libspace.o(.text)
    _sys_exit                                0x08000525   Thumb Code     8  sys_exit.o(.text)
    __I$use$semihosting                      0x08000531   Thumb Code     0  use_no_semi.o(.text)
    __use_no_semihosting_swi                 0x08000531   Thumb Code     2  use_no_semi.o(.text)
    __semihosting_library_function           0x08000533   Thumb Code     0  indicate_semi.o(.text)
    BSP_CPU_ClkFreq                          0x080005a5   Thumb Code    12  bsp.o(i.BSP_CPU_ClkFreq)
    BSP_Init                                 0x080005b1   Thumb Code     8  bsp.o(i.BSP_Init)
    BusFault_Handler                         0x080005b9   Thumb Code     4  stm32f4xx_it.o(i.BusFault_Handler)
    CPU_Init                                 0x080005bd   Thumb Code    12  cpu_core.o(i.CPU_Init)
    CPU_NameClr                              0x080005c9   Thumb Code    42  cpu_core.o(i.CPU_NameClr)
    CPU_SW_Exception                         0x08000601   Thumb Code     4  cpu_core.o(i.CPU_SW_Exception)
    CPU_TS_TmrFreqSet                        0x08000619   Thumb Code     6  cpu_core.o(i.CPU_TS_TmrFreqSet)
    CPU_TS_TmrInit                           0x08000625   Thumb Code    44  bsp.o(i.CPU_TS_TmrInit)
    CPU_TS_TmrRd                             0x08000659   Thumb Code     6  bsp.o(i.CPU_TS_TmrRd)
    DebugMon_Handler                         0x08000665   Thumb Code     2  stm32f4xx_it.o(i.DebugMon_Handler)
    HAL_GPIO_Init                            0x08000669   Thumb Code   486  stm32f4xx_hal_gpio.o(i.HAL_GPIO_Init)
    HAL_GPIO_WritePin                        0x08000885   Thumb Code    12  stm32f4xx_hal_gpio.o(i.HAL_GPIO_WritePin)
    HAL_GetTick                              0x08000891   Thumb Code     6  stm32f4xx_hal.o(i.HAL_GetTick)
    HAL_IncTick                              0x0800089d   Thumb Code    16  stm32f4xx_hal.o(i.HAL_IncTick)
    HAL_InitTick                             0x080008b5   Thumb Code    64  stm32f4xx_hal.o(i.HAL_InitTick)
    HAL_NVIC_SetPriority                     0x08000901   Thumb Code   124  stm32f4xx_hal_cortex.o(i.HAL_NVIC_SetPriority)
    HAL_PWREx_EnableOverDrive                0x0800097d   Thumb Code   128  stm32f4xx_hal_pwr_ex.o(i.HAL_PWREx_EnableOverDrive)
    HAL_RCC_ClockConfig                      0x08000a09   Thumb Code   368  stm32f4xx_hal_rcc.o(i.HAL_RCC_ClockConfig)
    HAL_RCC_GetSysClockFreq                  0x08000b8d   Thumb Code   162  stm32f4xx_hal_rcc.o(i.HAL_RCC_GetSysClockFreq)
    HAL_RCC_OscConfig                        0x08000c3d   Thumb Code  1152  stm32f4xx_hal_rcc.o(i.HAL_RCC_OscConfig)
    HAL_SYSTICK_Config                       0x080010c5   Thumb Code    52  stm32f4xx_hal_cortex.o(i.HAL_SYSTICK_Config)
    HardFault_Handler                        0x080010f9   Thumb Code     4  stm32f4xx_it.o(i.HardFault_Handler)
    LED_Init                                 0x080010fd   Thumb Code    94  led.o(i.LED_Init)
    MemManage_Handler                        0x0800118d   Thumb Code     4  stm32f4xx_it.o(i.MemManage_Handler)
    Mem_Clr                                  0x08001191   Thumb Code    18  lib_mem.o(i.Mem_Clr)
    Mem_Init                                 0x080011a5   Thumb Code    54  lib_mem.o(i.Mem_Init)
    Mem_SegCreate                            0x080011f1   Thumb Code    74  lib_mem.o(i.Mem_SegCreate)
    Mem_Set                                  0x0800125d   Thumb Code    84  lib_mem.o(i.Mem_Set)
    NMI_Handler                              0x080012b1   Thumb Code     2  stm32f4xx_it.o(i.NMI_Handler)
    OSCfg_Init                               0x080012b3   Thumb Code     2  os_cfg_app.o(i.OSCfg_Init)
    OSIdleTaskHook                           0x080012b5   Thumb Code    16  os_cpu_c.o(i.OSIdleTaskHook)
    OSInit                                   0x080012c9   Thumb Code   258  os_core.o(i.OSInit)
    OSInitHook                               0x08001421   Thumb Code    28  os_cpu_c.o(i.OSInitHook)
    OSIntEnter                               0x08001449   Thumb Code    34  os_core.o(i.OSIntEnter)
    OSIntExit                                0x08001475   Thumb Code   188  os_core.o(i.OSIntExit)
    OSMutexCreate                            0x08001551   Thumb Code   102  os_mutex.o(i.OSMutexCreate)
    OSMutexPend                              0x080015c1   Thumb Code   450  os_mutex.o(i.OSMutexPend)
    OSMutexPost                              0x08001791   Thumb Code   384  os_mutex.o(i.OSMutexPost)
    OSSched                                  0x0800191d   Thumb Code   134  os_core.o(i.OSSched)
    OSSchedLock                              0x080019c1   Thumb Code    88  os_core.o(i.OSSchedLock)
    OSSchedUnlock                            0x08001a21   Thumb Code   120  os_core.o(i.OSSchedUnlock)
    OSStart                                  0x08001aa1   Thumb Code    78  os_core.o(i.OSStart)
    OSTaskCreate                             0x08001b09   Thumb Code   382  os_task.o(i.OSTaskCreate)
    OSTaskCreateHook                         0x08001c99   Thumb Code    20  os_cpu_c.o(i.OSTaskCreateHook)
    OSTaskDel                                0x08001cb1   Thumb Code   380  os_task.o(i.OSTaskDel)
    OSTaskDelHook                            0x08001e39   Thumb Code    20  os_cpu_c.o(i.OSTaskDelHook)
    OSTaskReturnHook                         0x08001e51   Thumb Code    20  os_cpu_c.o(i.OSTaskReturnHook)
    OSTaskSemPend                            0x08001e69   Thumb Code   446  os_task.o(i.OSTaskSemPend)
    OSTaskSemPost                            0x08002031   Thumb Code    62  os_task.o(i.OSTaskSemPost)
    OSTaskStkInit                            0x08002071   Thumb Code   600  os_cpu_c.o(i.OSTaskStkInit)
    OSTaskSwHook                             0x08002335   Thumb Code   168  os_cpu_c.o(i.OSTaskSwHook)
    OSTimeDly                                0x080023ed   Thumb Code   156  os_time.o(i.OSTimeDly)
    OSTimeTick                               0x08002491   Thumb Code    50  os_time.o(i.OSTimeTick)
    OSTimeTickHook                           0x080024d5   Thumb Code    16  os_cpu_c.o(i.OSTimeTickHook)
    OS_Dbg_Init                              0x080024e9   Thumb Code   146  os_dbg.o(i.OS_Dbg_Init)
    OS_FlagInit                              0x08002691   Thumb Code    14  os_flag.o(i.OS_FlagInit)
    OS_IdleTask                              0x080026a9   Thumb Code    48  os_core.o(i.OS_IdleTask)
    OS_IdleTaskInit                          0x080026dd   Thumb Code    66  os_core.o(i.OS_IdleTaskInit)
    OS_MemInit                               0x0800274d   Thumb Code    14  os_mem.o(i.OS_MemInit)
    OS_MsgPoolInit                           0x08002765   Thumb Code   110  os_msg.o(i.OS_MsgPoolInit)
    OS_MsgQFreeAll                           0x080027e1   Thumb Code    62  os_msg.o(i.OS_MsgQFreeAll)
    OS_MsgQInit                              0x08002825   Thumb Code    14  os_msg.o(i.OS_MsgQInit)
    OS_MutexDbgListAdd                       0x08002835   Thumb Code    38  os_mutex.o(i.OS_MutexDbgListAdd)
    OS_MutexGrpAdd                           0x08002865   Thumb Code     8  os_mutex.o(i.OS_MutexGrpAdd)
    OS_MutexGrpPostAll                       0x0800286d   Thumb Code    96  os_mutex.o(i.OS_MutexGrpPostAll)
    OS_MutexGrpPrioFindHighest               0x080028cd   Thumb Code    44  os_mutex.o(i.OS_MutexGrpPrioFindHighest)
    OS_MutexGrpRemove                        0x080028f9   Thumb Code    28  os_mutex.o(i.OS_MutexGrpRemove)
    OS_MutexInit                             0x08002915   Thumb Code    14  os_mutex.o(i.OS_MutexInit)
    OS_Pend                                  0x0800292d   Thumb Code   100  os_core.o(i.OS_Pend)
    OS_PendDataInit                          0x08002995   Thumb Code    40  os_core.o(i.OS_PendDataInit)
    OS_PendDbgNameAdd                        0x080029bd   Thumb Code    66  os_core.o(i.OS_PendDbgNameAdd)
    OS_PendDbgNameRemove                     0x08002a19   Thumb Code    30  os_core.o(i.OS_PendDbgNameRemove)
    OS_PendListChangePrio                    0x08002a3d   Thumb Code    58  os_core.o(i.OS_PendListChangePrio)
    OS_PendListInit                          0x08002a77   Thumb Code    10  os_core.o(i.OS_PendListInit)
    OS_PendListInsertPrio                    0x08002a81   Thumb Code   102  os_core.o(i.OS_PendListInsertPrio)
    OS_PendListRemove                        0x08002ae7   Thumb Code    52  os_core.o(i.OS_PendListRemove)
    OS_PendListRemove1                       0x08002b1b   Thumb Code    66  os_core.o(i.OS_PendListRemove1)
    OS_Post                                  0x08002b5d   Thumb Code   214  os_core.o(i.OS_Post)
    OS_Post1                                 0x08002c33   Thumb Code    44  os_core.o(i.OS_Post1)
    OS_PrioGetHighest                        0x08002c61   Thumb Code    36  os_prio.o(i.OS_PrioGetHighest)
    OS_PrioInit                              0x08002c89   Thumb Code    20  os_prio.o(i.OS_PrioInit)
    OS_PrioInsert                            0x08002ca1   Thumb Code    32  os_prio.o(i.OS_PrioInsert)
    OS_PrioRemove                            0x08002cc5   Thumb Code    32  os_prio.o(i.OS_PrioRemove)
    OS_QInit                                 0x08002ce9   Thumb Code    14  os_q.o(i.OS_QInit)
    OS_RdyListInit                           0x08002d01   Thumb Code    32  os_core.o(i.OS_RdyListInit)
    OS_RdyListInsert                         0x08002d25   Thumb Code    40  os_core.o(i.OS_RdyListInsert)
    OS_RdyListInsertHead                     0x08002d51   Thumb Code    58  os_core.o(i.OS_RdyListInsertHead)
    OS_RdyListInsertTail                     0x08002d91   Thumb Code    56  os_core.o(i.OS_RdyListInsertTail)
    OS_RdyListRemove                         0x08002dcd   Thumb Code    86  os_core.o(i.OS_RdyListRemove)
    OS_SchedLockTimeMeasStart                0x08002e29   Thumb Code    20  os_core.o(i.OS_SchedLockTimeMeasStart)
    OS_SchedLockTimeMeasStop                 0x08002e45   Thumb Code    44  os_core.o(i.OS_SchedLockTimeMeasStop)
    OS_SemInit                               0x08002e81   Thumb Code    14  os_sem.o(i.OS_SemInit)
    OS_TaskBlock                             0x08002e99   Thumb Code    40  os_core.o(i.OS_TaskBlock)
    OS_TaskChangePrio                        0x08002ec5   Thumb Code   232  os_task.o(i.OS_TaskChangePrio)
    OS_TaskDbgListAdd                        0x08002fb1   Thumb Code    42  os_task.o(i.OS_TaskDbgListAdd)
    OS_TaskDbgListRemove                     0x08002fe1   Thumb Code    64  os_task.o(i.OS_TaskDbgListRemove)
    OS_TaskInit                              0x08003025   Thumb Code    18  os_task.o(i.OS_TaskInit)
    OS_TaskInitTCB                           0x08003045   Thumb Code   176  os_task.o(i.OS_TaskInitTCB)
    OS_TaskReturn                            0x08003101   Thumb Code    20  os_task.o(i.OS_TaskReturn)
    OS_TaskSemPost                           0x08003119   Thumb Code   448  os_task.o(i.OS_TaskSemPost)
    OS_TickListInsert                        0x080032dd   Thumb Code   134  os_tick.o(i.OS_TickListInsert)
    OS_TickListInsertDly                     0x08003365   Thumb Code   180  os_tick.o(i.OS_TickListInsertDly)
    OS_TickListRemove                        0x08003421   Thumb Code    88  os_tick.o(i.OS_TickListRemove)
    OS_TickTask                              0x08003625   Thumb Code    90  os_tick.o(i.OS_TickTask)
    OS_TickTaskInit                          0x08003689   Thumb Code   140  os_tick.o(i.OS_TickTaskInit)
    OS_TmrInit                               0x08003751   Thumb Code   200  os_tmr.o(i.OS_TmrInit)
    OS_TmrTask                               0x0800389d   Thumb Code   134  os_tmr.o(i.OS_TmrTask)
    OS_TmrUnlink                             0x08003931   Thumb Code    58  os_tmr.o(i.OS_TmrUnlink)
    Stm32_Clock_Init                         0x08003989   Thumb Code   178  sys.o(i.Stm32_Clock_Init)
    SysTick_Handler                          0x08003a45   Thumb Code    20  stm32f4xx_it.o(i.SysTick_Handler)
    SystemInit                               0x08003a59   Thumb Code    82  system_stm32f4xx.o(i.SystemInit)
    UsageFault_Handler                       0x08003abd   Thumb Code     4  stm32f4xx_it.o(i.UsageFault_Handler)
    main                                     0x08003af9   Thumb Code    82  main.o(i.main)
    systick_init                             0x08003b69   Thumb Code    46  main.o(i.systick_init)
    _fp_init                                 0x08003b97   Thumb Code    10  fpinit.o(x$fpl$fpinit)
    __fplib_config_fpu_vfp                   0x08003b9f   Thumb Code     0  fpinit.o(x$fpl$fpinit)
    __fplib_config_pureend_doubles           0x08003b9f   Thumb Code     0  fpinit.o(x$fpl$fpinit)
    AHBPrescTable                            0x08003ba0   Data          16  system_stm32f4xx.o(.constdata)
    APBPrescTable                            0x08003bb0   Data           8  system_stm32f4xx.o(.constdata)
    OSCfg_IdleTaskStkBasePtr                 0x08003bb8   Data           4  os_cfg_app.o(.constdata)
    OSCfg_IdleTaskStkLimit                   0x08003bbc   Data           4  os_cfg_app.o(.constdata)
    OSCfg_IdleTaskStkSize                    0x08003bc0   Data           4  os_cfg_app.o(.constdata)
    OSCfg_IdleTaskStkSizeRAM                 0x08003bc4   Data           4  os_cfg_app.o(.constdata)
    OSCfg_IntQBasePtr                        0x08003bc8   Data           4  os_cfg_app.o(.constdata)
    OSCfg_IntQSize                           0x08003bcc   Data           2  os_cfg_app.o(.constdata)
    OSCfg_IntQSizeRAM                        0x08003bd0   Data           4  os_cfg_app.o(.constdata)
    OSCfg_IntQTaskStkBasePtr                 0x08003bd4   Data           4  os_cfg_app.o(.constdata)
    OSCfg_IntQTaskStkLimit                   0x08003bd8   Data           4  os_cfg_app.o(.constdata)
    OSCfg_IntQTaskStkSize                    0x08003bdc   Data           4  os_cfg_app.o(.constdata)
    OSCfg_IntQTaskStkSizeRAM                 0x08003be0   Data           4  os_cfg_app.o(.constdata)
    OSCfg_ISRStkBasePtr                      0x08003be4   Data           4  os_cfg_app.o(.constdata)
    OSCfg_ISRStkSize                         0x08003be8   Data           4  os_cfg_app.o(.constdata)
    OSCfg_ISRStkSizeRAM                      0x08003bec   Data           4  os_cfg_app.o(.constdata)
    OSCfg_MsgPoolSize                        0x08003bf0   Data           2  os_cfg_app.o(.constdata)
    OSCfg_MsgPoolSizeRAM                     0x08003bf4   Data           4  os_cfg_app.o(.constdata)
    OSCfg_MsgPoolBasePtr                     0x08003bf8   Data           4  os_cfg_app.o(.constdata)
    OSCfg_StatTaskPrio                       0x08003bfc   Data           1  os_cfg_app.o(.constdata)
    OSCfg_StatTaskRate_Hz                    0x08003c00   Data           4  os_cfg_app.o(.constdata)
    OSCfg_StatTaskStkBasePtr                 0x08003c04   Data           4  os_cfg_app.o(.constdata)
    OSCfg_StatTaskStkLimit                   0x08003c08   Data           4  os_cfg_app.o(.constdata)
    OSCfg_StatTaskStkSize                    0x08003c0c   Data           4  os_cfg_app.o(.constdata)
    OSCfg_StatTaskStkSizeRAM                 0x08003c10   Data           4  os_cfg_app.o(.constdata)
    OSCfg_StkSizeMin                         0x08003c14   Data           4  os_cfg_app.o(.constdata)
    OSCfg_TickRate_Hz                        0x08003c18   Data           4  os_cfg_app.o(.constdata)
    OSCfg_TickTaskPrio                       0x08003c1c   Data           1  os_cfg_app.o(.constdata)
    OSCfg_TickTaskStkBasePtr                 0x08003c20   Data           4  os_cfg_app.o(.constdata)
    OSCfg_TickTaskStkLimit                   0x08003c24   Data           4  os_cfg_app.o(.constdata)
    OSCfg_TickTaskStkSize                    0x08003c28   Data           4  os_cfg_app.o(.constdata)
    OSCfg_TickTaskStkSizeRAM                 0x08003c2c   Data           4  os_cfg_app.o(.constdata)
    OSCfg_TmrTaskPrio                        0x08003c30   Data           1  os_cfg_app.o(.constdata)
    OSCfg_TmrTaskRate_Hz                     0x08003c34   Data           4  os_cfg_app.o(.constdata)
    OSCfg_TmrTaskStkBasePtr                  0x08003c38   Data           4  os_cfg_app.o(.constdata)
    OSCfg_TmrTaskStkLimit                    0x08003c3c   Data           4  os_cfg_app.o(.constdata)
    OSCfg_TmrTaskStkSize                     0x08003c40   Data           4  os_cfg_app.o(.constdata)
    OSCfg_TmrTaskStkSizeRAM                  0x08003c44   Data           4  os_cfg_app.o(.constdata)
    OSCfg_DataSizeRAM                        0x08003c48   Data           4  os_cfg_app.o(.constdata)
    OSDbg_DbgEn                              0x08003c4c   Data           1  os_dbg.o(.constdata)
    OSDbg_ArgChkEn                           0x08003c4d   Data           1  os_dbg.o(.constdata)
    OSDbg_AppHooksEn                         0x08003c4e   Data           1  os_dbg.o(.constdata)
    OSDbg_EndiannessTest                     0x08003c50   Data           4  os_dbg.o(.constdata)
    OSDbg_CalledFromISRChkEn                 0x08003c54   Data           1  os_dbg.o(.constdata)
    OSDbg_FlagEn                             0x08003c55   Data           1  os_dbg.o(.constdata)
    OSDbg_FlagGrp                            0x08003c58   Data          40  os_dbg.o(.constdata)
    OSDbg_FlagDelEn                          0x08003c80   Data           1  os_dbg.o(.constdata)
    OSDbg_FlagModeClrEn                      0x08003c81   Data           1  os_dbg.o(.constdata)
    OSDbg_FlagPendAbortEn                    0x08003c82   Data           1  os_dbg.o(.constdata)
    OSDbg_FlagGrpSize                        0x08003c84   Data           2  os_dbg.o(.constdata)
    OSDbg_FlagWidth                          0x08003c86   Data           2  os_dbg.o(.constdata)
    OSDbg_IntQ                               0x08003c88   Data           2  os_dbg.o(.constdata)
    OSDbg_ISRPostDeferredEn                  0x08003c8a   Data           1  os_dbg.o(.constdata)
    OSDbg_Mem                                0x08003c8c   Data          32  os_dbg.o(.constdata)
    OSDbg_MemEn                              0x08003cac   Data           1  os_dbg.o(.constdata)
    OSDbg_MemSize                            0x08003cae   Data           2  os_dbg.o(.constdata)
    OSDbg_MsgEn                              0x08003cb0   Data           1  os_dbg.o(.constdata)
    OSDbg_MsgSize                            0x08003cb2   Data           2  os_dbg.o(.constdata)
    OSDbg_MsgPoolSize                        0x08003cb4   Data           2  os_dbg.o(.constdata)
    OSDbg_MsgQSize                           0x08003cb6   Data           2  os_dbg.o(.constdata)
    OSDbg_Mutex                              0x08003cb8   Data          48  os_dbg.o(.constdata)
    OSDbg_MutexEn                            0x08003ce8   Data           1  os_dbg.o(.constdata)
    OSDbg_MutexDelEn                         0x08003ce9   Data           1  os_dbg.o(.constdata)
    OSDbg_MutexPendAbortEn                   0x08003cea   Data           1  os_dbg.o(.constdata)
    OSDbg_MutexSize                          0x08003cec   Data           2  os_dbg.o(.constdata)
    OSDbg_ObjTypeChkEn                       0x08003cee   Data           1  os_dbg.o(.constdata)
    OSDbg_PendMultiEn                        0x08003cef   Data           1  os_dbg.o(.constdata)
    OSDbg_PendDataSize                       0x08003cf0   Data           2  os_dbg.o(.constdata)
    OSDbg_PendListSize                       0x08003cf2   Data           2  os_dbg.o(.constdata)
    OSDbg_PendObjSize                        0x08003cf4   Data           2  os_dbg.o(.constdata)
    OSDbg_PrioMax                            0x08003cf6   Data           2  os_dbg.o(.constdata)
    OSDbg_PrioTblSize                        0x08003cf8   Data           2  os_dbg.o(.constdata)
    OSDbg_PtrSize                            0x08003cfa   Data           2  os_dbg.o(.constdata)
    OSDbg_Q                                  0x08003cfc   Data          48  os_dbg.o(.constdata)
    OSDbg_QEn                                0x08003d2c   Data           1  os_dbg.o(.constdata)
    OSDbg_QDelEn                             0x08003d2d   Data           1  os_dbg.o(.constdata)
    OSDbg_QFlushEn                           0x08003d2e   Data           1  os_dbg.o(.constdata)
    OSDbg_QPendAbortEn                       0x08003d2f   Data           1  os_dbg.o(.constdata)
    OSDbg_QSize                              0x08003d30   Data           2  os_dbg.o(.constdata)
    OSDbg_SchedRoundRobinEn                  0x08003d32   Data           1  os_dbg.o(.constdata)
    OSDbg_Sem                                0x08003d34   Data          40  os_dbg.o(.constdata)
    OSDbg_SemEn                              0x08003d5c   Data           1  os_dbg.o(.constdata)
    OSDbg_SemDelEn                           0x08003d5d   Data           1  os_dbg.o(.constdata)
    OSDbg_SemPendAbortEn                     0x08003d5e   Data           1  os_dbg.o(.constdata)
    OSDbg_SemSetEn                           0x08003d5f   Data           1  os_dbg.o(.constdata)
    OSDbg_SemSize                            0x08003d60   Data           2  os_dbg.o(.constdata)
    OSDbg_RdyList                            0x08003d62   Data           2  os_dbg.o(.constdata)
    OSDbg_RdyListSize                        0x08003d64   Data           4  os_dbg.o(.constdata)
    OSDbg_StkWidth                           0x08003d68   Data           1  os_dbg.o(.constdata)
    OSDbg_StatTaskEn                         0x08003d69   Data           1  os_dbg.o(.constdata)
    OSDbg_StatTaskStkChkEn                   0x08003d6a   Data           1  os_dbg.o(.constdata)
    OSDbg_TaskChangePrioEn                   0x08003d6b   Data           1  os_dbg.o(.constdata)
    OSDbg_TaskDelEn                          0x08003d6c   Data           1  os_dbg.o(.constdata)
    OSDbg_TaskQEn                            0x08003d6d   Data           1  os_dbg.o(.constdata)
    OSDbg_TaskQPendAbortEn                   0x08003d6e   Data           1  os_dbg.o(.constdata)
    OSDbg_TaskProfileEn                      0x08003d6f   Data           1  os_dbg.o(.constdata)
    OSDbg_TaskRegTblSize                     0x08003d70   Data           2  os_dbg.o(.constdata)
    OSDbg_TaskSemPendAbortEn                 0x08003d72   Data           1  os_dbg.o(.constdata)
    OSDbg_TaskSuspendEn                      0x08003d73   Data           1  os_dbg.o(.constdata)
    OSDbg_TCBSize                            0x08003d74   Data           2  os_dbg.o(.constdata)
    OSDbg_TickListSize                       0x08003d76   Data           2  os_dbg.o(.constdata)
    OSDbg_TimeDlyHMSMEn                      0x08003d78   Data           1  os_dbg.o(.constdata)
    OSDbg_TimeDlyResumeEn                    0x08003d79   Data           1  os_dbg.o(.constdata)
    OSDbg_TLS_TblSize                        0x08003d7a   Data           2  os_dbg.o(.constdata)
    OSDbg_Tmr                                0x08003d7c   Data          48  os_dbg.o(.constdata)
    OSDbg_TmrEn                              0x08003dac   Data           1  os_dbg.o(.constdata)
    OSDbg_TmrDelEn                           0x08003dad   Data           1  os_dbg.o(.constdata)
    OSDbg_TmrSize                            0x08003dae   Data           2  os_dbg.o(.constdata)
    OSDbg_VersionNbr                         0x08003db0   Data           2  os_dbg.o(.constdata)
    OSDbg_DataSize                           0x08003db4   Data           4  os_dbg.o(.constdata)
    Region$$Table$$Base                      0x08003db8   Number         0  anon$$obj.o(Region$$Table)
    Region$$Table$$Limit                     0x08003dd8   Number         0  anon$$obj.o(Region$$Table)
    uwTick                                   0x20000000   Data           4  stm32f4xx_hal.o(.data)
    uwTickPrio                               0x20000004   Data           4  stm32f4xx_hal.o(.data)
    uwTickFreq                               0x20000008   Data           1  stm32f4xx_hal.o(.data)
    SystemCoreClock                          0x2000000c   Data           4  system_stm32f4xx.o(.data)
    CPU_TS_TmrFreq_Hz                        0x20000010   Data           4  cpu_core.o(.data)
    Mem_SegHeadPtr                           0x20000014   Data           4  lib_mem.o(.data)
    OSPrioTbl                                0x20000018   Data           8  os_prio.o(.data)
    OS_AppTaskCreateHookPtr                  0x20000020   Data           4  os_var.o(.data)
    OS_AppTaskDelHookPtr                     0x20000024   Data           4  os_var.o(.data)
    OS_AppTaskReturnHookPtr                  0x20000028   Data           4  os_var.o(.data)
    OS_AppIdleTaskHookPtr                    0x2000002c   Data           4  os_var.o(.data)
    OS_AppStatTaskHookPtr                    0x20000030   Data           4  os_var.o(.data)
    OS_AppTaskSwHookPtr                      0x20000034   Data           4  os_var.o(.data)
    OS_AppTimeTickHookPtr                    0x20000038   Data           4  os_var.o(.data)
    OSIdleTaskCtr                            0x2000003c   Data           4  os_var.o(.data)
    OSIntNestingCtr                          0x20000040   Data           1  os_var.o(.data)
    OSRunning                                0x20000041   Data           1  os_var.o(.data)
    OSFlagDbgListPtr                         0x20000044   Data           4  os_var.o(.data)
    OSFlagQty                                0x20000048   Data           2  os_var.o(.data)
    OSMemDbgListPtr                          0x2000004c   Data           4  os_var.o(.data)
    OSMemQty                                 0x20000050   Data           2  os_var.o(.data)
    OSMutexDbgListPtr                        0x20000054   Data           4  os_var.o(.data)
    OSMutexQty                               0x20000058   Data           2  os_var.o(.data)
    OSPrioCur                                0x2000005a   Data           1  os_var.o(.data)
    OSPrioHighRdy                            0x2000005b   Data           1  os_var.o(.data)
    OSPrioSaved                              0x2000005c   Data           1  os_var.o(.data)
    OSQDbgListPtr                            0x20000060   Data           4  os_var.o(.data)
    OSQQty                                   0x20000064   Data           2  os_var.o(.data)
    OSSchedLockTimeBegin                     0x20000068   Data           4  os_var.o(.data)
    OSSchedLockTimeMax                       0x2000006c   Data           4  os_var.o(.data)
    OSSchedLockTimeMaxCur                    0x20000070   Data           4  os_var.o(.data)
    OSSchedLockNestingCtr                    0x20000074   Data           1  os_var.o(.data)
    OSSemDbgListPtr                          0x20000078   Data           4  os_var.o(.data)
    OSSemQty                                 0x2000007c   Data           2  os_var.o(.data)
    OSTaskCtxSwCtr                           0x20000080   Data           4  os_var.o(.data)
    OSTaskDbgListPtr                         0x20000084   Data           4  os_var.o(.data)
    OSTaskQty                                0x20000088   Data           2  os_var.o(.data)
    OSTaskRegNextAvailID                     0x2000008a   Data           1  os_var.o(.data)
    OSTickCtr                                0x2000008c   Data           4  os_var.o(.data)
    OSTickTaskTimeMax                        0x20000090   Data           4  os_var.o(.data)
    OSTickListDly                            0x20000094   Data           8  os_var.o(.data)
    OSTickListTimeout                        0x2000009c   Data           8  os_var.o(.data)
    OSTmrDbgListPtr                          0x200000a4   Data           4  os_var.o(.data)
    OSTmrListEntries                         0x200000a8   Data           2  os_var.o(.data)
    OSTmrListPtr                             0x200000ac   Data           4  os_var.o(.data)
    OSTmrQty                                 0x200000b0   Data           2  os_var.o(.data)
    OSTmrTaskTimeMax                         0x200000b4   Data           4  os_var.o(.data)
    OSTmrTickCtr                             0x200000b8   Data           4  os_var.o(.data)
    OSTmrUpdateCnt                           0x200000bc   Data           4  os_var.o(.data)
    OSTmrUpdateCtr                           0x200000c0   Data           4  os_var.o(.data)
    OSTCBCurPtr                              0x200000c4   Data           4  os_var.o(.data)
    OSTCBHighRdyPtr                          0x200000c8   Data           4  os_var.o(.data)
    OS_CPU_ExceptStkBase                     0x200000cc   Data           4  os_cpu_c.o(.data)
    CPU_Name                                 0x20001dd0   Data          16  cpu_core.o(.bss)
    Mem_Heap                                 0x20001de0   Data        3072  lib_mem.o(.bss)
    Mem_SegHeap                              0x200029e0   Data          20  lib_mem.o(.bss)
    OSCfg_IdleTaskStk                        0x200029f4   Data         256  os_cfg_app.o(.bss)
    OSCfg_ISRStk                             0x20002af4   Data         400  os_cfg_app.o(.bss)
    OSCfg_MsgPool                            0x20002c84   Data        1600  os_cfg_app.o(.bss)
    OSCfg_TickTaskStk                        0x200032c4   Data         400  os_cfg_app.o(.bss)
    OSCfg_TmrTaskStk                         0x20003454   Data         400  os_cfg_app.o(.bss)
    OSIdleTaskTCB                            0x200035e4   Data         192  os_var.o(.bss)
    OSMsgPool                                0x200036a4   Data          12  os_var.o(.bss)
    OSRdyList                                0x200036b0   Data         768  os_var.o(.bss)
    OSTickTaskTCB                            0x200039b0   Data         192  os_var.o(.bss)
    OSTmrMutex                               0x20003a70   Data          48  os_var.o(.bss)
    OSTmrTaskTCB                             0x20003aa0   Data         192  os_var.o(.bss)
    __libspace_start                         0x20003b60   Data          96  libspace.o(.bss)
    __temporary_stack_top$libspace           0x20003bc0   Data           0  libspace.o(.bss)



==============================================================================

Memory Map of the image

  Image Entry point : 0x080001ad

  Load Region LR_IROM1 (Base: 0x08000000, Size: 0x00003ea8, Max: 0x00100000, ABSOLUTE)

    Execution Region ER_IROM1 (Exec base: 0x08000000, Load base: 0x08000000, Size: 0x00003dd8, Max: 0x00100000, ABSOLUTE)

    Exec Addr    Load Addr    Size         Type   Attr      Idx    E Section Name        Object

    0x08000000   0x08000000   0x000001ac   Data   RO            3    RESET               startup_stm32f429xx.o
    0x080001ac   0x080001ac   0x00000008   Code   RO         4803  * !!!main             c_w.l(__main.o)
    0x080001b4   0x080001b4   0x00000034   Code   RO         4970    !!!scatter          c_w.l(__scatter.o)
    0x080001e8   0x080001e8   0x0000001a   Code   RO         4972    !!handler_copy      c_w.l(__scatter_copy.o)
    0x08000202   0x08000202   0x00000002   PAD
    0x08000204   0x08000204   0x0000001c   Code   RO         4974    !!handler_zi        c_w.l(__scatter_zi.o)
    0x08000220   0x08000220   0x00000002   Code   RO         4840    .ARM.Collect$$libinit$$00000000  c_w.l(libinit.o)
    0x08000222   0x08000222   0x00000004   Code   RO         4852    .ARM.Collect$$libinit$$00000001  c_w.l(libinit2.o)
    0x08000226   0x08000226   0x00000000   Code   RO         4855    .ARM.Collect$$libinit$$00000004  c_w.l(libinit2.o)
    0x08000226   0x08000226   0x00000000   Code   RO         4858    .ARM.Collect$$libinit$$0000000A  c_w.l(libinit2.o)
    0x08000226   0x08000226   0x00000000   Code   RO         4860    .ARM.Collect$$libinit$$0000000C  c_w.l(libinit2.o)
    0x08000226   0x08000226   0x00000000   Code   RO         4862    .ARM.Collect$$libinit$$0000000E  c_w.l(libinit2.o)
    0x08000226   0x08000226   0x00000000   Code   RO         4865    .ARM.Collect$$libinit$$00000011  c_w.l(libinit2.o)
    0x08000226   0x08000226   0x00000000   Code   RO         4867    .ARM.Collect$$libinit$$00000013  c_w.l(libinit2.o)
    0x08000226   0x08000226   0x00000000   Code   RO         4869    .ARM.Collect$$libinit$$00000015  c_w.l(libinit2.o)
    0x08000226   0x08000226   0x00000000   Code   RO         4871    .ARM.Collect$$libinit$$00000017  c_w.l(libinit2.o)
    0x08000226   0x08000226   0x00000000   Code   RO         4873    .ARM.Collect$$libinit$$00000019  c_w.l(libinit2.o)
    0x08000226   0x08000226   0x00000000   Code   RO         4875    .ARM.Collect$$libinit$$0000001B  c_w.l(libinit2.o)
    0x08000226   0x08000226   0x00000000   Code   RO         4877    .ARM.Collect$$libinit$$0000001D  c_w.l(libinit2.o)
    0x08000226   0x08000226   0x00000000   Code   RO         4879    .ARM.Collect$$libinit$$0000001F  c_w.l(libinit2.o)
    0x08000226   0x08000226   0x00000000   Code   RO         4881    .ARM.Collect$$libinit$$00000021  c_w.l(libinit2.o)
    0x08000226   0x08000226   0x00000000   Code   RO         4883    .ARM.Collect$$libinit$$00000023  c_w.l(libinit2.o)
    0x08000226   0x08000226   0x00000000   Code   RO         4885    .ARM.Collect$$libinit$$00000025  c_w.l(libinit2.o)
    0x08000226   0x08000226   0x00000000   Code   RO         4889    .ARM.Collect$$libinit$$0000002C  c_w.l(libinit2.o)
    0x08000226   0x08000226   0x00000000   Code   RO         4891    .ARM.Collect$$libinit$$0000002E  c_w.l(libinit2.o)
    0x08000226   0x08000226   0x00000000   Code   RO         4893    .ARM.Collect$$libinit$$00000030  c_w.l(libinit2.o)
    0x08000226   0x08000226   0x00000000   Code   RO         4895    .ARM.Collect$$libinit$$00000032  c_w.l(libinit2.o)
    0x08000226   0x08000226   0x00000002   Code   RO         4896    .ARM.Collect$$libinit$$00000033  c_w.l(libinit2.o)
    0x08000228   0x08000228   0x00000002   Code   RO         4927    .ARM.Collect$$libshutdown$$00000000  c_w.l(libshutdown.o)
    0x0800022a   0x0800022a   0x00000000   Code   RO         4953    .ARM.Collect$$libshutdown$$00000002  c_w.l(libshutdown2.o)
    0x0800022a   0x0800022a   0x00000000   Code   RO         4955    .ARM.Collect$$libshutdown$$00000004  c_w.l(libshutdown2.o)
    0x0800022a   0x0800022a   0x00000000   Code   RO         4958    .ARM.Collect$$libshutdown$$00000007  c_w.l(libshutdown2.o)
    0x0800022a   0x0800022a   0x00000000   Code   RO         4961    .ARM.Collect$$libshutdown$$0000000A  c_w.l(libshutdown2.o)
    0x0800022a   0x0800022a   0x00000000   Code   RO         4963    .ARM.Collect$$libshutdown$$0000000C  c_w.l(libshutdown2.o)
    0x0800022a   0x0800022a   0x00000000   Code   RO         4966    .ARM.Collect$$libshutdown$$0000000F  c_w.l(libshutdown2.o)
    0x0800022a   0x0800022a   0x00000002   Code   RO         4967    .ARM.Collect$$libshutdown$$00000010  c_w.l(libshutdown2.o)
    0x0800022c   0x0800022c   0x00000000   Code   RO         4805    .ARM.Collect$$rtentry$$00000000  c_w.l(__rtentry.o)
    0x0800022c   0x0800022c   0x00000000   Code   RO         4811    .ARM.Collect$$rtentry$$00000002  c_w.l(__rtentry2.o)
    0x0800022c   0x0800022c   0x00000006   Code   RO         4823    .ARM.Collect$$rtentry$$00000004  c_w.l(__rtentry4.o)
    0x08000232   0x08000232   0x00000000   Code   RO         4813    .ARM.Collect$$rtentry$$00000009  c_w.l(__rtentry2.o)
    0x08000232   0x08000232   0x00000004   Code   RO         4814    .ARM.Collect$$rtentry$$0000000A  c_w.l(__rtentry2.o)
    0x08000236   0x08000236   0x00000000   Code   RO         4816    .ARM.Collect$$rtentry$$0000000C  c_w.l(__rtentry2.o)
    0x08000236   0x08000236   0x00000008   Code   RO         4817    .ARM.Collect$$rtentry$$0000000D  c_w.l(__rtentry2.o)
    0x0800023e   0x0800023e   0x00000002   Code   RO         4844    .ARM.Collect$$rtexit$$00000000  c_w.l(rtexit.o)
    0x08000240   0x08000240   0x00000000   Code   RO         4900    .ARM.Collect$$rtexit$$00000002  c_w.l(rtexit2.o)
    0x08000240   0x08000240   0x00000004   Code   RO         4901    .ARM.Collect$$rtexit$$00000003  c_w.l(rtexit2.o)
    0x08000244   0x08000244   0x00000006   Code   RO         4902    .ARM.Collect$$rtexit$$00000004  c_w.l(rtexit2.o)
    0x0800024a   0x0800024a   0x00000002   PAD
    0x0800024c   0x0800024c   0x00000040   Code   RO            4    .text               startup_stm32f429xx.o
    0x0800028c   0x0800028c   0x00000034   Code   RO         3159    .text               cpu_a.o
    0x080002c0   0x080002c0   0x0000010c   Code   RO         4716    .text               os_cpu_a.o
    0x080003cc   0x080003cc   0x000000ee   Code   RO         4799    .text               c_w.l(lludivv7m.o)
    0x080004ba   0x080004ba   0x00000006   Code   RO         4801    .text               c_w.l(heapauxi.o)
    0x080004c0   0x080004c0   0x0000004a   Code   RO         4827    .text               c_w.l(sys_stackheap_outer.o)
    0x0800050a   0x0800050a   0x00000012   Code   RO         4829    .text               c_w.l(exit.o)
    0x0800051c   0x0800051c   0x00000008   Code   RO         4841    .text               c_w.l(libspace.o)
    0x08000524   0x08000524   0x0000000c   Code   RO         4897    .text               c_w.l(sys_exit.o)
    0x08000530   0x08000530   0x00000002   Code   RO         4916    .text               c_w.l(use_no_semi.o)
    0x08000532   0x08000532   0x00000000   Code   RO         4918    .text               c_w.l(indicate_semi.o)
    0x08000532   0x08000532   0x00000002   PAD
    0x08000534   0x08000534   0x00000070   Code   RO         2589    i.AppStart_Task     main.o
    0x080005a4   0x080005a4   0x0000000c   Code   RO         2910    i.BSP_CPU_ClkFreq   bsp.o
    0x080005b0   0x080005b0   0x00000008   Code   RO         2911    i.BSP_Init          bsp.o
    0x080005b8   0x080005b8   0x00000004   Code   RO         2720    i.BusFault_Handler  stm32f4xx_it.o
    0x080005bc   0x080005bc   0x0000000c   Code   RO         2993    i.CPU_Init          cpu_core.o
    0x080005c8   0x080005c8   0x00000030   Code   RO         2994    i.CPU_NameClr       cpu_core.o
    0x080005f8   0x080005f8   0x00000008   Code   RO         2996    i.CPU_NameInit      cpu_core.o
    0x08000600   0x08000600   0x00000004   Code   RO         2998    i.CPU_SW_Exception  cpu_core.o
    0x08000604   0x08000604   0x00000014   Code   RO         3000    i.CPU_TS_Init       cpu_core.o
    0x08000618   0x08000618   0x0000000c   Code   RO         3002    i.CPU_TS_TmrFreqSet  cpu_core.o
    0x08000624   0x08000624   0x00000034   Code   RO         2914    i.CPU_TS_TmrInit    bsp.o
    0x08000658   0x08000658   0x0000000c   Code   RO         2915    i.CPU_TS_TmrRd      bsp.o
    0x08000664   0x08000664   0x00000002   Code   RO         2721    i.DebugMon_Handler  stm32f4xx_it.o
    0x08000666   0x08000666   0x00000002   PAD
    0x08000668   0x08000668   0x0000021c   Code   RO          731    i.HAL_GPIO_Init     stm32f4xx_hal_gpio.o
    0x08000884   0x08000884   0x0000000c   Code   RO          735    i.HAL_GPIO_WritePin  stm32f4xx_hal_gpio.o
    0x08000890   0x08000890   0x0000000c   Code   RO           28    i.HAL_GetTick       stm32f4xx_hal.o
    0x0800089c   0x0800089c   0x00000018   Code   RO           34    i.HAL_IncTick       stm32f4xx_hal.o
    0x080008b4   0x080008b4   0x0000004c   Code   RO           36    i.HAL_InitTick      stm32f4xx_hal.o
    0x08000900   0x08000900   0x0000007c   Code   RO          309    i.HAL_NVIC_SetPriority  stm32f4xx_hal_cortex.o
    0x0800097c   0x0800097c   0x0000008c   Code   RO          920    i.HAL_PWREx_EnableOverDrive  stm32f4xx_hal_pwr_ex.o
    0x08000a08   0x08000a08   0x00000184   Code   RO          987    i.HAL_RCC_ClockConfig  stm32f4xx_hal_rcc.o
    0x08000b8c   0x08000b8c   0x000000b0   Code   RO          996    i.HAL_RCC_GetSysClockFreq  stm32f4xx_hal_rcc.o
    0x08000c3c   0x08000c3c   0x00000488   Code   RO          999    i.HAL_RCC_OscConfig  stm32f4xx_hal_rcc.o
    0x080010c4   0x080010c4   0x00000034   Code   RO          314    i.HAL_SYSTICK_Config  stm32f4xx_hal_cortex.o
    0x080010f8   0x080010f8   0x00000004   Code   RO         2722    i.HardFault_Handler  stm32f4xx_it.o
    0x080010fc   0x080010fc   0x00000068   Code   RO         2820    i.LED_Init          led.o
    0x08001164   0x08001164   0x00000028   Code   RO         2590    i.Led1_Task         main.o
    0x0800118c   0x0800118c   0x00000004   Code   RO         2723    i.MemManage_Handler  stm32f4xx_it.o
    0x08001190   0x08001190   0x00000012   Code   RO         3315    i.Mem_Clr           lib_mem.o
    0x080011a2   0x080011a2   0x00000002   PAD
    0x080011a4   0x080011a4   0x0000004c   Code   RO         3325    i.Mem_Init          lib_mem.o
    0x080011f0   0x080011f0   0x0000004a   Code   RO         3338    i.Mem_SegCreate     lib_mem.o
    0x0800123a   0x0800123a   0x00000002   PAD
    0x0800123c   0x0800123c   0x00000020   Code   RO         3339    i.Mem_SegCreateCritical  lib_mem.o
    0x0800125c   0x0800125c   0x00000054   Code   RO         3342    i.Mem_Set           lib_mem.o
    0x080012b0   0x080012b0   0x00000002   Code   RO         2724    i.NMI_Handler       stm32f4xx_it.o
    0x080012b2   0x080012b2   0x00000002   Code   RO         3650    i.OSCfg_Init        os_cfg_app.o
    0x080012b4   0x080012b4   0x00000014   Code   RO         4719    i.OSIdleTaskHook    os_cpu_c.o
    0x080012c8   0x080012c8   0x00000158   Code   RO         3676    i.OSInit            os_core.o
    0x08001420   0x08001420   0x00000028   Code   RO         4720    i.OSInitHook        os_cpu_c.o
    0x08001448   0x08001448   0x0000002c   Code   RO         3677    i.OSIntEnter        os_core.o
    0x08001474   0x08001474   0x000000dc   Code   RO         3678    i.OSIntExit         os_core.o
    0x08001550   0x08001550   0x00000070   Code   RO         4069    i.OSMutexCreate     os_mutex.o
    0x080015c0   0x080015c0   0x000001d0   Code   RO         4071    i.OSMutexPend       os_mutex.o
    0x08001790   0x08001790   0x0000018c   Code   RO         4073    i.OSMutexPost       os_mutex.o
    0x0800191c   0x0800191c   0x000000a4   Code   RO         3679    i.OSSched           os_core.o
    0x080019c0   0x080019c0   0x00000060   Code   RO         3680    i.OSSchedLock       os_core.o
    0x08001a20   0x08001a20   0x00000080   Code   RO         3681    i.OSSchedUnlock     os_core.o
    0x08001aa0   0x08001aa0   0x00000068   Code   RO         3682    i.OSStart           os_core.o
    0x08001b08   0x08001b08   0x00000190   Code   RO         4347    i.OSTaskCreate      os_task.o
    0x08001c98   0x08001c98   0x00000018   Code   RO         4722    i.OSTaskCreateHook  os_cpu_c.o
    0x08001cb0   0x08001cb0   0x00000188   Code   RO         4348    i.OSTaskDel         os_task.o
    0x08001e38   0x08001e38   0x00000018   Code   RO         4723    i.OSTaskDelHook     os_cpu_c.o
    0x08001e50   0x08001e50   0x00000018   Code   RO         4724    i.OSTaskReturnHook  os_cpu_c.o
    0x08001e68   0x08001e68   0x000001c8   Code   RO         4357    i.OSTaskSemPend     os_task.o
    0x08002030   0x08002030   0x0000003e   Code   RO         4359    i.OSTaskSemPost     os_task.o
    0x0800206e   0x0800206e   0x00000002   PAD
    0x08002070   0x08002070   0x000002c4   Code   RO         4725    i.OSTaskStkInit     os_cpu_c.o
    0x08002334   0x08002334   0x000000b8   Code   RO         4726    i.OSTaskSwHook      os_cpu_c.o
    0x080023ec   0x080023ec   0x000000a4   Code   RO         4566    i.OSTimeDly         os_time.o
    0x08002490   0x08002490   0x00000044   Code   RO         4571    i.OSTimeTick        os_time.o
    0x080024d4   0x080024d4   0x00000014   Code   RO         4727    i.OSTimeTickHook    os_cpu_c.o
    0x080024e8   0x080024e8   0x000001a8   Code   RO         3892    i.OS_Dbg_Init       os_dbg.o
    0x08002690   0x08002690   0x00000018   Code   RO         3917    i.OS_FlagInit       os_flag.o
    0x080026a8   0x080026a8   0x00000034   Code   RO         3684    i.OS_IdleTask       os_core.o
    0x080026dc   0x080026dc   0x00000070   Code   RO         3685    i.OS_IdleTaskInit   os_core.o
    0x0800274c   0x0800274c   0x00000018   Code   RO         4001    i.OS_MemInit        os_mem.o
    0x08002764   0x08002764   0x0000007c   Code   RO         4033    i.OS_MsgPoolInit    os_msg.o
    0x080027e0   0x080027e0   0x00000044   Code   RO         4034    i.OS_MsgQFreeAll    os_msg.o
    0x08002824   0x08002824   0x0000000e   Code   RO         4036    i.OS_MsgQInit       os_msg.o
    0x08002832   0x08002832   0x00000002   PAD
    0x08002834   0x08002834   0x00000030   Code   RO         4075    i.OS_MutexDbgListAdd  os_mutex.o
    0x08002864   0x08002864   0x00000008   Code   RO         4077    i.OS_MutexGrpAdd    os_mutex.o
    0x0800286c   0x0800286c   0x00000060   Code   RO         4078    i.OS_MutexGrpPostAll  os_mutex.o
    0x080028cc   0x080028cc   0x0000002c   Code   RO         4079    i.OS_MutexGrpPrioFindHighest  os_mutex.o
    0x080028f8   0x080028f8   0x0000001c   Code   RO         4080    i.OS_MutexGrpRemove  os_mutex.o
    0x08002914   0x08002914   0x00000018   Code   RO         4081    i.OS_MutexInit      os_mutex.o
    0x0800292c   0x0800292c   0x00000068   Code   RO         3686    i.OS_Pend           os_core.o
    0x08002994   0x08002994   0x00000028   Code   RO         3689    i.OS_PendDataInit   os_core.o
    0x080029bc   0x080029bc   0x0000005c   Code   RO         3690    i.OS_PendDbgNameAdd  os_core.o
    0x08002a18   0x08002a18   0x00000024   Code   RO         3691    i.OS_PendDbgNameRemove  os_core.o
    0x08002a3c   0x08002a3c   0x0000003a   Code   RO         3692    i.OS_PendListChangePrio  os_core.o
    0x08002a76   0x08002a76   0x0000000a   Code   RO         3693    i.OS_PendListInit   os_core.o
    0x08002a80   0x08002a80   0x00000066   Code   RO         3695    i.OS_PendListInsertPrio  os_core.o
    0x08002ae6   0x08002ae6   0x00000034   Code   RO         3696    i.OS_PendListRemove  os_core.o
    0x08002b1a   0x08002b1a   0x00000042   Code   RO         3697    i.OS_PendListRemove1  os_core.o
    0x08002b5c   0x08002b5c   0x000000d6   Code   RO         3700    i.OS_Post           os_core.o
    0x08002c32   0x08002c32   0x0000002c   Code   RO         3701    i.OS_Post1          os_core.o
    0x08002c5e   0x08002c5e   0x00000002   PAD
    0x08002c60   0x08002c60   0x00000028   Code   RO         4159    i.OS_PrioGetHighest  os_prio.o
    0x08002c88   0x08002c88   0x00000018   Code   RO         4160    i.OS_PrioInit       os_prio.o
    0x08002ca0   0x08002ca0   0x00000024   Code   RO         4161    i.OS_PrioInsert     os_prio.o
    0x08002cc4   0x08002cc4   0x00000024   Code   RO         4162    i.OS_PrioRemove     os_prio.o
    0x08002ce8   0x08002ce8   0x00000018   Code   RO         4205    i.OS_QInit          os_q.o
    0x08002d00   0x08002d00   0x00000024   Code   RO         3702    i.OS_RdyListInit    os_core.o
    0x08002d24   0x08002d24   0x0000002c   Code   RO         3703    i.OS_RdyListInsert  os_core.o
    0x08002d50   0x08002d50   0x00000040   Code   RO         3704    i.OS_RdyListInsertHead  os_core.o
    0x08002d90   0x08002d90   0x0000003c   Code   RO         3705    i.OS_RdyListInsertTail  os_core.o
    0x08002dcc   0x08002dcc   0x0000005c   Code   RO         3707    i.OS_RdyListRemove  os_core.o
    0x08002e28   0x08002e28   0x0000001c   Code   RO         3708    i.OS_SchedLockTimeMeasStart  os_core.o
    0x08002e44   0x08002e44   0x0000003c   Code   RO         3709    i.OS_SchedLockTimeMeasStop  os_core.o
    0x08002e80   0x08002e80   0x00000018   Code   RO         4277    i.OS_SemInit        os_sem.o
    0x08002e98   0x08002e98   0x0000002c   Code   RO         3710    i.OS_TaskBlock      os_core.o
    0x08002ec4   0x08002ec4   0x000000ec   Code   RO         4363    i.OS_TaskChangePrio  os_task.o
    0x08002fb0   0x08002fb0   0x00000030   Code   RO         4364    i.OS_TaskDbgListAdd  os_task.o
    0x08002fe0   0x08002fe0   0x00000044   Code   RO         4365    i.OS_TaskDbgListRemove  os_task.o
    0x08003024   0x08003024   0x00000020   Code   RO         4366    i.OS_TaskInit       os_task.o
    0x08003044   0x08003044   0x000000bc   Code   RO         4367    i.OS_TaskInitTCB    os_task.o
    0x08003100   0x08003100   0x00000018   Code   RO         4370    i.OS_TaskReturn     os_task.o
    0x08003118   0x08003118   0x000001c4   Code   RO         4371    i.OS_TaskSemPost    os_task.o
    0x080032dc   0x080032dc   0x00000086   Code   RO         4514    i.OS_TickListInsert  os_tick.o
    0x08003362   0x08003362   0x00000002   PAD
    0x08003364   0x08003364   0x000000bc   Code   RO         4515    i.OS_TickListInsertDly  os_tick.o
    0x08003420   0x08003420   0x00000058   Code   RO         4516    i.OS_TickListRemove  os_tick.o
    0x08003478   0x08003478   0x00000098   Code   RO         4518    i.OS_TickListUpdateDly  os_tick.o
    0x08003510   0x08003510   0x00000114   Code   RO         4519    i.OS_TickListUpdateTimeout  os_tick.o
    0x08003624   0x08003624   0x00000064   Code   RO         4520    i.OS_TickTask       os_tick.o
    0x08003688   0x08003688   0x000000c8   Code   RO         4521    i.OS_TickTaskInit   os_tick.o
    0x08003750   0x08003750   0x00000134   Code   RO         4617    i.OS_TmrInit        os_tmr.o
    0x08003884   0x08003884   0x00000018   Code   RO         4618    i.OS_TmrLock        os_tmr.o
    0x0800389c   0x0800389c   0x00000094   Code   RO         4620    i.OS_TmrTask        os_tmr.o
    0x08003930   0x08003930   0x00000044   Code   RO         4621    i.OS_TmrUnlink      os_tmr.o
    0x08003974   0x08003974   0x00000014   Code   RO         4622    i.OS_TmrUnlock      os_tmr.o
    0x08003988   0x08003988   0x000000bc   Code   RO         2845    i.Stm32_Clock_Init  sys.o
    0x08003a44   0x08003a44   0x00000014   Code   RO         2725    i.SysTick_Handler   stm32f4xx_it.o
    0x08003a58   0x08003a58   0x00000064   Code   RO         2784    i.SystemInit        system_stm32f4xx.o
    0x08003abc   0x08003abc   0x00000004   Code   RO         2726    i.UsageFault_Handler  stm32f4xx_it.o
    0x08003ac0   0x08003ac0   0x00000010   Code   RO          316    i.__NVIC_GetPriorityGrouping  stm32f4xx_hal_cortex.o
    0x08003ad0   0x08003ad0   0x00000028   Code   RO          317    i.__NVIC_SetPriority  stm32f4xx_hal_cortex.o
    0x08003af8   0x08003af8   0x00000070   Code   RO         2593    i.main              main.o
    0x08003b68   0x08003b68   0x0000002e   Code   RO         2595    i.systick_init      main.o
    0x08003b96   0x08003b96   0x0000000a   Code   RO         4912    x$fpl$fpinit        fz_wm.l(fpinit.o)
    0x08003ba0   0x08003ba0   0x00000018   Data   RO         2785    .constdata          system_stm32f4xx.o
    0x08003bb8   0x08003bb8   0x00000094   Data   RO         3652    .constdata          os_cfg_app.o
    0x08003c4c   0x08003c4c   0x0000016c   Data   RO         3893    .constdata          os_dbg.o
    0x08003db8   0x08003db8   0x00000020   Data   RO         4968    Region$$Table       anon$$obj.o


    Execution Region RW_IRAM1 (Exec base: 0x20000000, Load base: 0x08003dd8, Size: 0x000041c0, Max: 0x00030000, ABSOLUTE)

    Exec Addr    Load Addr    Size         Type   Attr      Idx    E Section Name        Object

    0x20000000   0x08003dd8   0x00000009   Data   RW           42    .data               stm32f4xx_hal.o
    0x20000009   0x08003de1   0x00000003   PAD
    0x2000000c   0x08003de4   0x00000004   Data   RW         2786    .data               system_stm32f4xx.o
    0x20000010   0x08003de8   0x00000004   Data   RW         3006    .data               cpu_core.o
    0x20000014   0x08003dec   0x00000004   Data   RW         3344    .data               lib_mem.o
    0x20000018   0x08003df0   0x00000008   Data   RW         4163    .data               os_prio.o
    0x20000020   0x08003df8   0x000000ac   Data   RW         4703    .data               os_var.o
    0x200000cc   0x08003ea4   0x00000004   Data   RW         4730    .data               os_cpu_c.o
    0x200000d0        -       0x00001d00   Zero   RW         2596    .bss                main.o
    0x20001dd0        -       0x00000010   Zero   RW         3004    .bss                cpu_core.o
    0x20001de0        -       0x00000c14   Zero   RW         3343    .bss                lib_mem.o
    0x200029f4        -       0x00000bf0   Zero   RW         3651    .bss                os_cfg_app.o
    0x200035e4        -       0x0000057c   Zero   RW         4702    .bss                os_var.o
    0x20003b60        -       0x00000060   Zero   RW         4842    .bss                c_w.l(libspace.o)
    0x20003bc0        -       0x00000200   Zero   RW            2    HEAP                startup_stm32f429xx.o
    0x20003dc0        -       0x00000400   Zero   RW            1    STACK               startup_stm32f429xx.o


==============================================================================

Image component sizes


      Code (inc. data)   RO Data    RW Data    ZI Data      Debug   Object Name

        84         14          0          0          0      11198   bsp.o
        52          0          0          0          0        340   cpu_a.o
       104         18          0          4         16       5172   cpu_core.o
       104         10          0          0          0        883   led.o
         0          0          0          0          0      11112   lib_ascii.o
       284         26          0          4       3092      15417   lib_mem.o
       310         70          0          0       7424      32160   main.o
         2          0        148          0       3056      19582   os_cfg_app.o
      2510        346          0          0          0      19998   os_core.o
       268         14          0          0          0        412   os_cpu_a.o
      1044        156          0          4          0       6503   os_cpu_c.o
       424        278        364          0          0       4817   os_dbg.o
        24         10          0          0          0        926   os_flag.o
        24         10          0          0          0        933   os_mem.o
       206         20          0          0          0       2472   os_msg.o
      1220         56          0          0          0       7503   os_mutex.o
       136         16          0          8          0       3050   os_prio.o
        24         10          0          0          0        923   os_q.o
        24         10          0          0          0        925   os_sem.o
      2358        128          0          0          0      10330   os_task.o
      1138         88          0          0          0       6119   os_tick.o
       232         26          0          0          0       1749   os_time.o
       568        142          0          0          0       3741   os_tmr.o
         0          0          0        172       1404      17391   os_var.o
        64         26        428          0       1536        896   startup_stm32f429xx.o
       112         26          0          9          0     701718   stm32f4xx_hal.o
       232         14          0          0          0      32907   stm32f4xx_hal_cortex.o
       552         54          0          0          0       2252   stm32f4xx_hal_gpio.o
       140         12          0          0          0       1228   stm32f4xx_hal_pwr_ex.o
      1724         58          0          0          0       3796   stm32f4xx_hal_rcc.o
        40          0          0          0          0       3451   stm32f4xx_it.o
       188         10          0          0          0       1263   sys.o
       100         18         24          4          0       1207   system_stm32f4xx.o

    ----------------------------------------------------------------------
     14306       1666        996        208      16528     932374   Object Totals
         0          0         32          0          0          0   (incl. Generated)
        14          0          0          3          0          0   (incl. Padding)

    ----------------------------------------------------------------------

      Code (inc. data)   RO Data    RW Data    ZI Data      Debug   Library Member Name

         8          0          0          0          0         68   __main.o
         0          0          0          0          0          0   __rtentry.o
        12          0          0          0          0          0   __rtentry2.o
         6          0          0          0          0          0   __rtentry4.o
        52          8          0          0          0          0   __scatter.o
        26          0          0          0          0          0   __scatter_copy.o
        28          0          0          0          0          0   __scatter_zi.o
        18          0          0          0          0         80   exit.o
         6          0          0          0          0        152   heapauxi.o
         0          0          0          0          0          0   indicate_semi.o
         2          0          0          0          0          0   libinit.o
         6          0          0          0          0          0   libinit2.o
         2          0          0          0          0          0   libshutdown.o
         2          0          0          0          0          0   libshutdown2.o
         8          4          0          0         96         68   libspace.o
       238          0          0          0          0        100   lludivv7m.o
         2          0          0          0          0          0   rtexit.o
        10          0          0          0          0          0   rtexit2.o
        12          4          0          0          0         68   sys_exit.o
        74          0          0          0          0         80   sys_stackheap_outer.o
         2          0          0          0          0         68   use_no_semi.o
        10          0          0          0          0        116   fpinit.o

    ----------------------------------------------------------------------
       530         16          0          0         96        800   Library Totals
         6          0          0          0          0          0   (incl. Padding)

    ----------------------------------------------------------------------

      Code (inc. data)   RO Data    RW Data    ZI Data      Debug   Library Name

       514         16          0          0         96        684   c_w.l
        10          0          0          0          0        116   fz_wm.l

    ----------------------------------------------------------------------
       530         16          0          0         96        800   Library Totals

    ----------------------------------------------------------------------

==============================================================================


      Code (inc. data)   RO Data    RW Data    ZI Data      Debug   

     14836       1682        996        208      16624     920966   Grand Totals
     14836       1682        996        208      16624     920966   ELF Image Totals
     14836       1682        996        208          0          0   ROM Totals

==============================================================================

    Total RO  Size (Code + RO Data)                15832 (  15.46kB)
    Total RW  Size (RW Data + ZI Data)             16832 (  16.44kB)
    Total ROM Size (Code + RO Data + RW Data)      16040 (  15.66kB)

==============================================================================

